Component: Arm Compiler for Embedded 6.23 Tool: armlink [5f102400]

==============================================================================

Section Cross References

    startup_at32f415.o(RESET) refers to startup_at32f415.o(STACK) for __initial_sp
    startup_at32f415.o(RESET) refers to startup_at32f415.o(.text) for Reset_Handler
    startup_at32f415.o(RESET) refers to lto-llvm-475aad.o(.text.NMI_Handler) for NMI_Handler
    startup_at32f415.o(RESET) refers to lto-llvm-475aad.o(.text.HardFault_Handler) for HardFault_Handler
    startup_at32f415.o(RESET) refers to lto-llvm-475aad.o(.text.MemManage_Handler) for MemManage_Handler
    startup_at32f415.o(RESET) refers to lto-llvm-475aad.o(.text.BusFault_Handler) for BusFault_Handler
    startup_at32f415.o(RESET) refers to lto-llvm-475aad.o(.text.UsageFault_Handler) for UsageFault_Handler
    startup_at32f415.o(RESET) refers to lto-llvm-475aad.o(.text.SVC_Handler) for SVC_Handler
    startup_at32f415.o(RESET) refers to lto-llvm-475aad.o(.text.DebugMon_Handler) for DebugMon_Handler
    startup_at32f415.o(RESET) refers to lto-llvm-475aad.o(.text.PendSV_Handler) for PendSV_Handler
    startup_at32f415.o(RESET) refers to lto-llvm-475aad.o(.text.SysTick_Handler) for SysTick_Handler
    startup_at32f415.o(RESET) refers to lto-llvm-475aad.o(.text.TMR1_BRK_TMR9_IRQHandler) for TMR1_BRK_TMR9_IRQHandler
    startup_at32f415.o(RESET) refers to lto-llvm-475aad.o(.text.USART1_IRQHandler) for USART1_IRQHandler
    startup_at32f415.o(RESET) refers to lto-llvm-475aad.o(.text.TMR5_GLOBAL_IRQHandler) for TMR5_GLOBAL_IRQHandler
    startup_at32f415.o(.text) refers to lto-llvm-475aad.o(.text.SystemInit) for SystemInit
    startup_at32f415.o(.text) refers to entry.o(.ARM.Collect$$$$00000000) for __main
    cos.o(i.__softfp_cos) refers (Special) to iusefp.o(.text) for __I$use$fp
    cos.o(i.__softfp_cos) refers to cos.o(i.cos) for cos
    cos.o(i.cos) refers (Special) to iusefp.o(.text) for __I$use$fp
    cos.o(i.cos) refers to errno.o(i.__set_errno) for __set_errno
    cos.o(i.cos) refers to dunder.o(i.__mathlib_dbl_invalid) for __mathlib_dbl_invalid
    cos.o(i.cos) refers to dunder.o(i.__mathlib_dbl_infnan) for __mathlib_dbl_infnan
    cos.o(i.cos) refers to rred.o(i.__ieee754_rem_pio2) for __ieee754_rem_pio2
    cos.o(i.cos) refers to sin_i.o(i.__kernel_sin) for __kernel_sin
    cos.o(i.cos) refers to cos_i.o(i.__kernel_cos) for __kernel_cos
    sin.o(i.__softfp_sin) refers (Special) to iusefp.o(.text) for __I$use$fp
    sin.o(i.__softfp_sin) refers to sin.o(i.sin) for sin
    sin.o(i.sin) refers (Special) to iusefp.o(.text) for __I$use$fp
    sin.o(i.sin) refers to errno.o(i.__set_errno) for __set_errno
    sin.o(i.sin) refers to dunder.o(i.__mathlib_dbl_invalid) for __mathlib_dbl_invalid
    sin.o(i.sin) refers to dunder.o(i.__mathlib_dbl_infnan) for __mathlib_dbl_infnan
    sin.o(i.sin) refers to rred.o(i.__ieee754_rem_pio2) for __ieee754_rem_pio2
    sin.o(i.sin) refers to cos_i.o(i.__kernel_cos) for __kernel_cos
    sin.o(i.sin) refers to sin_i.o(i.__kernel_sin) for __kernel_sin
    entry.o(.ARM.Collect$$$$00000000) refers (Special) to entry10a.o(.ARM.Collect$$$$0000000D) for __rt_final_cpp
    entry.o(.ARM.Collect$$$$00000000) refers (Special) to entry11a.o(.ARM.Collect$$$$0000000F) for __rt_final_exit
    entry.o(.ARM.Collect$$$$00000000) refers (Special) to entry7b.o(.ARM.Collect$$$$00000008) for _main_clock
    entry.o(.ARM.Collect$$$$00000000) refers (Special) to entry8b.o(.ARM.Collect$$$$0000000A) for _main_cpp_init
    entry.o(.ARM.Collect$$$$00000000) refers (Special) to entry9a.o(.ARM.Collect$$$$0000000B) for _main_init
    entry.o(.ARM.Collect$$$$00000000) refers (Special) to entry5.o(.ARM.Collect$$$$00000004) for _main_scatterload
    entry.o(.ARM.Collect$$$$00000000) refers (Special) to entry2.o(.ARM.Collect$$$$00000001) for _main_stk
    putchar.o(i.putchar) refers to fputc.o(i.fputc) for fputc
    putchar.o(i.putchar) refers to stdout.o(.data) for __stdout
    printfb.o(i.__0fprintf$bare) refers to printfb.o(i._printf_core) for _printf_core
    printfb.o(i.__0fprintf$bare) refers to fputc.o(i.fputc) for fputc
    printfb.o(i.__0printf$bare) refers to printfb.o(i._printf_core) for _printf_core
    printfb.o(i.__0printf$bare) refers to fputc.o(i.fputc) for fputc
    printfb.o(i.__0printf$bare) refers to stdout.o(.data) for __stdout
    printfb.o(i.__0snprintf$bare) refers to printfb.o(i._printf_core) for _printf_core
    printfb.o(i.__0snprintf$bare) refers to printfb.o(i._snputc) for _snputc
    printfb.o(i.__0sprintf$bare) refers to printfb.o(i._printf_core) for _printf_core
    printfb.o(i.__0sprintf$bare) refers to printfb.o(i._sputc) for _sputc
    printfb.o(i.__0vfprintf$bare) refers to printfb.o(i._printf_core) for _printf_core
    printfb.o(i.__0vfprintf$bare) refers to fputc.o(i.fputc) for fputc
    printfb.o(i.__0vprintf$bare) refers to printfb.o(i._printf_core) for _printf_core
[...]
    __arm_cp.0_83                            0x08008e34   Number         4  lto-llvm-475aad.o(.text.main)
    __arm_cp.0_84                            0x08008e38   Number         4  lto-llvm-475aad.o(.text.main)
    __arm_cp.0_85                            0x08008e3c   Number         4  lto-llvm-475aad.o(.text.main)
    __arm_cp.0_91                            0x08008e54   Number         4  lto-llvm-475aad.o(.text.main)
    __arm_cp.0_93                            0x08008e5c   Number         4  lto-llvm-475aad.o(.text.main)
    __arm_cp.0_95                            0x08008e64   Number         4  lto-llvm-475aad.o(.text.main)
    __arm_cp.0_96                            0x08008e68   Number         4  lto-llvm-475aad.o(.text.main)
    __arm_cp.0_97                            0x08008e6c   Number         4  lto-llvm-475aad.o(.text.main)
    __arm_cp.0_98                            0x08008e70   Number         4  lto-llvm-475aad.o(.text.main)
    __arm_cp.0_99                            0x08008e74   Number         4  lto-llvm-475aad.o(.text.main)
    __arm_cp.0_100                           0x08008e78   Number         4  lto-llvm-475aad.o(.text.main)
    __arm_cp.0_102                           0x08009134   Number         4  lto-llvm-475aad.o(.text.main)
    __arm_cp.0_103                           0x08009138   Number         4  lto-llvm-475aad.o(.text.main)
    __arm_cp.0_104                           0x0800913c   Number         4  lto-llvm-475aad.o(.text.main)
    __arm_cp.0_105                           0x08009140   Number         4  lto-llvm-475aad.o(.text.main)
    __arm_cp.0_106                           0x08009144   Number         4  lto-llvm-475aad.o(.text.main)
    __arm_cp.0_107                           0x08009148   Number         4  lto-llvm-475aad.o(.text.main)
    __arm_cp.0_108                           0x0800914c   Number         4  lto-llvm-475aad.o(.text.main)
    __arm_cp.0_109                           0x08009150   Number         4  lto-llvm-475aad.o(.text.main)
    __arm_cp.0_110                           0x08009154   Number         4  lto-llvm-475aad.o(.text.main)
    __arm_cp.0_111                           0x08009158   Number         4  lto-llvm-475aad.o(.text.main)
    __arm_cp.0_112                           0x0800915c   Number         4  lto-llvm-475aad.o(.text.main)
    __arm_cp.0_113                           0x08009480   Number         4  lto-llvm-475aad.o(.text.main)
    __arm_cp.0_114                           0x08009484   Number         4  lto-llvm-475aad.o(.text.main)
    __arm_cp.0_115                           0x08009488   Number         4  lto-llvm-475aad.o(.text.main)
    __arm_cp.0_116                           0x0800948c   Number         4  lto-llvm-475aad.o(.text.main)
    __arm_cp.0_117                           0x08009490   Number         4  lto-llvm-475aad.o(.text.main)
    __arm_cp.0_118                           0x08009494   Number         4  lto-llvm-475aad.o(.text.main)
    __arm_cp.0_119                           0x08009498   Number         4  lto-llvm-475aad.o(.text.main)
    __arm_cp.0_120                           0x0800949c   Number         4  lto-llvm-475aad.o(.text.main)
    __arm_cp.0_121                           0x080094a0   Number         4  lto-llvm-475aad.o(.text.main)
    __arm_cp.0_122                           0x080094a4   Number         4  lto-llvm-475aad.o(.text.main)
    __arm_cp.0_123                           0x080094a8   Number         4  lto-llvm-475aad.o(.text.main)
    __arm_cp.0_124                           0x080094ac   Number         4  lto-llvm-475aad.o(.text.main)
    __arm_cp.0_125                           0x080094b0   Number         4  lto-llvm-475aad.o(.text.main)
    __arm_cp.0_6                             0x080096dc   Number         4  lto-llvm-475aad.o(.text.main)
    __arm_cp.0_11                            0x080096e0   Number         4  lto-llvm-475aad.o(.text.main)
    __arm_cp.0_12                            0x080096e4   Number         4  lto-llvm-475aad.o(.text.main)
    __arm_cp.0_13                            0x080096e8   Number         4  lto-llvm-475aad.o(.text.main)
    __arm_cp.0_14                            0x080096ec   Number         4  lto-llvm-475aad.o(.text.main)
    __arm_cp.0_15                            0x080096f0   Number         4  lto-llvm-475aad.o(.text.main)
    __arm_cp.0_16                            0x080096f4   Number         4  lto-llvm-475aad.o(.text.main)
    __arm_cp.0_19                            0x080096f8   Number         4  lto-llvm-475aad.o(.text.main)
    __arm_cp.0_20                            0x080096fc   Number         4  lto-llvm-475aad.o(.text.main)
    __arm_cp.0_21                            0x08009700   Number         4  lto-llvm-475aad.o(.text.main)
    __arm_cp.0_38                            0x08009704   Number         4  lto-llvm-475aad.o(.text.main)
    __arm_cp.0_39                            0x08009708   Number         4  lto-llvm-475aad.o(.text.main)
    __arm_cp.0_40                            0x0800970c   Number         4  lto-llvm-475aad.o(.text.main)
    __arm_cp.0_41                            0x08009710   Number         4  lto-llvm-475aad.o(.text.main)
    __arm_cp.0_42                            0x08009714   Number         4  lto-llvm-475aad.o(.text.main)
    __arm_cp.0_43                            0x08009718   Number         4  lto-llvm-475aad.o(.text.main)
    __arm_cp.0_44                            0x0800971c   Number         4  lto-llvm-475aad.o(.text.main)
    __arm_cp.0_46                            0x08009720   Number         4  lto-llvm-475aad.o(.text.main)
    __arm_cp.0_47                            0x08009724   Number         4  lto-llvm-475aad.o(.text.main)
    __arm_cp.0_48                            0x08009728   Number         4  lto-llvm-475aad.o(.text.main)
    __arm_cp.0_49                            0x0800972c   Number         4  lto-llvm-475aad.o(.text.main)
    __arm_cp.0_50                            0x08009730   Number         4  lto-llvm-475aad.o(.text.main)
    __arm_cp.0_51                            0x08009734   Number         4  lto-llvm-475aad.o(.text.main)
    __arm_cp.0_52                            0x08009738   Number         4  lto-llvm-475aad.o(.text.main)
    __arm_cp.0_53                            0x0800973c   Number         4  lto-llvm-475aad.o(.text.main)
    __arm_cp.0_54                            0x08009740   Number         4  lto-llvm-475aad.o(.text.main)
    __arm_cp.0_67                            0x08009744   Number         4  lto-llvm-475aad.o(.text.main)
    __arm_cp.0_68                            0x08009748   Number         4  lto-llvm-475aad.o(.text.main)
    __arm_cp.0_71                            0x0800974c   Number         4  lto-llvm-475aad.o(.text.main)
    __arm_cp.0_72                            0x08009750   Number         4  lto-llvm-475aad.o(.text.main)
    __arm_cp.0_73                            0x08009754   Number         4  lto-llvm-475aad.o(.text.main)
    __arm_cp.0_74                            0x08009758   Number         4  lto-llvm-475aad.o(.text.main)
    __arm_cp.0_75                            0x0800975c   Number         4  lto-llvm-475aad.o(.text.main)
    ms_to_scan_count                         0x08009761   Thumb Code    32  lto-llvm-475aad.o(.text.ms_to_scan_count)
    [Anonymous Symbol]                       0x08009760   Section        0  lto-llvm-475aad.o(.text.ms_to_scan_count)
    nvic_system_reset                        0x08009781   Thumb Code     4  lto-llvm-475aad.o(.text.nvic_system_reset)
    [Anonymous Symbol]                       0x08009780   Section        0  lto-llvm-475aad.o(.text.nvic_system_reset)
    output_task                              0x08009785   Thumb Code   856  lto-llvm-475aad.o(.text.output_task)
    [Anonymous Symbol]                       0x08009784   Section        0  lto-llvm-475aad.o(.text.output_task)
    __arm_cp.4_0                             0x08009adc   Number         4  lto-llvm-475aad.o(.text.output_task)
    __arm_cp.4_1                             0x08009ae0   Number         4  lto-llvm-475aad.o(.text.output_task)
    __arm_cp.4_2                             0x08009ae4   Number         4  lto-llvm-475aad.o(.text.output_task)
    __arm_cp.4_3                             0x08009ae8   Number         4  lto-llvm-475aad.o(.text.output_task)
    __arm_cp.4_4                             0x08009aec   Number         4  lto-llvm-475aad.o(.text.output_task)
    __arm_cp.4_5                             0x08009af0   Number         4  lto-llvm-475aad.o(.text.output_task)
    __arm_cp.4_6                             0x08009af4   Number         4  lto-llvm-475aad.o(.text.output_task)
    __arm_cp.4_7                             0x08009af8   Number         4  lto-llvm-475aad.o(.text.output_task)
    __arm_cp.4_8                             0x08009afc   Number         4  lto-llvm-475aad.o(.text.output_task)
    __arm_cp.4_9                             0x08009b00   Number         4  lto-llvm-475aad.o(.text.output_task)
    __arm_cp.4_10                            0x08009b04   Number         4  lto-llvm-475aad.o(.text.output_task)
    __arm_cp.4_11                            0x08009b08   Number         4  lto-llvm-475aad.o(.text.output_task)
    __arm_cp.4_12                            0x08009b0c   Number         4  lto-llvm-475aad.o(.text.output_task)
    __arm_cp.4_13                            0x08009b10   Number         4  lto-llvm-475aad.o(.text.output_task)
    __arm_cp.4_14                            0x08009b14   Number         4  lto-llvm-475aad.o(.text.output_task)
    __arm_cp.4_15                            0x08009b18   Number         4  lto-llvm-475aad.o(.text.output_task)
    __arm_cp.4_16                            0x08009b1c   Number         4  lto-llvm-475aad.o(.text.output_task)
    __arm_cp.4_17                            0x08009b20   Number         4  lto-llvm-475aad.o(.text.output_task)
    __arm_cp.4_18                            0x08009b24   Number         4  lto-llvm-475aad.o(.text.output_task)
    parse_version_string                     0x08009b29   Thumb Code   122  lto-llvm-475aad.o(.text.parse_version_string)
    [Anonymous Symbol]                       0x08009b28   Section        0  lto-llvm-475aad.o(.text.parse_version_string)
    pc_task                                  0x08009ba5   Thumb Code  1056  lto-llvm-475aad.o(.text.pc_task)
    [Anonymous Symbol]                       0x08009ba4   Section        0  lto-llvm-475aad.o(.text.pc_task)
    __arm_cp.8_15                            0x08009f54   Number         4  lto-llvm-475aad.o(.text.pc_task)
    __arm_cp.8_0                             0x08009fc4   Number         4  lto-llvm-475aad.o(.text.pc_task)
    __arm_cp.8_4                             0x08009fd8   Number         4  lto-llvm-475aad.o(.text.pc_task)
    __arm_cp.8_5                             0x08009fdc   Number         4  lto-llvm-475aad.o(.text.pc_task)
    __arm_cp.8_6                             0x08009fe0   Number         4  lto-llvm-475aad.o(.text.pc_task)
    __arm_cp.8_7                             0x08009fe4   Number         4  lto-llvm-475aad.o(.text.pc_task)
    __arm_cp.8_8                             0x08009fe8   Number         4  lto-llvm-475aad.o(.text.pc_task)
    __arm_cp.8_9                             0x08009fec   Number         4  lto-llvm-475aad.o(.text.pc_task)
    __arm_cp.8_10                            0x08009ff0   Number         4  lto-llvm-475aad.o(.text.pc_task)
    __arm_cp.8_12                            0x08009ff4   Number         4  lto-llvm-475aad.o(.text.pc_task)
    __arm_cp.8_13                            0x08009ff8   Number         4  lto-llvm-475aad.o(.text.pc_task)
    queue_init                               0x08009ffd   Thumb Code    30  lto-llvm-475aad.o(.text.queue_init)
    [Anonymous Symbol]                       0x08009ffc   Section        0  lto-llvm-475aad.o(.text.queue_init)
    queue_read                               0x0800a01b   Thumb Code    38  lto-llvm-475aad.o(.text.queue_read)
    [Anonymous Symbol]                       0x0800a01a   Section        0  lto-llvm-475aad.o(.text.queue_read)
    queue_write                              0x0800a041   Thumb Code    50  lto-llvm-475aad.o(.text.queue_write)
    [Anonymous Symbol]                       0x0800a040   Section        0  lto-llvm-475aad.o(.text.queue_write)
    set_mode                                 0x0800a075   Thumb Code    64  lto-llvm-475aad.o(.text.set_mode)
    [Anonymous Symbol]                       0x0800a074   Section        0  lto-llvm-475aad.o(.text.set_mode)
    __arm_cp.68_0                            0x0800a0b4   Number         4  lto-llvm-475aad.o(.text.set_mode)
    spi_byte_read                            0x0800a0b9   Thumb Code     6  lto-llvm-475aad.o(.text.spi_byte_read)
    [Anonymous Symbol]                       0x0800a0b8   Section        0  lto-llvm-475aad.o(.text.spi_byte_read)
    spi_byte_write                           0x0800a0c1   Thumb Code    40  lto-llvm-475aad.o(.text.spi_byte_write)
    [Anonymous Symbol]                       0x0800a0c0   Section        0  lto-llvm-475aad.o(.text.spi_byte_write)
    spiflash_force_4byte_mode                0x0800a0e9   Thumb Code    72  lto-llvm-475aad.o(.text.spiflash_force_4byte_mode)
    [Anonymous Symbol]                       0x0800a0e8   Section        0  lto-llvm-475aad.o(.text.spiflash_force_4byte_mode)
    spiflash_read                            0x0800a131   Thumb Code   300  lto-llvm-475aad.o(.text.spiflash_read)
    [Anonymous Symbol]                       0x0800a130   Section        0  lto-llvm-475aad.o(.text.spiflash_read)
    __arm_cp.54_0                            0x0800a25c   Number         4  lto-llvm-475aad.o(.text.spiflash_read)
    spiflash_read_ear                        0x0800a261   Thumb Code    24  lto-llvm-475aad.o(.text.spiflash_read_ear)
    [Anonymous Symbol]                       0x0800a260   Section        0  lto-llvm-475aad.o(.text.spiflash_read_ear)
    spiflash_read_sr1                        0x0800a279   Thumb Code    20  lto-llvm-475aad.o(.text.spiflash_read_sr1)
    [Anonymous Symbol]                       0x0800a278   Section        0  lto-llvm-475aad.o(.text.spiflash_read_sr1)
    spiflash_read_sr3                        0x0800a28d   Thumb Code    20  lto-llvm-475aad.o(.text.spiflash_read_sr3)
    [Anonymous Symbol]                       0x0800a28c   Section        0  lto-llvm-475aad.o(.text.spiflash_read_sr3)
    __arm_cp.48_0                            0x0800a2a0   Number         4  lto-llvm-475aad.o(.text.spiflash_read_sr3)
    spiflash_wait_busy                       0x0800a2a5   Thumb Code    12  lto-llvm-475aad.o(.text.spiflash_wait_busy)
    [Anonymous Symbol]                       0x0800a2a4   Section        0  lto-llvm-475aad.o(.text.spiflash_wait_busy)
    spiflash_write_ear                       0x0800a2b1   Thumb Code    40  lto-llvm-475aad.o(.text.spiflash_write_ear)
    [Anonymous Symbol]                       0x0800a2b0   Section        0  lto-llvm-475aad.o(.text.spiflash_write_ear)
    __arm_cp.52_1                            0x0800a2d8   Number         4  lto-llvm-475aad.o(.text.spiflash_write_ear)
    spiflash_write_enable                    0x0800a2dd   Thumb Code    16  lto-llvm-475aad.o(.text.spiflash_write_enable)
    [Anonymous Symbol]                       0x0800a2dc   Section        0  lto-llvm-475aad.o(.text.spiflash_write_enable)
    __arm_cp.50_0                            0x0800a2ec   Number         4  lto-llvm-475aad.o(.text.spiflash_write_enable)
    spiflash_write_nocheck                   0x0800a2f1   Thumb Code   344  lto-llvm-475aad.o(.text.spiflash_write_nocheck)
    [Anonymous Symbol]                       0x0800a2f0   Section        0  lto-llvm-475aad.o(.text.spiflash_write_nocheck)
    __arm_cp.55_0                            0x0800a448   Number         4  lto-llvm-475aad.o(.text.spiflash_write_nocheck)
    __arm_cp.55_1                            0x0800a44c   Number         4  lto-llvm-475aad.o(.text.spiflash_write_nocheck)
    __arm_cp.55_2                            0x0800a450   Number         4  lto-llvm-475aad.o(.text.spiflash_write_nocheck)
    __arm_cp.55_3                            0x0800a454   Number         4  lto-llvm-475aad.o(.text.spiflash_write_nocheck)
    __arm_cp.55_4                            0x0800a458   Number         4  lto-llvm-475aad.o(.text.spiflash_write_nocheck)
    tmr_output_channel_config                0x0800a45d   Thumb Code   214  lto-llvm-475aad.o(.text.tmr_output_channel_config)
    [Anonymous Symbol]                       0x0800a45c   Section        0  lto-llvm-475aad.o(.text.tmr_output_channel_config)
    tmt_create                               0x0800a535   Thumb Code    44  lto-llvm-475aad.o(.text.tmt_create)
    [Anonymous Symbol]                       0x0800a534   Section        0  lto-llvm-475aad.o(.text.tmt_create)
    tmt_delete                               0x0800a561   Thumb Code    88  lto-llvm-475aad.o(.text.tmt_delete)
    [Anonymous Symbol]                       0x0800a560   Section        0  lto-llvm-475aad.o(.text.tmt_delete)
    __arm_cp.88_1                            0x0800a5b8   Number         4  lto-llvm-475aad.o(.text.tmt_delete)
    tmt_run                                  0x0800a5bd   Thumb Code    52  lto-llvm-475aad.o(.text.tmt_run)
    [Anonymous Symbol]                       0x0800a5bc   Section        0  lto-llvm-475aad.o(.text.tmt_run)
    tmt_run_ctrl                             0x0800a5f1   Thumb Code    44  lto-llvm-475aad.o(.text.tmt_run_ctrl)
    [Anonymous Symbol]                       0x0800a5f0   Section        0  lto-llvm-475aad.o(.text.tmt_run_ctrl)
    tmt_time_ctrl                            0x0800a61d   Thumb Code    48  lto-llvm-475aad.o(.text.tmt_time_ctrl)
    [Anonymous Symbol]                       0x0800a61c   Section        0  lto-llvm-475aad.o(.text.tmt_time_ctrl)
    tmt_update_tick                          0x0800a64d   Thumb Code    28  lto-llvm-475aad.o(.text.tmt_update_tick)
    [Anonymous Symbol]                       0x0800a64c   Section        0  lto-llvm-475aad.o(.text.tmt_update_tick)
    __arm_cp.86_0                            0x0800a668   Number         4  lto-llvm-475aad.o(.text.tmt_update_tick)
    usart_receiveData                        0x0800a66d   Thumb Code    56  lto-llvm-475aad.o(.text.usart_receiveData)
    [Anonymous Symbol]                       0x0800a66c   Section        0  lto-llvm-475aad.o(.text.usart_receiveData)
    usart_sendData                           0x0800a6a5   Thumb Code    68  lto-llvm-475aad.o(.text.usart_sendData)
    [Anonymous Symbol]                       0x0800a6a4   Section        0  lto-llvm-475aad.o(.text.usart_sendData)
    __arm_cp.56_0                            0x0800a6e8   Number         4  lto-llvm-475aad.o(.text.usart_sendData)
    __arm_cp.56_1                            0x0800a6ec   Number         4  lto-llvm-475aad.o(.text.usart_sendData)
    voltage_to_y                             0x0800a6f1   Thumb Code    92  lto-llvm-475aad.o(.text.voltage_to_y)
    [Anonymous Symbol]                       0x0800a6f0   Section        0  lto-llvm-475aad.o(.text.voltage_to_y)
    __arm_cp.81_0                            0x0800a74c   Number         4  lto-llvm-475aad.o(.text.voltage_to_y)
    __arm_cp.81_1                            0x0800a750   Number         4  lto-llvm-475aad.o(.text.voltage_to_y)
    wk_delay_ms                              0x0800a755   Thumb Code    24  lto-llvm-475aad.o(.text.wk_delay_ms)
    [Anonymous Symbol]                       0x0800a754   Section        0  lto-llvm-475aad.o(.text.wk_delay_ms)
    __arm_cp.20_0                            0x0800a76c   Number         4  lto-llvm-475aad.o(.text.wk_delay_ms)
    work_task                                0x0800a771   Thumb Code     2  lto-llvm-475aad.o(.text.work_task)
    [Anonymous Symbol]                       0x0800a770   Section        0  lto-llvm-475aad.o(.text.work_task)
    i.__scatterload_copy                     0x0800a772   Section       14  handlers.o(i.__scatterload_copy)
    i.__scatterload_null                     0x0800a780   Section        2  handlers.o(i.__scatterload_null)
    i.__scatterload_zeroinit                 0x0800a782   Section       14  handlers.o(i.__scatterload_zeroinit)
    [Anonymous Symbol]                       0x0800a790   Section        0  lto-llvm-475aad.o(.rodata..Lswitch.table.get_key.4)
    [Anonymous Symbol]                       0x0800a79c   Section        0  lto-llvm-475aad.o(.rodata..Lswitch.table.get_key.5)
    ascii_1206                               0x0800a7a8   Data        1140  lto-llvm-475aad.o(.rodata.ascii_1206)
    [Anonymous Symbol]                       0x0800a7a8   Section        0  lto-llvm-475aad.o(.rodata.ascii_1206)
    ascii_1608                               0x0800ac1c   Data        1520  lto-llvm-475aad.o(.rodata.ascii_1608)
    [Anonymous Symbol]                       0x0800ac1c   Section        0  lto-llvm-475aad.o(.rodata.ascii_1608)
    ascii_2412                               0x0800b20c   Data        4560  lto-llvm-475aad.o(.rodata.ascii_2412)
    [Anonymous Symbol]                       0x0800b20c   Section        0  lto-llvm-475aad.o(.rodata.ascii_2412)
    ascii_3216                               0x0800c3dc   Data        6080  lto-llvm-475aad.o(.rodata.ascii_3216)
    [Anonymous Symbol]                       0x0800c3dc   Section        0  lto-llvm-475aad.o(.rodata.ascii_3216)
    ascii_6432                               0x0800db9c   Data       24320  lto-llvm-475aad.o(.rodata.ascii_6432)
    [Anonymous Symbol]                       0x0800db9c   Section        0  lto-llvm-475aad.o(.rodata.ascii_6432)
    ascii_8040                               0x08013a9c   Data       38000  lto-llvm-475aad.o(.rodata.ascii_8040)
    [Anonymous Symbol]                       0x08013a9c   Section        0  lto-llvm-475aad.o(.rodata.ascii_8040)
    crm_clocks_freq_get.ahb_apb2_div_table   0x0801cf0c   Data           8  lto-llvm-475aad.o(.rodata.cst8)
    [Anonymous Symbol]                       0x0801cf0c   Section        0  lto-llvm-475aad.o(.rodata.cst8)
    off_set_buff                             0x0801cf14   Data          41  lto-llvm-475aad.o(.rodata.off_set_buff)
    [Anonymous Symbol]                       0x0801cf14   Section        0  lto-llvm-475aad.o(.rodata.off_set_buff)
    [Anonymous Symbol]                       0x0801cf3d   Section        0  lto-llvm-475aad.o(.rodata.str1.1)
    wind_set_20_buff                         0x0801cf4e   Data          41  lto-llvm-475aad.o(.rodata.wind_set_20_buff)
    [Anonymous Symbol]                       0x0801cf4e   Section        0  lto-llvm-475aad.o(.rodata.wind_set_20_buff)
    SysTick_Handler.beep_task_time           0x20000000   Data           1  lto-llvm-475aad.o(.data..L_MergedGlobals)
    [Anonymous Symbol]                       0x20000000   Section        0  lto-llvm-475aad.o(.data..L_MergedGlobals)
    SysTick_Handler.warning_time             0x20000001   Data           1  lto-llvm-475aad.o(.data..L_MergedGlobals)
    event                                    0x20000002   Data           1  lto-llvm-475aad.o(.data..L_MergedGlobals)
    air_ec11_handle_event                    0x20000003   Data           1  lto-llvm-475aad.o(.data..L_MergedGlobals)
    ec11_handle_event                        0x20000004   Data           1  lto-llvm-475aad.o(.data..L_MergedGlobals)
    sbeep.1                                  0x20000008   Data           1  lto-llvm-475aad.o(.data..L_MergedGlobals)
    SysTick_Handler.get_fan_speed_time       0x2000000a   Data           2  lto-llvm-475aad.o(.data..L_MergedGlobals)
    SysTick_Handler.ec11_run_time            0x2000000c   Data           2  lto-llvm-475aad.o(.data..L_MergedGlobals)
    last_output_value                        0x2000000e   Data           2  lto-llvm-475aad.o(.data..L_MergedGlobals)
    show_output.delay_time                   0x20000010   Data           2  lto-llvm-475aad.o(.data..L_MergedGlobals)
    out_times                                0x20000014   Data           4  lto-llvm-475aad.o(.data..L_MergedGlobals)
    page_switch.reset_time                   0x20000018   Data           4  lto-llvm-475aad.o(.data..L_MergedGlobals)
    key_ch1                                  0x2000001c   Data          20  lto-llvm-475aad.o(.data..L_MergedGlobals)
    key_ch2                                  0x20000030   Data          20  lto-llvm-475aad.o(.data..L_MergedGlobals)
    key_ch3                                  0x20000044   Data          20  lto-llvm-475aad.o(.data..L_MergedGlobals)
    get_key_handle1                          0x20000058   Data          20  lto-llvm-475aad.o(.data..L_MergedGlobals)
    get_key_handle2                          0x2000006c   Data          20  lto-llvm-475aad.o(.data..L_MergedGlobals.336)
    [Anonymous Symbol]                       0x2000006c   Section        0  lto-llvm-475aad.o(.data..L_MergedGlobals.336)
    get_key_handle3                          0x20000080   Data          20  lto-llvm-475aad.o(.data..L_MergedGlobals.336)
    temp_ec11                                0x20000094   Data          56  lto-llvm-475aad.o(.data..L_MergedGlobals.336)
    air_ec11                                 0x200000cc   Data          56  lto-llvm-475aad.o(.data.air_ec11)
    [Anonymous Symbol]                       0x200000cc   Section        0  lto-llvm-475aad.o(.data.air_ec11)
    pc_event                                 0x20000104   Data           1  lto-llvm-475aad.o(.data.pc_event)
    [Anonymous Symbol]                       0x20000104   Section        0  lto-llvm-475aad.o(.data.pc_event)
    SysTick_Handler.first_in                 0x20000108   Data           1  lto-llvm-475aad.o(.bss..L_MergedGlobals.337)
    [Anonymous Symbol]                       0x20000108   Section        0  lto-llvm-475aad.o(.bss..L_MergedGlobals.337)
    FlashProc.sflash.0                       0x20000109   Data           1  lto-llvm-475aad.o(.bss..L_MergedGlobals.337)
    FlashProc.last_work_mode                 0x2000010a   Data           1  lto-llvm-475aad.o(.bss..L_MergedGlobals.337)
    FlashProc.last_temp_unit_mode            0x2000010b   Data           1  lto-llvm-475aad.o(.bss..L_MergedGlobals.337)
    FlashProc.last_speak_mode                0x2000010c   Data           1  lto-llvm-475aad.o(.bss..L_MergedGlobals.337)
    FlashProc.last_language_mode             0x2000010d   Data           1  lto-llvm-475aad.o(.bss..L_MergedGlobals.337)
    FlashProc.last_display_lock_mode         0x2000010e   Data           1  lto-llvm-475aad.o(.bss..L_MergedGlobals.337)
    FlashProc.last_sleep_mode                0x2000010f   Data           1  lto-llvm-475aad.o(.bss..L_MergedGlobals.337)
    FlashProc.last_run_mode                  0x20000110   Data           1  lto-llvm-475aad.o(.bss..L_MergedGlobals.337)
    FlashProc.last_longkey_mode              0x20000111   Data           1  lto-llvm-475aad.o(.bss..L_MergedGlobals.337)
    FlashProc.last_shortkey_mode             0x20000112   Data           1  lto-llvm-475aad.o(.bss..L_MergedGlobals.337)
    FlashProc.last_adjustkey_mode            0x20000113   Data           1  lto-llvm-475aad.o(.bss..L_MergedGlobals.337)
    FlashProc.flash_count                    0x20000114   Data           1  lto-llvm-475aad.o(.bss..L_MergedGlobals.337)
    last_key_adjust_state                    0x20000115   Data           1  lto-llvm-475aad.o(.bss..L_MergedGlobals.337)
    channel_state                            0x20000116   Data           1  lto-llvm-475aad.o(.bss..L_MergedGlobals.337)
    get_key.first_in                         0x20000117   Data           1  lto-llvm-475aad.o(.bss..L_MergedGlobals.337)
    fan_control.control_step                 0x20000118   Data           1  lto-llvm-475aad.o(.bss..L_MergedGlobals.337)
    fan_control.fan_run_flag                 0x20000119   Data           1  lto-llvm-475aad.o(.bss..L_MergedGlobals.337)
    pwm_control.change_flag                  0x2000011a   Data           1  lto-llvm-475aad.o(.bss..L_MergedGlobals.337)
    get_handle_work_state.first_n            0x2000011b   Data           1  lto-llvm-475aad.o(.bss..L_MergedGlobals.337)
    get_handle_error_state.get_step          0x2000011c   Data           1  lto-llvm-475aad.o(.bss..L_MergedGlobals.337)
    pc_event_handle.first_in                 0x2000011d   Data           1  lto-llvm-475aad.o(.bss..L_MergedGlobals.337)
    sw_ver_major                             0x2000011e   Data           1  lto-llvm-475aad.o(.bss..L_MergedGlobals.337)
    sw_ver_minor                             0x2000011f   Data           1  lto-llvm-475aad.o(.bss..L_MergedGlobals.337)
    sw_ver_patch                             0x20000120   Data           1  lto-llvm-475aad.o(.bss..L_MergedGlobals.337)
    hw_ver_major                             0x20000121   Data           1  lto-llvm-475aad.o(.bss..L_MergedGlobals.337)
    hw_ver_minor                             0x20000122   Data           1  lto-llvm-475aad.o(.bss..L_MergedGlobals.337)
    hw_ver_patch                             0x20000123   Data           1  lto-llvm-475aad.o(.bss..L_MergedGlobals.337)
    LcdProc.run_step                         0x20000124   Data           1  lto-llvm-475aad.o(.bss..L_MergedGlobals.337)
    show_icon.show_step                      0x20000125   Data           1  lto-llvm-475aad.o(.bss..L_MergedGlobals.337)
    last_sleep_state                         0x20000126   Data           1  lto-llvm-475aad.o(.bss..L_MergedGlobals.337)
    show_curve.first_in                      0x20000127   Data           1  lto-llvm-475aad.o(.bss..L_MergedGlobals.337)
    page_switch.first_in                     0x20000128   Data           1  lto-llvm-475aad.o(.bss..L_MergedGlobals.337)
    page_switch.first_s                      0x20000129   Data           1  lto-llvm-475aad.o(.bss..L_MergedGlobals.337)
    show_fan.fan_count                       0x2000012a   Data           1  lto-llvm-475aad.o(.bss..L_MergedGlobals.337)
    show_fan.fan_times                       0x2000012b   Data           1  lto-llvm-475aad.o(.bss..L_MergedGlobals.337)
    show_fan.show_fan_flag                   0x2000012c   Data           1  lto-llvm-475aad.o(.bss..L_MergedGlobals.337)
    show_fan.fan_num                         0x2000012d   Data           1  lto-llvm-475aad.o(.bss..L_MergedGlobals.337)
    show_output.temp_state                   0x2000012e   Data           1  lto-llvm-475aad.o(.bss..L_MergedGlobals.337)
    show_output.last_temp_state              0x2000012f   Data           1  lto-llvm-475aad.o(.bss..L_MergedGlobals.337)
    show_temp.show_step                      0x20000130   Data           1  lto-llvm-475aad.o(.bss..L_MergedGlobals.337)
    show_channel_state.clean_state           0x20000131   Data           1  lto-llvm-475aad.o(.bss..L_MergedGlobals.337)
    number_change.first_in                   0x20000132   Data           1  lto-llvm-475aad.o(.bss..L_MergedGlobals.337)
    air_ec11_get_event.first_state           0x20000133   Data           1  lto-llvm-475aad.o(.bss..L_MergedGlobals.337)
    adjust_state                             0x20000134   Data           1  lto-llvm-475aad.o(.bss..L_MergedGlobals.337)
    last_coldwind_state                      0x20000135   Data           1  lto-llvm-475aad.o(.bss..L_MergedGlobals.337)
    temp_ec11_get_event.first_in             0x20000136   Data           1  lto-llvm-475aad.o(.bss..L_MergedGlobals.337)
    cal_temp_state                           0x20000137   Data           1  lto-llvm-475aad.o(.bss..L_MergedGlobals.337)
    first_draw                               0x20000138   Data           1  lto-llvm-475aad.o(.bss..L_MergedGlobals.337)
    actual_temp_refesh_time                  0x20000139   Data           1  lto-llvm-475aad.o(.bss..L_MergedGlobals.337)
    lock_temp_flag                           0x2000013a   Data           1  lto-llvm-475aad.o(.bss..L_MergedGlobals.337)
    is_4byte_mode                            0x2000013b   Data           1  lto-llvm-475aad.o(.bss..L_MergedGlobals.337)
    sbeep.0                                  0x2000013c   Data           1  lto-llvm-475aad.o(.bss..L_MergedGlobals.337)
    BeepProc.s_BeepStartTime                 0x2000013d   Data           1  lto-llvm-475aad.o(.bss..L_MergedGlobals.337)
    g_scan_interval_ms                       0x2000013e   Data           1  lto-llvm-475aad.o(.bss..L_MergedGlobals.337)
    lcddev.0                                 0x20000140   Data           1  lto-llvm-475aad.o(.bss..L_MergedGlobals.337)
    lcddev.1                                 0x20000142   Data           1  lto-llvm-475aad.o(.bss..L_MergedGlobals.337)
    iap_flag                                 0x20000143   Data           1  lto-llvm-475aad.o(.bss..L_MergedGlobals.337)
    adc1_ordinary_value                      0x20000144   Data           2  lto-llvm-475aad.o(.bss..L_MergedGlobals.337)
    FlashProc.last_set_temp                  0x20000146   Data           2  lto-llvm-475aad.o(.bss..L_MergedGlobals.337)
    FlashProc.last_set_wind                  0x20000148   Data           2  lto-llvm-475aad.o(.bss..L_MergedGlobals.337)
    FlashProc.last_ch1_set_temp              0x2000014a   Data           2  lto-llvm-475aad.o(.bss..L_MergedGlobals.337)
    FlashProc.last_ch1_set_wind              0x2000014c   Data           2  lto-llvm-475aad.o(.bss..L_MergedGlobals.337)
    FlashProc.last_cal_data                  0x2000014e   Data           2  lto-llvm-475aad.o(.bss..L_MergedGlobals.337)
    FlashProc.last_cold_set_wind             0x20000150   Data           2  lto-llvm-475aad.o(.bss..L_MergedGlobals.337)
    FlashProc.flash_version                  0x20000152   Data           2  lto-llvm-475aad.o(.bss..L_MergedGlobals.337)
    pwm_control.delay_time                   0x20000154   Data           2  lto-llvm-475aad.o(.bss..L_MergedGlobals.337)
    pc_comm_handle.time_1                    0x20000156   Data           2  lto-llvm-475aad.o(.bss..L_MergedGlobals.337)
    pc_comm_handle.time_2                    0x20000158   Data           2  lto-llvm-475aad.o(.bss..L_MergedGlobals.337)
    show_output.output_value                 0x2000015a   Data           2  lto-llvm-475aad.o(.bss..L_MergedGlobals.337)
    flash_id                                 0x2000015c   Data           2  lto-llvm-475aad.o(.bss..L_MergedGlobals.337)
    lcddev.2                                 0x2000015e   Data           2  lto-llvm-475aad.o(.bss..L_MergedGlobals.337)
    LCD_Show_Curve.input_data_1              0x20000160   Data           2  lto-llvm-475aad.o(.bss..L_MergedGlobals.337)
    LCD_Show_Curve.input_data_2              0x20000162   Data           2  lto-llvm-475aad.o(.bss..L_MergedGlobals.337)
    tmr9_ch1_readvalue                       0x20000164   Data           4  lto-llvm-475aad.o(.bss..L_MergedGlobals.337)
    timebase_ticks                           0x20000168   Data           4  lto-llvm-475aad.o(.bss..L_MergedGlobals.337)
    pwm_control.last_set_temp                0x2000016c   Data           4  lto-llvm-475aad.o(.bss..L_MergedGlobals.337)
    pc_event_handle.uid_value                0x20000170   Data           4  lto-llvm-475aad.o(.bss..L_MergedGlobals.337)
    current_flash_addr                       0x20000174   Data           4  lto-llvm-475aad.o(.bss..L_MergedGlobals.337)
    wind_to_display                          0x20000178   Data           4  lto-llvm-475aad.o(.bss..L_MergedGlobals.337)
    temp_to_display                          0x2000017c   Data           4  lto-llvm-475aad.o(.bss..L_MergedGlobals.337)
    key_event                                0x20000180   Data           6  lto-llvm-475aad.o(.bss..L_MergedGlobals.337)
    McuInfo                                  0x20000188   Data          16  lto-llvm-475aad.o(.bss..L_MergedGlobals.338)
    [Anonymous Symbol]                       0x20000188   Section        0  lto-llvm-475aad.o(.bss..L_MergedGlobals.338)
    tmt                                      0x20000198   Data          24  lto-llvm-475aad.o(.bss..L_MergedGlobals.338)
    tUsart1Buffer                            0x200001b0   Data          36  lto-llvm-475aad.o(.bss..L_MergedGlobals.338)
    handle_pid                               0x200001d4   Data          44  lto-llvm-475aad.o(.bss..L_MergedGlobals.338)
    TranferPicturetoTFT_LCD.Read_data        0x20000200   Data        1024  lto-llvm-475aad.o(.bss.TranferPicturetoTFT_LCD.Read_data)
    [Anonymous Symbol]                       0x20000200   Section        0  lto-llvm-475aad.o(.bss.TranferPicturetoTFT_LCD.Read_data)
    chUsart1RxBuffer                         0x20000600   Data        1024  lto-llvm-475aad.o(.bss.chUsart1RxBuffer)
    [Anonymous Symbol]                       0x20000600   Section        0  lto-llvm-475aad.o(.bss.chUsart1RxBuffer)
    chUsart1TxBuffer                         0x20000a00   Data        1024  lto-llvm-475aad.o(.bss.chUsart1TxBuffer)
    [Anonymous Symbol]                       0x20000a00   Section        0  lto-llvm-475aad.o(.bss.chUsart1TxBuffer)
    feed_dog_task.first_in                   0x20000e00   Data           1  lto-llvm-475aad.o(.bss.feed_dog_task.first_in)
    [Anonymous Symbol]                       0x20000e00   Section        0  lto-llvm-475aad.o(.bss.feed_dog_task.first_in)
    handle_temp                              0x20000e04   Data          48  lto-llvm-475aad.o(.bss.handle_temp)
    [Anonymous Symbol]                       0x20000e04   Section        0  lto-llvm-475aad.o(.bss.handle_temp)
    lcd_task.is_first                        0x20000e34   Data           1  lto-llvm-475aad.o(.bss.lcd_task.is_first)
    [Anonymous Symbol]                       0x20000e34   Section        0  lto-llvm-475aad.o(.bss.lcd_task.is_first)
    object                                   0x20000e38   Data         124  lto-llvm-475aad.o(.bss.object)
    [Anonymous Symbol]                       0x20000e38   Section        0  lto-llvm-475aad.o(.bss.object)
    pc_data                                  0x20000eb4   Data        2328  lto-llvm-475aad.o(.bss.pc_data)
    [Anonymous Symbol]                       0x20000eb4   Section        0  lto-llvm-475aad.o(.bss.pc_data)
    sFWHA01_t                                0x200017cc   Data        1008  lto-llvm-475aad.o(.bss.sFWHA01_t)
    [Anonymous Symbol]                       0x200017cc   Section        0  lto-llvm-475aad.o(.bss.sFWHA01_t)
    spiflash_sector_buf                      0x20001bbc   Data        4096  lto-llvm-475aad.o(.bss.spiflash_sector_buf)
    [Anonymous Symbol]                       0x20001bbc   Section        0  lto-llvm-475aad.o(.bss.spiflash_sector_buf)
    STACK                                    0x20002bc0   Section     1024  startup_at32f415.o(STACK)

    Global Symbols

    Symbol Name                              Value     Ov Type        Size  Object(Section)

    BuildAttributes$$THM_ISAv4$E$P$D$K$B$S$7EM$PE$A:L22UL41UL21$X:L11$S22US41US21$IEEE1$IW$~IW$USESV6$~STKCKD$USESV7$~SHL$OTIME$ROPI$IEEEX$EBA8$MICROLIB$REQ8$PRES8$EABIv2 0x00000000   Number         0  anon$$obj.o ABSOLUTE
    _printf_a                                0x00000000   Number         0  printfstubs.o ABSOLUTE
    _printf_c                                0x00000000   Number         0  printfstubs.o ABSOLUTE
    _printf_charcount                        0x00000000   Number         0  printfstubs.o ABSOLUTE
    _printf_d                                0x00000000   Number         0  printfstubs.o ABSOLUTE
    _printf_e                                0x00000000   Number         0  printfstubs.o ABSOLUTE
    _printf_f                                0x00000000   Number         0  printfstubs.o ABSOLUTE
    _printf_flags                            0x00000000   Number         0  printfstubs.o ABSOLUTE
    _printf_fp_dec                           0x00000000   Number         0  printfstubs.o ABSOLUTE
    _printf_fp_hex                           0x00000000   Number         0  printfstubs.o ABSOLUTE
    _printf_g                                0x00000000   Number         0  printfstubs.o ABSOLUTE
    _printf_i                                0x00000000   Number         0  printfstubs.o ABSOLUTE
    _printf_int_dec                          0x00000000   Number         0  printfstubs.o ABSOLUTE
    _printf_l                                0x00000000   Number         0  printfstubs.o ABSOLUTE
    _printf_lc                               0x00000000   Number         0  printfstubs.o ABSOLUTE
    _printf_ll                               0x00000000   Number         0  printfstubs.o ABSOLUTE
    _printf_lld                              0x00000000   Number         0  printfstubs.o ABSOLUTE
    _printf_lli                              0x00000000   Number         0  printfstubs.o ABSOLUTE
    _printf_llo                              0x00000000   Number         0  printfstubs.o ABSOLUTE
    _printf_llu                              0x00000000   Number         0  printfstubs.o ABSOLUTE
    _printf_llx                              0x00000000   Number         0  printfstubs.o ABSOLUTE
    _printf_longlong_dec                     0x00000000   Number         0  printfstubs.o ABSOLUTE
    _printf_longlong_hex                     0x00000000   Number         0  printfstubs.o ABSOLUTE
    _printf_longlong_oct                     0x00000000   Number         0  printfstubs.o ABSOLUTE
    _printf_ls                               0x00000000   Number         0  printfstubs.o ABSOLUTE
    _printf_mbtowc                           0x00000000   Number         0  printfstubs.o ABSOLUTE
    _printf_n                                0x00000000   Number         0  printfstubs.o ABSOLUTE
    _printf_o                                0x00000000   Number         0  printfstubs.o ABSOLUTE
    _printf_p                                0x00000000   Number         0  printfstubs.o ABSOLUTE
    _printf_percent                          0x00000000   Number         0  printfstubs.o ABSOLUTE
    _printf_pre_padding                      0x00000000   Number         0  printfstubs.o ABSOLUTE
    _printf_return_value                     0x00000000   Number         0  printfstubs.o ABSOLUTE
    _printf_s                                0x00000000   Number         0  printfstubs.o ABSOLUTE
    _printf_sizespec                         0x00000000   Number         0  printfstubs.o ABSOLUTE
    _printf_str                              0x00000000   Number         0  printfstubs.o ABSOLUTE
    _printf_truncate_signed                  0x00000000   Number         0  printfstubs.o ABSOLUTE
    _printf_truncate_unsigned                0x00000000   Number         0  printfstubs.o ABSOLUTE
    _printf_u                                0x00000000   Number         0  printfstubs.o ABSOLUTE
    _printf_wc                               0x00000000   Number         0  printfstubs.o ABSOLUTE
    _printf_wctomb                           0x00000000   Number         0  printfstubs.o ABSOLUTE
    _printf_widthprec                        0x00000000   Number         0  printfstubs.o ABSOLUTE
    _printf_x                                0x00000000   Number         0  printfstubs.o ABSOLUTE
    __cpp_initialize__aeabi_                  - Undefined Weak Reference
    __cxa_finalize                            - Undefined Weak Reference
    __decompress                              - Undefined Weak Reference
    _clock_init                               - Undefined Weak Reference
    _microlib_exit                            - Undefined Weak Reference
    __Vectors_Size                           0x00000170   Number         0  startup_at32f415.o ABSOLUTE
    __Vectors                                0x08002000   Data           4  startup_at32f415.o(RESET)
    __Vectors_End                            0x08002170   Data           0  startup_at32f415.o(RESET)
    __main                                   0x08002171   Thumb Code     0  entry.o(.ARM.Collect$$$$00000000)
    _main_stk                                0x08002171   Thumb Code     0  entry2.o(.ARM.Collect$$$$00000001)
    _main_scatterload                        0x08002175   Thumb Code     0  entry5.o(.ARM.Collect$$$$00000004)
    __main_after_scatterload                 0x08002179   Thumb Code     0  entry5.o(.ARM.Collect$$$$00000004)
    _main_clock                              0x08002179   Thumb Code     0  entry7b.o(.ARM.Collect$$$$00000008)
    _main_cpp_init                           0x08002179   Thumb Code     0  entry8b.o(.ARM.Collect$$$$0000000A)
    _main_init                               0x08002179   Thumb Code     0  entry9a.o(.ARM.Collect$$$$0000000B)
    __rt_final_cpp                           0x08002181   Thumb Code     0  entry10a.o(.ARM.Collect$$$$0000000D)
    __rt_final_exit                          0x08002181   Thumb Code     0  entry11a.o(.ARM.Collect$$$$0000000F)
    Reset_Handler                            0x08002185   Thumb Code     8  startup_at32f415.o(.text)
    ADC1_IRQHandler                          0x0800219f   Thumb Code     0  startup_at32f415.o(.text)
    CAN1_RX0_IRQHandler                      0x0800219f   Thumb Code     0  startup_at32f415.o(.text)
    CAN1_RX1_IRQHandler                      0x0800219f   Thumb Code     0  startup_at32f415.o(.text)
    CAN1_SE_IRQHandler                       0x0800219f   Thumb Code     0  startup_at32f415.o(.text)
    CAN1_TX_IRQHandler                       0x0800219f   Thumb Code     0  startup_at32f415.o(.text)
    CMP1_IRQHandler                          0x0800219f   Thumb Code     0  startup_at32f415.o(.text)
    CMP2_IRQHandler                          0x0800219f   Thumb Code     0  startup_at32f415.o(.text)
    CRM_IRQHandler                           0x0800219f   Thumb Code     0  startup_at32f415.o(.text)
    DMA1_Channel1_IRQHandler                 0x0800219f   Thumb Code     0  startup_at32f415.o(.text)
    DMA1_Channel2_IRQHandler                 0x0800219f   Thumb Code     0  startup_at32f415.o(.text)
    DMA1_Channel3_IRQHandler                 0x0800219f   Thumb Code     0  startup_at32f415.o(.text)
    DMA1_Channel4_IRQHandler                 0x0800219f   Thumb Code     0  startup_at32f415.o(.text)
    DMA1_Channel5_IRQHandler                 0x0800219f   Thumb Code     0  startup_at32f415.o(.text)
    DMA1_Channel6_IRQHandler                 0x0800219f   Thumb Code     0  startup_at32f415.o(.text)
    DMA1_Channel7_IRQHandler                 0x0800219f   Thumb Code     0  startup_at32f415.o(.text)
    DMA2_Channel1_IRQHandler                 0x0800219f   Thumb Code     0  startup_at32f415.o(.text)
    DMA2_Channel2_IRQHandler                 0x0800219f   Thumb Code     0  startup_at32f415.o(.text)
    DMA2_Channel3_IRQHandler                 0x0800219f   Thumb Code     0  startup_at32f415.o(.text)
    DMA2_Channel4_5_IRQHandler               0x0800219f   Thumb Code     0  startup_at32f415.o(.text)
    DMA2_Channel6_7_IRQHandler               0x0800219f   Thumb Code     0  startup_at32f415.o(.text)
    ERTCAlarm_IRQHandler                     0x0800219f   Thumb Code     0  startup_at32f415.o(.text)
    ERTC_WKUP_IRQHandler                     0x0800219f   Thumb Code     0  startup_at32f415.o(.text)
    EXINT0_IRQHandler                        0x0800219f   Thumb Code     0  startup_at32f415.o(.text)
    EXINT15_10_IRQHandler                    0x0800219f   Thumb Code     0  startup_at32f415.o(.text)
    EXINT1_IRQHandler                        0x0800219f   Thumb Code     0  startup_at32f415.o(.text)
    EXINT2_IRQHandler                        0x0800219f   Thumb Code     0  startup_at32f415.o(.text)
    EXINT3_IRQHandler                        0x0800219f   Thumb Code     0  startup_at32f415.o(.text)
    EXINT4_IRQHandler                        0x0800219f   Thumb Code     0  startup_at32f415.o(.text)
    EXINT9_5_IRQHandler                      0x0800219f   Thumb Code     0  startup_at32f415.o(.text)
    FLASH_IRQHandler                         0x0800219f   Thumb Code     0  startup_at32f415.o(.text)
    I2C1_ERR_IRQHandler                      0x0800219f   Thumb Code     0  startup_at32f415.o(.text)
    I2C1_EVT_IRQHandler                      0x0800219f   Thumb Code     0  startup_at32f415.o(.text)
    I2C2_ERR_IRQHandler                      0x0800219f   Thumb Code     0  startup_at32f415.o(.text)
    I2C2_EVT_IRQHandler                      0x0800219f   Thumb Code     0  startup_at32f415.o(.text)
    OTGFS1_IRQHandler                        0x0800219f   Thumb Code     0  startup_at32f415.o(.text)
    OTGFS1_WKUP_IRQHandler                   0x0800219f   Thumb Code     0  startup_at32f415.o(.text)
    PVM_IRQHandler                           0x0800219f   Thumb Code     0  startup_at32f415.o(.text)
    SDIO1_IRQHandler                         0x0800219f   Thumb Code     0  startup_at32f415.o(.text)
    SPI1_IRQHandler                          0x0800219f   Thumb Code     0  startup_at32f415.o(.text)
    SPI2_IRQHandler                          0x0800219f   Thumb Code     0  startup_at32f415.o(.text)
    TAMP_STAMP_IRQHandler                    0x0800219f   Thumb Code     0  startup_at32f415.o(.text)
    TMR1_CH_IRQHandler                       0x0800219f   Thumb Code     0  startup_at32f415.o(.text)
    TMR1_OVF_TMR10_IRQHandler                0x0800219f   Thumb Code     0  startup_at32f415.o(.text)
    TMR1_TRG_HALL_TMR11_IRQHandler           0x0800219f   Thumb Code     0  startup_at32f415.o(.text)
    TMR2_GLOBAL_IRQHandler                   0x0800219f   Thumb Code     0  startup_at32f415.o(.text)
    TMR3_GLOBAL_IRQHandler                   0x0800219f   Thumb Code     0  startup_at32f415.o(.text)
    TMR4_GLOBAL_IRQHandler                   0x0800219f   Thumb Code     0  startup_at32f415.o(.text)
    UART4_IRQHandler                         0x0800219f   Thumb Code     0  startup_at32f415.o(.text)
    UART5_IRQHandler                         0x0800219f   Thumb Code     0  startup_at32f415.o(.text)
    USART2_IRQHandler                        0x0800219f   Thumb Code     0  startup_at32f415.o(.text)
    USART3_IRQHandler                        0x0800219f   Thumb Code     0  startup_at32f415.o(.text)
    WWDT_IRQHandler                          0x0800219f   Thumb Code     0  startup_at32f415.o(.text)
    __I$use$fp                               0x080021a9   Thumb Code     0  iusefp.o(.text)
    __aeabi_dadd                             0x080021a9   Thumb Code   322  dadd.o(.text)
    __aeabi_dsub                             0x080022eb   Thumb Code     6  dadd.o(.text)
    __aeabi_drsub                            0x080022f1   Thumb Code     6  dadd.o(.text)
    __aeabi_dmul                             0x080022f7   Thumb Code   228  dmul.o(.text)
    __aeabi_ddiv                             0x080023db   Thumb Code   222  ddiv.o(.text)
    __scatterload                            0x080024b9   Thumb Code    38  init.o(.text)
    __scatterload_rt2                        0x080024b9   Thumb Code     0  init.o(.text)
    __aeabi_llsl                             0x080024e9   Thumb Code    30  llshl.o(.text)
    _ll_shift_l                              0x080024e9   Thumb Code     0  llshl.o(.text)
    __aeabi_llsr                             0x08002507   Thumb Code    32  llushr.o(.text)
    _ll_ushift_r                             0x08002507   Thumb Code     0  llushr.o(.text)
    __aeabi_lasr                             0x08002527   Thumb Code    36  llsshr.o(.text)
    _ll_sshift_r                             0x08002527   Thumb Code     0  llsshr.o(.text)
    _double_round                            0x0800254b   Thumb Code    30  depilogue.o(.text)
    _double_epilogue                         0x08002569   Thumb Code   156  depilogue.o(.text)
    __aeabi_ui2d                             0x08002605   Thumb Code    26  dfltui.o(.text)
    __aeabi_d2iz                             0x0800261f   Thumb Code    62  dfixi.o(.text)
    __aeabi_memset                           0x0800265d   Thumb Code    14  memseta.o(.text)
    __aeabi_memset4                          0x0800265d   Thumb Code     0  memseta.o(.text)
    __aeabi_memset8                          0x0800265d   Thumb Code     0  memseta.o(.text)
    __aeabi_memclr                           0x0800266b   Thumb Code     4  memseta.o(.text)
    __aeabi_memclr4                          0x0800266b   Thumb Code     0  memseta.o(.text)
    __aeabi_memclr8                          0x0800266b   Thumb Code     0  memseta.o(.text)
    _memset$wrapper                          0x0800266f   Thumb Code    18  memseta.o(.text)
    __aeabi_fadd                             0x08002681   Thumb Code   164  fadd.o(.text)
    __aeabi_fsub                             0x08002725   Thumb Code     6  fadd.o(.text)
    __aeabi_frsub                            0x0800272b   Thumb Code     6  fadd.o(.text)
    __aeabi_fmul                             0x08002731   Thumb Code   100  fmul.o(.text)
    __aeabi_fdiv                             0x08002795   Thumb Code   124  fdiv.o(.text)
    __aeabi_fcmple                           0x08002811   Thumb Code    28  fcmple.o(.text)
    __aeabi_fcmplt                           0x0800282d   Thumb Code    28  fcmplt.o(.text)
    __aeabi_fcmpge                           0x08002849   Thumb Code    28  fcmpge.o(.text)
    __aeabi_fcmpgt                           0x08002865   Thumb Code    28  fcmpgt.o(.text)
    __aeabi_fcmpeq                           0x08002881   Thumb Code    28  fcmpeq.o(.text)
    __aeabi_dcmpgt                           0x0800289d   Thumb Code    54  dcmpgt.o(.text)
    __aeabi_i2f                              0x080028d3   Thumb Code    18  fflti.o(.text)
    __aeabi_ui2f                             0x080028e5   Thumb Code    10  ffltui.o(.text)
    __aeabi_f2iz                             0x080028ef   Thumb Code    50  ffixi.o(.text)
    __aeabi_f2uiz                            0x08002921   Thumb Code    40  ffixui.o(.text)
    __aeabi_d2uiz                            0x08002949   Thumb Code    50  dfixui.o(.text)
    __aeabi_f2d                              0x0800297b   Thumb Code    38  f2d.o(.text)
    __aeabi_d2f                              0x080029a1   Thumb Code    56  d2f.o(.text)
    _float_round                             0x080029d9   Thumb Code    18  fepilogue.o(.text)
    _float_epilogue                          0x080029eb   Thumb Code    92  fepilogue.o(.text)
    BusFault_Handler                         0x08002a47   Thumb Code     2  lto-llvm-475aad.o(.text.BusFault_Handler)
    DebugMon_Handler                         0x08002a49   Thumb Code     2  lto-llvm-475aad.o(.text.DebugMon_Handler)
    HardFault_Handler                        0x08002d71   Thumb Code     2  lto-llvm-475aad.o(.text.HardFault_Handler)
    MemManage_Handler                        0x08004849   Thumb Code     2  lto-llvm-475aad.o(.text.MemManage_Handler)
    NMI_Handler                              0x0800484b   Thumb Code     2  lto-llvm-475aad.o(.text.NMI_Handler)
    PendSV_Handler                           0x08004db1   Thumb Code     2  lto-llvm-475aad.o(.text.PendSV_Handler)
    SVC_Handler                              0x08004db3   Thumb Code     2  lto-llvm-475aad.o(.text.SVC_Handler)
    SysTick_Handler                          0x08004db5   Thumb Code  5340  lto-llvm-475aad.o(.text.SysTick_Handler)
    SystemInit                               0x0800629d   Thumb Code   100  lto-llvm-475aad.o(.text.SystemInit)
    TMR1_BRK_TMR9_IRQHandler                 0x08006311   Thumb Code    40  lto-llvm-475aad.o(.text.TMR1_BRK_TMR9_IRQHandler)
    TMR5_GLOBAL_IRQHandler                   0x08006341   Thumb Code  1096  lto-llvm-475aad.o(.text.TMR5_GLOBAL_IRQHandler)
    USART1_IRQHandler                        0x08006e55   Thumb Code    88  lto-llvm-475aad.o(.text.USART1_IRQHandler)
    UsageFault_Handler                       0x08006eb5   Thumb Code     2  lto-llvm-475aad.o(.text.UsageFault_Handler)
    main                                     0x080088cd   Thumb Code  3600  lto-llvm-475aad.o(.text.main)
    __scatterload_copy                       0x0800a773   Thumb Code    14  handlers.o(i.__scatterload_copy)
    __scatterload_null                       0x0800a781   Thumb Code     2  handlers.o(i.__scatterload_null)
    __scatterload_zeroinit                   0x0800a783   Thumb Code    14  handlers.o(i.__scatterload_zeroinit)
    Region$$Table$$Base                      0x0801cf78   Number         0  anon$$obj.o(Region$$Table)
    Region$$Table$$Limit                     0x0801cf98   Number         0  anon$$obj.o(Region$$Table)
    __initial_sp                             0x20002fc0   Data           0  startup_at32f415.o(STACK)



==============================================================================

Memory Map of the image

  Image Entry point : 0x08002171

  Load Region LR_IROM1 (Base: 0x08002000, Size: 0x0001b0a0, Max: 0x00020000, ABSOLUTE)

    Execution Region ER_IROM1 (Exec base: 0x08002000, Load base: 0x08002000, Size: 0x0001af98, Max: 0x00020000, ABSOLUTE)

    Exec Addr    Load Addr    Size         Type   Attr      Idx    E Section Name        Object

    0x08002000   0x08002000   0x00000170   Data   RO           30    RESET               startup_at32f415.o
    0x08002170   0x08002170   0x00000000   Code   RO           67  * .ARM.Collect$$$$00000000  mc_w.l(entry.o)
    0x08002170   0x08002170   0x00000004   Code   RO          358    .ARM.Collect$$$$00000001  mc_w.l(entry2.o)
    0x08002174   0x08002174   0x00000004   Code   RO          361    .ARM.Collect$$$$00000004  mc_w.l(entry5.o)
    0x08002178   0x08002178   0x00000000   Code   RO          363    .ARM.Collect$$$$00000008  mc_w.l(entry7b.o)
    0x08002178   0x08002178   0x00000000   Code   RO          365    .ARM.Collect$$$$0000000A  mc_w.l(entry8b.o)
    0x08002178   0x08002178   0x00000008   Code   RO          366    .ARM.Collect$$$$0000000B  mc_w.l(entry9a.o)
    0x08002180   0x08002180   0x00000000   Code   RO          368    .ARM.Collect$$$$0000000D  mc_w.l(entry10a.o)
    0x08002180   0x08002180   0x00000000   Code   RO          370    .ARM.Collect$$$$0000000F  mc_w.l(entry11a.o)
    0x08002180   0x08002180   0x00000004   Code   RO          359    .ARM.Collect$$$$00002712  mc_w.l(entry2.o)
    0x08002184   0x08002184   0x00000024   Code   RO           31    .text               startup_at32f415.o
    0x080021a8   0x080021a8   0x00000000   Code   RO          397    .text               mc_w.l(iusefp.o)
    0x080021a8   0x080021a8   0x0000014e   Code   RO          398    .text               mf_w.l(dadd.o)
    0x080022f6   0x080022f6   0x000000e4   Code   RO          400    .text               mf_w.l(dmul.o)
    0x080023da   0x080023da   0x000000de   Code   RO          402    .text               mf_w.l(ddiv.o)
    0x080024b8   0x080024b8   0x00000030   Code   RO          412    .text               mc_w.l(init.o)
    0x080024e8   0x080024e8   0x0000001e   Code   RO          415    .text               mc_w.l(llshl.o)
    0x08002506   0x08002506   0x00000020   Code   RO          417    .text               mc_w.l(llushr.o)
    0x08002526   0x08002526   0x00000024   Code   RO          419    .text               mc_w.l(llsshr.o)
    0x0800254a   0x0800254a   0x000000ba   Code   RO          422    .text               mf_w.l(depilogue.o)
    0x08002604   0x08002604   0x0000001a   Code   RO          428    .text               mf_w.l(dfltui.o)
    0x0800261e   0x0800261e   0x0000003e   Code   RO          430    .text               mf_w.l(dfixi.o)
    0x0800265c   0x0800265c   0x00000024   Code   RO          887    .text               mc_w.l(memseta.o)
    0x08002680   0x08002680   0x000000b0   Code   RO          889    .text               mf_w.l(fadd.o)
    0x08002730   0x08002730   0x00000064   Code   RO          891    .text               mf_w.l(fmul.o)
    0x08002794   0x08002794   0x0000007c   Code   RO          893    .text               mf_w.l(fdiv.o)
    0x08002810   0x08002810   0x0000001c   Code   RO          895    .text               mf_w.l(fcmple.o)
    0x0800282c   0x0800282c   0x0000001c   Code   RO          897    .text               mf_w.l(fcmplt.o)
    0x08002848   0x08002848   0x0000001c   Code   RO          899    .text               mf_w.l(fcmpge.o)
    0x08002864   0x08002864   0x0000001c   Code   RO          901    .text               mf_w.l(fcmpgt.o)
    0x08002880   0x08002880   0x0000001c   Code   RO          903    .text               mf_w.l(fcmpeq.o)
    0x0800289c   0x0800289c   0x00000036   Code   RO          905    .text               mf_w.l(dcmpgt.o)
    0x080028d2   0x080028d2   0x00000012   Code   RO          907    .text               mf_w.l(fflti.o)
    0x080028e4   0x080028e4   0x0000000a   Code   RO          909    .text               mf_w.l(ffltui.o)
    0x080028ee   0x080028ee   0x00000032   Code   RO          911    .text               mf_w.l(ffixi.o)
    0x08002920   0x08002920   0x00000028   Code   RO          913    .text               mf_w.l(ffixui.o)
    0x08002948   0x08002948   0x00000032   Code   RO          915    .text               mf_w.l(dfixui.o)
    0x0800297a   0x0800297a   0x00000026   Code   RO          917    .text               mf_w.l(f2d.o)
    0x080029a0   0x080029a0   0x00000038   Code   RO          919    .text               mf_w.l(d2f.o)
    0x080029d8   0x080029d8   0x0000006e   Code   RO          921    .text               mf_w.l(fepilogue.o)
    0x08002a46   0x08002a46   0x00000002   Code   RO          457    .text.BusFault_Handler  lto-llvm-475aad.o
    0x08002a48   0x08002a48   0x00000002   Code   RO          463    .text.DebugMon_Handler  lto-llvm-475aad.o
    0x08002a4a   0x08002a4a   0x00000002   PAD
    0x08002a4c   0x08002a4c   0x000000a4   Code   RO          593    .text.DrawProgressBar  lto-llvm-475aad.o
    0x08002af0   0x08002af0   0x0000014a   Code   RO          601    .text.EC11_Analyze  lto-llvm-475aad.o
    0x08002c3a   0x08002c3a   0x00000136   Code   RO          599    .text.EC11_Scan     lto-llvm-475aad.o
    0x08002d70   0x08002d70   0x00000002   Code   RO          453    .text.HardFault_Handler  lto-llvm-475aad.o
    0x08002d72   0x08002d72   0x00000002   PAD
    0x08002d74   0x08002d74   0x00000098   Code   RO          577    .text.LCD_Address_Set  lto-llvm-475aad.o
    0x08002e0c   0x08002e0c   0x00000060   Code   RO          579    .text.LCD_Clear     lto-llvm-475aad.o
    0x08002e6c   0x08002e6c   0x000000a6   Code   RO          583    .text.LCD_DrawLine  lto-llvm-475aad.o
    0x08002f12   0x08002f12   0x0000003c   Code   RO          581    .text.LCD_Fill      lto-llvm-475aad.o
    0x08002f4e   0x08002f4e   0x00000002   PAD
    0x08002f50   0x08002f50   0x00000034   Code   RO          575    .text.LCD_RD_DATA   lto-llvm-475aad.o
    0x08002f84   0x08002f84   0x00000110   Code   RO          585    .text.LCD_ShowChar  lto-llvm-475aad.o
    0x08003094   0x08003094   0x00000092   Code   RO          589    .text.LCD_ShowIntNum  lto-llvm-475aad.o
    0x08003126   0x08003126   0x00000034   Code   RO          587    .text.LCD_ShowString  lto-llvm-475aad.o
    0x0800315a   0x0800315a   0x00000002   PAD
    0x0800315c   0x0800315c   0x0000004c   Code   RO          597    .text.LCD_VISION    lto-llvm-475aad.o
    0x080031a8   0x080031a8   0x0000001c   Code   RO          573    .text.LCD_WR_DATA   lto-llvm-475aad.o
    0x080031c4   0x080031c4   0x00000030   Code   RO          571    .text.LCD_WR_REG    lto-llvm-475aad.o
    0x080031f4   0x080031f4   0x00001654   Code   RO          519    .text.LcdProc       lto-llvm-475aad.o
    0x08004848   0x08004848   0x00000002   Code   RO          455    .text.MemManage_Handler  lto-llvm-475aad.o
    0x0800484a   0x0800484a   0x00000002   Code   RO          451    .text.NMI_Handler   lto-llvm-475aad.o
    0x0800484c   0x0800484c   0x0000000e   Code   RO          615    .text.OUTLINED_FUNCTION_0  lto-llvm-475aad.o
    0x0800485a   0x0800485a   0x00000010   Code   RO          617    .text.OUTLINED_FUNCTION_1  lto-llvm-475aad.o
    0x0800486a   0x0800486a   0x0000001a   Code   RO          635    .text.OUTLINED_FUNCTION_10  lto-llvm-475aad.o
    0x08004884   0x08004884   0x00000006   Code   RO          815    .text.OUTLINED_FUNCTION_100  lto-llvm-475aad.o
    0x0800488a   0x0800488a   0x0000000e   Code   RO          817    .text.OUTLINED_FUNCTION_101  lto-llvm-475aad.o
    0x08004898   0x08004898   0x00000006   Code   RO          819    .text.OUTLINED_FUNCTION_102  lto-llvm-475aad.o
    0x0800489e   0x0800489e   0x0000000a   Code   RO          821    .text.OUTLINED_FUNCTION_103  lto-llvm-475aad.o
    0x080048a8   0x080048a8   0x0000000a   Code   RO          823    .text.OUTLINED_FUNCTION_104  lto-llvm-475aad.o
    0x080048b2   0x080048b2   0x00000006   Code   RO          825    .text.OUTLINED_FUNCTION_105  lto-llvm-475aad.o
    0x080048b8   0x080048b8   0x0000000a   Code   RO          827    .text.OUTLINED_FUNCTION_106  lto-llvm-475aad.o
    0x080048c2   0x080048c2   0x00000006   Code   RO          829    .text.OUTLINED_FUNCTION_107  lto-llvm-475aad.o
    0x080048c8   0x080048c8   0x00000006   Code   RO          831    .text.OUTLINED_FUNCTION_108  lto-llvm-475aad.o
    0x080048ce   0x080048ce   0x0000000a   Code   RO          833    .text.OUTLINED_FUNCTION_109  lto-llvm-475aad.o
    0x080048d8   0x080048d8   0x00000012   Code   RO          637    .text.OUTLINED_FUNCTION_11  lto-llvm-475aad.o
    0x080048ea   0x080048ea   0x0000000e   Code   RO          835    .text.OUTLINED_FUNCTION_110  lto-llvm-475aad.o
    0x080048f8   0x080048f8   0x0000000a   Code   RO          837    .text.OUTLINED_FUNCTION_111  lto-llvm-475aad.o
    0x08004902   0x08004902   0x00000006   Code   RO          839    .text.OUTLINED_FUNCTION_112  lto-llvm-475aad.o
    0x08004908   0x08004908   0x0000000e   Code   RO          841    .text.OUTLINED_FUNCTION_113  lto-llvm-475aad.o
    0x08004916   0x08004916   0x0000000e   Code   RO          843    .text.OUTLINED_FUNCTION_114  lto-llvm-475aad.o
    0x08004924   0x08004924   0x0000000e   Code   RO          845    .text.OUTLINED_FUNCTION_115  lto-llvm-475aad.o
    0x08004932   0x08004932   0x0000000e   Code   RO          847    .text.OUTLINED_FUNCTION_116  lto-llvm-475aad.o
    0x08004940   0x08004940   0x00000016   Code   RO          849    .text.OUTLINED_FUNCTION_117  lto-llvm-475aad.o
    0x08004956   0x08004956   0x00000008   Code   RO          639    .text.OUTLINED_FUNCTION_12  lto-llvm-475aad.o
    0x0800495e   0x0800495e   0x0000000c   Code   RO          641    .text.OUTLINED_FUNCTION_13  lto-llvm-475aad.o
    0x0800496a   0x0800496a   0x00000016   Code   RO          643    .text.OUTLINED_FUNCTION_14  lto-llvm-475aad.o
    0x08004980   0x08004980   0x0000000e   Code   RO          645    .text.OUTLINED_FUNCTION_15  lto-llvm-475aad.o
    0x0800498e   0x0800498e   0x00000016   Code   RO          647    .text.OUTLINED_FUNCTION_16  lto-llvm-475aad.o
    0x080049a4   0x080049a4   0x0000000c   Code   RO          649    .text.OUTLINED_FUNCTION_17  lto-llvm-475aad.o
    0x080049b0   0x080049b0   0x0000000c   Code   RO          651    .text.OUTLINED_FUNCTION_18  lto-llvm-475aad.o
    0x080049bc   0x080049bc   0x0000000c   Code   RO          653    .text.OUTLINED_FUNCTION_19  lto-llvm-475aad.o
    0x080049c8   0x080049c8   0x00000020   Code   RO          619    .text.OUTLINED_FUNCTION_2  lto-llvm-475aad.o
    0x080049e8   0x080049e8   0x0000000a   Code   RO          655    .text.OUTLINED_FUNCTION_20  lto-llvm-475aad.o
    0x080049f2   0x080049f2   0x0000000a   Code   RO          657    .text.OUTLINED_FUNCTION_21  lto-llvm-475aad.o
    0x080049fc   0x080049fc   0x0000000e   Code   RO          659    .text.OUTLINED_FUNCTION_22  lto-llvm-475aad.o
    0x08004a0a   0x08004a0a   0x0000000a   Code   RO          661    .text.OUTLINED_FUNCTION_23  lto-llvm-475aad.o
    0x08004a14   0x08004a14   0x0000001a   Code   RO          663    .text.OUTLINED_FUNCTION_24  lto-llvm-475aad.o
    0x08004a2e   0x08004a2e   0x0000000c   Code   RO          665    .text.OUTLINED_FUNCTION_25  lto-llvm-475aad.o
    0x08004a3a   0x08004a3a   0x00000008   Code   RO          667    .text.OUTLINED_FUNCTION_26  lto-llvm-475aad.o
    0x08004a42   0x08004a42   0x0000000a   Code   RO          669    .text.OUTLINED_FUNCTION_27  lto-llvm-475aad.o
    0x08004a4c   0x08004a4c   0x0000001e   Code   RO          671    .text.OUTLINED_FUNCTION_28  lto-llvm-475aad.o
    0x08004a6a   0x08004a6a   0x0000000c   Code   RO          673    .text.OUTLINED_FUNCTION_29  lto-llvm-475aad.o
    0x08004a76   0x08004a76   0x00000018   Code   RO          621    .text.OUTLINED_FUNCTION_3  lto-llvm-475aad.o
    0x08004a8e   0x08004a8e   0x0000000c   Code   RO          675    .text.OUTLINED_FUNCTION_30  lto-llvm-475aad.o
    0x08004a9a   0x08004a9a   0x00000014   Code   RO          677    .text.OUTLINED_FUNCTION_31  lto-llvm-475aad.o
    0x08004aae   0x08004aae   0x0000000c   Code   RO          679    .text.OUTLINED_FUNCTION_32  lto-llvm-475aad.o
    0x08004aba   0x08004aba   0x0000000c   Code   RO          681    .text.OUTLINED_FUNCTION_33  lto-llvm-475aad.o
    0x08004ac6   0x08004ac6   0x00000008   Code   RO          683    .text.OUTLINED_FUNCTION_34  lto-llvm-475aad.o
    0x08004ace   0x08004ace   0x00000008   Code   RO          685    .text.OUTLINED_FUNCTION_35  lto-llvm-475aad.o
    0x08004ad6   0x08004ad6   0x0000000c   Code   RO          687    .text.OUTLINED_FUNCTION_36  lto-llvm-475aad.o
    0x08004ae2   0x08004ae2   0x0000000e   Code   RO          689    .text.OUTLINED_FUNCTION_37  lto-llvm-475aad.o
    0x08004af0   0x08004af0   0x00000006   Code   RO          691    .text.OUTLINED_FUNCTION_38  lto-llvm-475aad.o
    0x08004af6   0x08004af6   0x00000006   Code   RO          693    .text.OUTLINED_FUNCTION_39  lto-llvm-475aad.o
    0x08004afc   0x08004afc   0x0000000c   Code   RO          623    .text.OUTLINED_FUNCTION_4  lto-llvm-475aad.o
    0x08004b08   0x08004b08   0x0000000a   Code   RO          695    .text.OUTLINED_FUNCTION_40  lto-llvm-475aad.o
    0x08004b12   0x08004b12   0x00000006   Code   RO          697    .text.OUTLINED_FUNCTION_41  lto-llvm-475aad.o
    0x08004b18   0x08004b18   0x00000006   Code   RO          699    .text.OUTLINED_FUNCTION_42  lto-llvm-475aad.o
    0x08004b1e   0x08004b1e   0x00000006   Code   RO          701    .text.OUTLINED_FUNCTION_43  lto-llvm-475aad.o
    0x08004b24   0x08004b24   0x00000006   Code   RO          703    .text.OUTLINED_FUNCTION_44  lto-llvm-475aad.o
    0x08004b2a   0x08004b2a   0x00000010   Code   RO          705    .text.OUTLINED_FUNCTION_45  lto-llvm-475aad.o
    0x08004b3a   0x08004b3a   0x00000008   Code   RO          707    .text.OUTLINED_FUNCTION_46  lto-llvm-475aad.o
    0x08004b42   0x08004b42   0x0000000e   Code   RO          709    .text.OUTLINED_FUNCTION_47  lto-llvm-475aad.o
    0x08004b50   0x08004b50   0x0000000e   Code   RO          711    .text.OUTLINED_FUNCTION_48  lto-llvm-475aad.o
    0x08004b5e   0x08004b5e   0x00000006   Code   RO          713    .text.OUTLINED_FUNCTION_49  lto-llvm-475aad.o
    0x08004b64   0x08004b64   0x00000012   Code   RO          625    .text.OUTLINED_FUNCTION_5  lto-llvm-475aad.o
    0x08004b76   0x08004b76   0x00000006   Code   RO          715    .text.OUTLINED_FUNCTION_50  lto-llvm-475aad.o
    0x08004b7c   0x08004b7c   0x0000000c   Code   RO          717    .text.OUTLINED_FUNCTION_51  lto-llvm-475aad.o
    0x08004b88   0x08004b88   0x00000008   Code   RO          719    .text.OUTLINED_FUNCTION_52  lto-llvm-475aad.o
    0x08004b90   0x08004b90   0x00000008   Code   RO          721    .text.OUTLINED_FUNCTION_53  lto-llvm-475aad.o
    0x08004b98   0x08004b98   0x00000006   Code   RO          723    .text.OUTLINED_FUNCTION_54  lto-llvm-475aad.o
    0x08004b9e   0x08004b9e   0x00000006   Code   RO          725    .text.OUTLINED_FUNCTION_55  lto-llvm-475aad.o
    0x08004ba4   0x08004ba4   0x00000006   Code   RO          727    .text.OUTLINED_FUNCTION_56  lto-llvm-475aad.o
    0x08004baa   0x08004baa   0x0000000a   Code   RO          729    .text.OUTLINED_FUNCTION_57  lto-llvm-475aad.o
    0x08004bb4   0x08004bb4   0x00000012   Code   RO          731    .text.OUTLINED_FUNCTION_58  lto-llvm-475aad.o
    0x08004bc6   0x08004bc6   0x0000000a   Code   RO          733    .text.OUTLINED_FUNCTION_59  lto-llvm-475aad.o
    0x08004bd0   0x08004bd0   0x00000018   Code   RO          627    .text.OUTLINED_FUNCTION_6  lto-llvm-475aad.o
    0x08004be8   0x08004be8   0x00000008   Code   RO          735    .text.OUTLINED_FUNCTION_60  lto-llvm-475aad.o
    0x08004bf0   0x08004bf0   0x00000006   Code   RO          737    .text.OUTLINED_FUNCTION_61  lto-llvm-475aad.o
    0x08004bf6   0x08004bf6   0x00000008   Code   RO          739    .text.OUTLINED_FUNCTION_62  lto-llvm-475aad.o
    0x08004bfe   0x08004bfe   0x0000000c   Code   RO          741    .text.OUTLINED_FUNCTION_63  lto-llvm-475aad.o
    0x08004c0a   0x08004c0a   0x0000000c   Code   RO          743    .text.OUTLINED_FUNCTION_64  lto-llvm-475aad.o
    0x08004c16   0x08004c16   0x00000006   Code   RO          745    .text.OUTLINED_FUNCTION_65  lto-llvm-475aad.o
    0x08004c1c   0x08004c1c   0x00000008   Code   RO          747    .text.OUTLINED_FUNCTION_66  lto-llvm-475aad.o
    0x08004c24   0x08004c24   0x00000008   Code   RO          749    .text.OUTLINED_FUNCTION_67  lto-llvm-475aad.o
    0x08004c2c   0x08004c2c   0x0000000c   Code   RO          751    .text.OUTLINED_FUNCTION_68  lto-llvm-475aad.o
    0x08004c38   0x08004c38   0x00000010   Code   RO          753    .text.OUTLINED_FUNCTION_69  lto-llvm-475aad.o
    0x08004c48   0x08004c48   0x00000022   Code   RO          629    .text.OUTLINED_FUNCTION_7  lto-llvm-475aad.o
    0x08004c6a   0x08004c6a   0x00000010   Code   RO          755    .text.OUTLINED_FUNCTION_70  lto-llvm-475aad.o
    0x08004c7a   0x08004c7a   0x00000010   Code   RO          757    .text.OUTLINED_FUNCTION_71  lto-llvm-475aad.o
    0x08004c8a   0x08004c8a   0x00000008   Code   RO          759    .text.OUTLINED_FUNCTION_72  lto-llvm-475aad.o
    0x08004c92   0x08004c92   0x00000006   Code   RO          761    .text.OUTLINED_FUNCTION_73  lto-llvm-475aad.o
    0x08004c98   0x08004c98   0x00000008   Code   RO          763    .text.OUTLINED_FUNCTION_74  lto-llvm-475aad.o
    0x08004ca0   0x08004ca0   0x00000008   Code   RO          765    .text.OUTLINED_FUNCTION_75  lto-llvm-475aad.o
    0x08004ca8   0x08004ca8   0x00000008   Code   RO          767    .text.OUTLINED_FUNCTION_76  lto-llvm-475aad.o
    0x08004cb0   0x08004cb0   0x0000000a   Code   RO          769    .text.OUTLINED_FUNCTION_77  lto-llvm-475aad.o
    0x08004cba   0x08004cba   0x0000000a   Code   RO          771    .text.OUTLINED_FUNCTION_78  lto-llvm-475aad.o
    0x08004cc4   0x08004cc4   0x0000000a   Code   RO          773    .text.OUTLINED_FUNCTION_79  lto-llvm-475aad.o
    0x08004cce   0x08004cce   0x0000000c   Code   RO          631    .text.OUTLINED_FUNCTION_8  lto-llvm-475aad.o
    0x08004cda   0x08004cda   0x0000000a   Code   RO          775    .text.OUTLINED_FUNCTION_80  lto-llvm-475aad.o
    0x08004ce4   0x08004ce4   0x0000000a   Code   RO          777    .text.OUTLINED_FUNCTION_81  lto-llvm-475aad.o
    0x08004cee   0x08004cee   0x0000000a   Code   RO          779    .text.OUTLINED_FUNCTION_82  lto-llvm-475aad.o
    0x08004cf8   0x08004cf8   0x0000000a   Code   RO          781    .text.OUTLINED_FUNCTION_83  lto-llvm-475aad.o
    0x08004d02   0x08004d02   0x0000000a   Code   RO          783    .text.OUTLINED_FUNCTION_84  lto-llvm-475aad.o
    0x08004d0c   0x08004d0c   0x0000000a   Code   RO          785    .text.OUTLINED_FUNCTION_85  lto-llvm-475aad.o
    0x08004d16   0x08004d16   0x0000000a   Code   RO          787    .text.OUTLINED_FUNCTION_86  lto-llvm-475aad.o
    0x08004d20   0x08004d20   0x0000000a   Code   RO          789    .text.OUTLINED_FUNCTION_87  lto-llvm-475aad.o
    0x08004d2a   0x08004d2a   0x0000000a   Code   RO          791    .text.OUTLINED_FUNCTION_88  lto-llvm-475aad.o
    0x08004d34   0x08004d34   0x0000000a   Code   RO          793    .text.OUTLINED_FUNCTION_89  lto-llvm-475aad.o
    0x08004d3e   0x08004d3e   0x0000000a   Code   RO          633    .text.OUTLINED_FUNCTION_9  lto-llvm-475aad.o
    0x08004d48   0x08004d48   0x0000000a   Code   RO          795    .text.OUTLINED_FUNCTION_90  lto-llvm-475aad.o
    0x08004d52   0x08004d52   0x0000000a   Code   RO          797    .text.OUTLINED_FUNCTION_91  lto-llvm-475aad.o
    0x08004d5c   0x08004d5c   0x0000000a   Code   RO          799    .text.OUTLINED_FUNCTION_92  lto-llvm-475aad.o
    0x08004d66   0x08004d66   0x0000000a   Code   RO          801    .text.OUTLINED_FUNCTION_93  lto-llvm-475aad.o
    0x08004d70   0x08004d70   0x0000000a   Code   RO          803    .text.OUTLINED_FUNCTION_94  lto-llvm-475aad.o
    0x08004d7a   0x08004d7a   0x0000000a   Code   RO          805    .text.OUTLINED_FUNCTION_95  lto-llvm-475aad.o
    0x08004d84   0x08004d84   0x0000000a   Code   RO          807    .text.OUTLINED_FUNCTION_96  lto-llvm-475aad.o
    0x08004d8e   0x08004d8e   0x0000000e   Code   RO          809    .text.OUTLINED_FUNCTION_97  lto-llvm-475aad.o
    0x08004d9c   0x08004d9c   0x00000006   Code   RO          811    .text.OUTLINED_FUNCTION_98  lto-llvm-475aad.o
    0x08004da2   0x08004da2   0x0000000e   Code   RO          813    .text.OUTLINED_FUNCTION_99  lto-llvm-475aad.o
    0x08004db0   0x08004db0   0x00000002   Code   RO          465    .text.PendSV_Handler  lto-llvm-475aad.o
    0x08004db2   0x08004db2   0x00000002   Code   RO          461    .text.SVC_Handler   lto-llvm-475aad.o
    0x08004db4   0x08004db4   0x000014e8   Code   RO          467    .text.SysTick_Handler  lto-llvm-475aad.o
    0x0800629c   0x0800629c   0x00000074   Code   RO          505    .text.SystemInit    lto-llvm-475aad.o
    0x08006310   0x08006310   0x00000030   Code   RO          469    .text.TMR1_BRK_TMR9_IRQHandler  lto-llvm-475aad.o
    0x08006340   0x08006340   0x0000048c   Code   RO          471    .text.TMR5_GLOBAL_IRQHandler  lto-llvm-475aad.o
    0x080067cc   0x080067cc   0x00000688   Code   RO          591    .text.TranferPicturetoTFT_LCD  lto-llvm-475aad.o
    0x08006e54   0x08006e54   0x00000060   Code   RO          549    .text.USART1_IRQHandler  lto-llvm-475aad.o
    0x08006eb4   0x08006eb4   0x00000002   Code   RO          459    .text.UsageFault_Handler  lto-llvm-475aad.o
    0x08006eb6   0x08006eb6   0x00000002   PAD
    0x08006eb8   0x08006eb8   0x00000024   Code   RO          499    .text.__NVIC_SystemReset  lto-llvm-475aad.o
    0x08006edc   0x08006edc   0x00000034   Code   RO          475    .text.adc_ordinary_channel_set  lto-llvm-475aad.o
    0x08006f10   0x08006f10   0x0000000c   Code   RO          555    .text.beep_off      lto-llvm-475aad.o
    0x08006f1c   0x08006f1c   0x0000000c   Code   RO          553    .text.beep_on       lto-llvm-475aad.o
    0x08006f28   0x08006f28   0x0000004c   Code   RO          551    .text.convert_data  lto-llvm-475aad.o
    0x08006f74   0x08006f74   0x0000001c   Code   RO          503    .text.crc_block_calculate  lto-llvm-475aad.o
    0x08006f90   0x08006f90   0x000000f8   Code   RO          477    .text.crm_clocks_freq_get  lto-llvm-475aad.o
    0x08007088   0x08007088   0x0000002a   Code   RO          507    .text.data_check_len  lto-llvm-475aad.o
    0x080070b2   0x080070b2   0x00000002   PAD
    0x080070b4   0x080070b4   0x00000034   Code   RO          481    .text.dma_flexible_config  lto-llvm-475aad.o
    0x080070e8   0x080070e8   0x0000007c   Code   RO          483    .text.dma_init      lto-llvm-475aad.o
    0x08007164   0x08007164   0x0000004c   Code   RO          479    .text.dma_reset     lto-llvm-475aad.o
    0x080071b0   0x080071b0   0x00000024   Code   RO          437    .text.feed_dog_task  lto-llvm-475aad.o
    0x080071d4   0x080071d4   0x00000030   Code   RO          515    .text.flash_ask_error  lto-llvm-475aad.o
    0x08007204   0x08007204   0x00000038   Code   RO          513    .text.flash_ask_ok  lto-llvm-475aad.o
    0x0800723c   0x0800723c   0x0000001c   Code   RO          493    .text.flash_halfword_program  lto-llvm-475aad.o
    0x08007258   0x08007258   0x00000028   Code   RO          485    .text.flash_operation_status_get  lto-llvm-475aad.o
    0x08007280   0x08007280   0x0000001c   Code   RO          487    .text.flash_operation_wait_for  lto-llvm-475aad.o
    0x0800729c   0x0800729c   0x0000002c   Code   RO          489    .text.flash_sector_erase  lto-llvm-475aad.o
    0x080072c8   0x080072c8   0x000006c8   Code   RO          443    .text.flash_task    lto-llvm-475aad.o
    0x08007990   0x08007990   0x00000028   Code   RO          491    .text.flash_word_program  lto-llvm-475aad.o
    0x080079b8   0x080079b8   0x00000028   Code   RO          557    .text.flash_wred_halfword  lto-llvm-475aad.o
    0x080079e0   0x080079e0   0x00000028   Code   RO          521    .text.get_adcval    lto-llvm-475aad.o
    0x08007a08   0x08007a08   0x000000a0   Code   RO          509    .text.get_data_from_a  lto-llvm-475aad.o
    0x08007aa8   0x08007aa8   0x000000a8   Code   RO          511    .text.get_data_from_b  lto-llvm-475aad.o
    0x08007b50   0x08007b50   0x000000a8   Code   RO          495    .text.gpio_init     lto-llvm-475aad.o
    0x08007bf8   0x08007bf8   0x00000044   Code   RO          435    .text.iap_task      lto-llvm-475aad.o
    0x08007c3c   0x08007c3c   0x00000038   Code   RO          561    .text.key_set_timing_simple  lto-llvm-475aad.o
    0x08007c74   0x08007c74   0x00000c0c   Code   RO          447    .text.key_task      lto-llvm-475aad.o
    0x08008880   0x08008880   0x0000004c   Code   RO          439    .text.lcd_task      lto-llvm-475aad.o
    0x080088cc   0x080088cc   0x00000e94   Code   RO          433    .text.main          lto-llvm-475aad.o
    0x08009760   0x08009760   0x00000020   Code   RO          559    .text.ms_to_scan_count  lto-llvm-475aad.o
    0x08009780   0x08009780   0x00000004   Code   RO          497    .text.nvic_system_reset  lto-llvm-475aad.o
    0x08009784   0x08009784   0x000003a4   Code   RO          441    .text.output_task   lto-llvm-475aad.o
    0x08009b28   0x08009b28   0x0000007a   Code   RO          517    .text.parse_version_string  lto-llvm-475aad.o
    0x08009ba2   0x08009ba2   0x00000002   PAD
    0x08009ba4   0x08009ba4   0x00000458   Code   RO          449    .text.pc_task       lto-llvm-475aad.o
    0x08009ffc   0x08009ffc   0x0000001e   Code   RO          563    .text.queue_init    lto-llvm-475aad.o
    0x0800a01a   0x0800a01a   0x00000026   Code   RO          567    .text.queue_read    lto-llvm-475aad.o
    0x0800a040   0x0800a040   0x00000032   Code   RO          565    .text.queue_write   lto-llvm-475aad.o
    0x0800a072   0x0800a072   0x00000002   PAD
    0x0800a074   0x0800a074   0x00000044   Code   RO          569    .text.set_mode      lto-llvm-475aad.o
    0x0800a0b8   0x0800a0b8   0x00000006   Code   RO          525    .text.spi_byte_read  lto-llvm-475aad.o
    0x0800a0be   0x0800a0be   0x00000002   PAD
    0x0800a0c0   0x0800a0c0   0x00000028   Code   RO          523    .text.spi_byte_write  lto-llvm-475aad.o
    0x0800a0e8   0x0800a0e8   0x00000048   Code   RO          539    .text.spiflash_force_4byte_mode  lto-llvm-475aad.o
    0x0800a130   0x0800a130   0x00000130   Code   RO          541    .text.spiflash_read  lto-llvm-475aad.o
    0x0800a260   0x0800a260   0x00000018   Code   RO          535    .text.spiflash_read_ear  lto-llvm-475aad.o
    0x0800a278   0x0800a278   0x00000014   Code   RO          527    .text.spiflash_read_sr1  lto-llvm-475aad.o
    0x0800a28c   0x0800a28c   0x00000018   Code   RO          529    .text.spiflash_read_sr3  lto-llvm-475aad.o
    0x0800a2a4   0x0800a2a4   0x0000000c   Code   RO          531    .text.spiflash_wait_busy  lto-llvm-475aad.o
    0x0800a2b0   0x0800a2b0   0x0000002c   Code   RO          537    .text.spiflash_write_ear  lto-llvm-475aad.o
    0x0800a2dc   0x0800a2dc   0x00000014   Code   RO          533    .text.spiflash_write_enable  lto-llvm-475aad.o
    0x0800a2f0   0x0800a2f0   0x0000016c   Code   RO          543    .text.spiflash_write_nocheck  lto-llvm-475aad.o
    0x0800a45c   0x0800a45c   0x000000d6   Code   RO          501    .text.tmr_output_channel_config  lto-llvm-475aad.o
    0x0800a532   0x0800a532   0x00000002   PAD
    0x0800a534   0x0800a534   0x0000002c   Code   RO          607    .text.tmt_create    lto-llvm-475aad.o
    0x0800a560   0x0800a560   0x0000005c   Code   RO          609    .text.tmt_delete    lto-llvm-475aad.o
    0x0800a5bc   0x0800a5bc   0x00000034   Code   RO          603    .text.tmt_run       lto-llvm-475aad.o
    0x0800a5f0   0x0800a5f0   0x0000002c   Code   RO          613    .text.tmt_run_ctrl  lto-llvm-475aad.o
    0x0800a61c   0x0800a61c   0x00000030   Code   RO          611    .text.tmt_time_ctrl  lto-llvm-475aad.o
    0x0800a64c   0x0800a64c   0x00000020   Code   RO          605    .text.tmt_update_tick  lto-llvm-475aad.o
    0x0800a66c   0x0800a66c   0x00000038   Code   RO          547    .text.usart_receiveData  lto-llvm-475aad.o
    0x0800a6a4   0x0800a6a4   0x0000004c   Code   RO          545    .text.usart_sendData  lto-llvm-475aad.o
    0x0800a6f0   0x0800a6f0   0x00000064   Code   RO          595    .text.voltage_to_y  lto-llvm-475aad.o
    0x0800a754   0x0800a754   0x0000001c   Code   RO          473    .text.wk_delay_ms   lto-llvm-475aad.o
    0x0800a770   0x0800a770   0x00000002   Code   RO          445    .text.work_task     lto-llvm-475aad.o
    0x0800a772   0x0800a772   0x0000000e   Code   RO          925    i.__scatterload_copy  mc_w.l(handlers.o)
    0x0800a780   0x0800a780   0x00000002   Code   RO          926    i.__scatterload_null  mc_w.l(handlers.o)
    0x0800a782   0x0800a782   0x0000000e   Code   RO          927    i.__scatterload_zeroinit  mc_w.l(handlers.o)
    0x0800a790   0x0800a790   0x0000000c   Data   RO          856    .rodata..Lswitch.table.get_key.4  lto-llvm-475aad.o
    0x0800a79c   0x0800a79c   0x0000000c   Data   RO          857    .rodata..Lswitch.table.get_key.5  lto-llvm-475aad.o
    0x0800a7a8   0x0800a7a8   0x00000474   Data   RO          866    .rodata.ascii_1206  lto-llvm-475aad.o
    0x0800ac1c   0x0800ac1c   0x000005f0   Data   RO          867    .rodata.ascii_1608  lto-llvm-475aad.o
    0x0800b20c   0x0800b20c   0x000011d0   Data   RO          868    .rodata.ascii_2412  lto-llvm-475aad.o
    0x0800c3dc   0x0800c3dc   0x000017c0   Data   RO          869    .rodata.ascii_3216  lto-llvm-475aad.o
    0x0800db9c   0x0800db9c   0x00005f00   Data   RO          870    .rodata.ascii_6432  lto-llvm-475aad.o
    0x08013a9c   0x08013a9c   0x00009470   Data   RO          871    .rodata.ascii_8040  lto-llvm-475aad.o
    0x0801cf0c   0x0801cf0c   0x00000008   Data   RO          855    .rodata.cst8        lto-llvm-475aad.o
    0x0801cf14   0x0801cf14   0x00000029   Data   RO          858    .rodata.off_set_buff  lto-llvm-475aad.o
    0x0801cf3d   0x0801cf3d   0x00000011   Data   RO          851    .rodata.str1.1      lto-llvm-475aad.o
    0x0801cf4e   0x0801cf4e   0x00000029   Data   RO          859    .rodata.wind_set_20_buff  lto-llvm-475aad.o
    0x0801cf77   0x0801cf77   0x00000001   PAD
    0x0801cf78   0x0801cf78   0x00000020   Data   RO          924    Region$$Table       anon$$obj.o


    Execution Region RW_IRAM1 (Exec base: 0x20000000, Load base: 0x0801cf98, Size: 0x00002fc0, Max: 0x00008000, ABSOLUTE)

    Exec Addr    Load Addr    Size         Type   Attr      Idx    E Section Name        Object

    0x20000000   0x0801cf98   0x0000006c   Data   RW          876    .data..L_MergedGlobals  lto-llvm-475aad.o
    0x2000006c   0x0801d004   0x00000060   Data   RW          877    .data..L_MergedGlobals.336  lto-llvm-475aad.o
    0x200000cc   0x0801d064   0x00000038   Data   RW          874    .data.air_ec11      lto-llvm-475aad.o
    0x20000104   0x0801d09c   0x00000001   Data   RW          860    .data.pc_event      lto-llvm-475aad.o
    0x20000105   0x0801d09d   0x00000003   PAD
    0x20000108        -       0x0000007e   Zero   RW          878    .bss..L_MergedGlobals.337  lto-llvm-475aad.o
    0x20000186   0x0801d09d   0x00000002   PAD
    0x20000188        -       0x00000078   Zero   RW          879    .bss..L_MergedGlobals.338  lto-llvm-475aad.o
    0x20000200        -       0x00000400   Zero   RW          872    .bss.TranferPicturetoTFT_LCD.Read_data  lto-llvm-475aad.o
    0x20000600        -       0x00000400   Zero   RW          864    .bss.chUsart1RxBuffer  lto-llvm-475aad.o
    0x20000a00        -       0x00000400   Zero   RW          865    .bss.chUsart1TxBuffer  lto-llvm-475aad.o
    0x20000e00        -       0x00000001   Zero   RW          853    .bss.feed_dog_task.first_in  lto-llvm-475aad.o
    0x20000e01   0x0801d09d   0x00000003   PAD
    0x20000e04        -       0x00000030   Zero   RW          862    .bss.handle_temp    lto-llvm-475aad.o
    0x20000e34        -       0x00000001   Zero   RW          852    .bss.lcd_task.is_first  lto-llvm-475aad.o
    0x20000e35   0x0801d09d   0x00000003   PAD
    0x20000e38        -       0x0000007c   Zero   RW          875    .bss.object         lto-llvm-475aad.o
    0x20000eb4        -       0x00000918   Zero   RW          861    .bss.pc_data        lto-llvm-475aad.o
    0x200017cc        -       0x000003f0   Zero   RW          873    .bss.sFWHA01_t      lto-llvm-475aad.o
    0x20001bbc        -       0x00001000   Zero   RW          863    .bss.spiflash_sector_buf  lto-llvm-475aad.o
    0x20002bbc   0x0801d09d   0x00000004   PAD
    0x20002bc0        -       0x00000400   Zero   RW           28    STACK               startup_at32f415.o


==============================================================================

Image component sizes


      Code (inc. data)   RO Data    RW Data    ZI Data      Debug   Object Name

     32024       3312      75751        261      10924     241171   lto-llvm-475aad.o
        36          8        368          0       1024        800   startup_at32f415.o

    ----------------------------------------------------------------------
     32080       3320      76152        264      11960     241971   Object Totals
         0          0         32          0          0          0   (incl. Generated)
        20          0          1          3         12          0   (incl. Padding)

    ----------------------------------------------------------------------

      Code (inc. data)   RO Data    RW Data    ZI Data      Debug   Library Member Name

         0          0          0          0          0          0   entry.o
         0          0          0          0          0          0   entry10a.o
         0          0          0          0          0          0   entry11a.o
         8          4          0          0          0          0   entry2.o
         4          0          0          0          0          0   entry5.o
         0          0          0          0          0          0   entry7b.o
         0          0          0          0          0          0   entry8b.o
         8          4          0          0          0          0   entry9a.o
        30          0          0          0          0          0   handlers.o
        48         10          0          0          0         68   init.o
         0          0          0          0          0          0   iusefp.o
        30          0          0          0          0         68   llshl.o
        36          0          0          0          0         68   llsshr.o
        32          0          0          0          0         68   llushr.o
        36          0          0          0          0        108   memseta.o
        56          0          0          0          0         88   d2f.o
       334          0          0          0          0        148   dadd.o
        54          0          0          0          0         80   dcmpgt.o
       222          0          0          0          0        100   ddiv.o
       186          0          0          0          0        176   depilogue.o
        62          0          0          0          0         80   dfixi.o
        50          0          0          0          0         76   dfixui.o
        26          0          0          0          0         76   dfltui.o
       228          0          0          0          0         96   dmul.o
        38          0          0          0          0         68   f2d.o
       176          0          0          0          0        140   fadd.o
        28          0          0          0          0         68   fcmpeq.o
        28          0          0          0          0         68   fcmpge.o
        28          0          0          0          0         68   fcmpgt.o
        28          0          0          0          0         68   fcmple.o
        28          0          0          0          0         68   fcmplt.o
       124          0          0          0          0         88   fdiv.o
       110          0          0          0          0        168   fepilogue.o
        50          0          0          0          0         68   ffixi.o
        40          0          0          0          0         68   ffixui.o
        18          0          0          0          0         68   fflti.o
        10          0          0          0          0         68   ffltui.o
       100          0          0          0          0         76   fmul.o

    ----------------------------------------------------------------------
      2256         18          0          0          0       2452   Library Totals
         0          0          0          0          0          0   (incl. Padding)

    ----------------------------------------------------------------------

      Code (inc. data)   RO Data    RW Data    ZI Data      Debug   Library Name

       232         18          0          0          0        380   mc_w.l
      2024          0          0          0          0       2072   mf_w.l

    ----------------------------------------------------------------------
      2256         18          0          0          0       2452   Library Totals

    ----------------------------------------------------------------------

==============================================================================


      Code (inc. data)   RO Data    RW Data    ZI Data      Debug   

     34336       3338      76152        264      11960     243275   Grand Totals
     34336       3338      76152        264      11960     243275   ELF Image Totals
     34336       3338      76152        264          0          0   ROM Totals

==============================================================================

    Total RO  Size (Code + RO Data)               110488 ( 107.90kB)
    Total RW  Size (RW Data + ZI Data)             12224 (  11.94kB)
    Total ROM Size (Code + RO Data + RW Data)     110752 ( 108.16kB)

==============================================================================

