<html>
<body>
<pre>
<h1>µVision Build Log</h1>
<h2>Tool Versions:</h2>
IDE-Version: ¦ÌVision V5.42.0.0
Copyright (C) 2025 ARM Ltd and ARM Germany GmbH. All rights reserved.
License Information: 1 Administrator, 11, LIC=IK1BF-6KR8B-2ZTW4-FMYEQ-TB5KW-HTE2F
 
Tool Versions:
Toolchain:       MDK-ARM Plus  Version: 5.42.0.0
Toolchain Path:  D:\keil5.42\ARM\ARMCLANG\Bin
C Compiler:      ArmClang.exe V6.23
Assembler:       Armasm.exe V6.23
Linker/Locator:  ArmLink.exe V6.23
Library Manager: ArmAr.exe V6.23
Hex Converter:   FromElf.exe V6.23
CPU DLL:         SARMCM3.DLL V5.42.0.0
Dialog DLL:      DCM.DLL V1.17.5.0
Target DLL:      CMSIS_AGDI.dll V1.33.22.0
Dialog DLL:      TCM.DLL V1.56.6.0
 
<h2>Project:</h2>
D:\AT32_project\HA04\AT32F415RBT7\bootloader\project\MDK_V5\AT32F415RBT7_WorkBench.uvprojx
Project File Date:  12/20/2025

<h2>Output:</h2>
*** Using Compiler 'V6.23', folder: 'D:\keil5.42\ARM\ARMCLANG\Bin'
Rebuild target 'AT32F415RBT7_WorkBench'
compiling wk_crc.c...
compiling wk_debug.c...
compiling wk_usart.c...
compiling at32f415_wk_config.c...
compiling main.c...
compiling at32f415_crc.c...
compiling at32f415_debug.c...
compiling wk_system.c...
compiling iap.c...
compiling flash.c...
compiling at32f415_pwc.c...
compiling at32f415_gpio.c...
compiling at32f415_misc.c...
compiling at32f415_crm.c...
compiling at32f415_int.c...
assembling startup_at32f415.s...
compiling system_at32f415.c...
compiling at32f415_usart.c...
compiling at32f415_flash.c...
linking...
Program Size: Code=5190 RO-data=410 RW-data=8 ZI-data=4168  
FromELF: creating hex file...
".\objects\AT32F415RBT7_WorkBench.axf" - 0 Error(s), 0 Warning(s).

<h2>Software Packages used:</h2>

Package Vendor: ArteryTek
                
                ArteryTek::AT32F415_DFP@2.1.6
                ArteryTek AT32F415 Series Device Support,Drivers

<h2>Collection of Component include folders:</h2>
  D:/keil5.42/ArteryTek/AT32F415_DFP/2.1.6/Device/Include

<h2>Collection of Component Files used:</h2>
Build Time Elapsed:  00:00:01
</pre>
</body>
</html>
