Component: Arm Compiler for Embedded 6.23 Tool: armlink [5f102400]

==============================================================================

Section Cross References

    main.o(.text.main) refers to at32f415_wk_config.o(.text.wk_system_clock_config) for wk_system_clock_config
    main.o(.text.main) refers to at32f415_wk_config.o(.text.wk_periph_clock_config) for wk_periph_clock_config
    main.o(.text.main) refers to wk_debug.o(.text.wk_debug_config) for wk_debug_config
    main.o(.text.main) refers to at32f415_wk_config.o(.text.wk_nvic_config) for wk_nvic_config
    main.o(.text.main) refers to wk_system.o(.text.wk_timebase_init) for wk_timebase_init
    main.o(.text.main) refers to wk_gpio.o(.text.wk_gpio_config) for wk_gpio_config
    main.o(.text.main) refers to wk_usart.o(.text.wk_usart1_init) for wk_usart1_init
    main.o(.text.main) refers to wk_crc.o(.text.wk_crc_init) for wk_crc_init
    main.o(.text.main) refers to flash.o(.text.flash_upgrade_flag_read) for flash_upgrade_flag_read
    main.o(.text.main) refers to iap.o(.text.app_load) for app_load
    main.o(.text.main) refers to at32f415_int.o(.text.usart1_send_ok) for usart1_send_ok
    main.o(.text.main) refers to main.o(.bss.iap_done) for iap_done
    main.o(.text.main) refers to at32f415_crm.o(.text.crm_reset) for crm_reset
    main.o(.ARM.exidx.text.main) refers to main.o(.text.main) for [Anonymous Symbol]
    at32f415_wk_config.o(.text.wk_system_clock_config) refers to at32f415_crm.o(.text.crm_reset) for crm_reset
    at32f415_wk_config.o(.text.wk_system_clock_config) refers to at32f415_crm.o(.text.crm_clock_source_enable) for crm_clock_source_enable
    at32f415_wk_config.o(.text.wk_system_clock_config) refers to at32f415_crm.o(.text.crm_flag_get) for crm_flag_get
    at32f415_wk_config.o(.text.wk_system_clock_config) refers to at32f415_crm.o(.text.crm_hext_stable_wait) for crm_hext_stable_wait
    at32f415_wk_config.o(.text.wk_system_clock_config) refers to at32f415_crm.o(.text.crm_pll_config) for crm_pll_config
    at32f415_wk_config.o(.text.wk_system_clock_config) refers to at32f415_crm.o(.text.crm_ahb_div_set) for crm_ahb_div_set
    at32f415_wk_config.o(.text.wk_system_clock_config) refers to at32f415_crm.o(.text.crm_apb2_div_set) for crm_apb2_div_set
    at32f415_wk_config.o(.text.wk_system_clock_config) refers to at32f415_crm.o(.text.crm_apb1_div_set) for crm_apb1_div_set
    at32f415_wk_config.o(.text.wk_system_clock_config) refers to at32f415_crm.o(.text.crm_auto_step_mode_enable) for crm_auto_step_mode_enable
    at32f415_wk_config.o(.text.wk_system_clock_config) refers to at32f415_crm.o(.text.crm_sysclk_switch) for crm_sysclk_switch
    at32f415_wk_config.o(.text.wk_system_clock_config) refers to at32f415_crm.o(.text.crm_sysclk_switch_status_get) for crm_sysclk_switch_status_get
    at32f415_wk_config.o(.text.wk_system_clock_config) refers to system_at32f415.o(.text.system_core_clock_update) for system_core_clock_update
    at32f415_wk_config.o(.ARM.exidx.text.wk_system_clock_config) refers to at32f415_wk_config.o(.text.wk_system_clock_config) for [Anonymous Symbol]
    at32f415_wk_config.o(.text.wk_periph_clock_config) refers to at32f415_crm.o(.text.crm_periph_clock_enable) for crm_periph_clock_enable
    at32f415_wk_config.o(.ARM.exidx.text.wk_periph_clock_config) refers to at32f415_wk_config.o(.text.wk_periph_clock_config) for [Anonymous Symbol]
    at32f415_wk_config.o(.text.wk_nvic_config) refers to at32f415_misc.o(.text.nvic_priority_group_config) for nvic_priority_group_config
    at32f415_wk_config.o(.text.wk_nvic_config) refers to at32f415_misc.o(.text.nvic_irq_enable) for nvic_irq_enable
    at32f415_wk_config.o(.ARM.exidx.text.wk_nvic_config) refers to at32f415_wk_config.o(.text.wk_nvic_config) for [Anonymous Symbol]
    at32f415_int.o(.ARM.exidx.text.NMI_Handler) refers to at32f415_int.o(.text.NMI_Handler) for [Anonymous Symbol]
    at32f415_int.o(.ARM.exidx.text.HardFault_Handler) refers to at32f415_int.o(.text.HardFault_Handler) for [Anonymous Symbol]
    at32f415_int.o(.ARM.exidx.text.MemManage_Handler) refers to at32f415_int.o(.text.MemManage_Handler) for [Anonymous Symbol]
    at32f415_int.o(.ARM.exidx.text.BusFault_Handler) refers to at32f415_int.o(.text.BusFault_Handler) for [Anonymous Symbol]
    at32f415_int.o(.ARM.exidx.text.UsageFault_Handler) refers to at32f415_int.o(.text.UsageFault_Handler) for [Anonymous Symbol]
    at32f415_int.o(.ARM.exidx.text.SVC_Handler) refers to at32f415_int.o(.text.SVC_Handler) for [Anonymous Symbol]
    at32f415_int.o(.ARM.exidx.text.DebugMon_Handler) refers to at32f415_int.o(.text.DebugMon_Handler) for [Anonymous Symbol]
    at32f415_int.o(.ARM.exidx.text.PendSV_Handler) refers to at32f415_int.o(.text.PendSV_Handler) for [Anonymous Symbol]
    at32f415_int.o(.text.SysTick_Handler) refers to wk_system.o(.text.wk_timebase_handler) for wk_timebase_handler
[...]
    Removing at32f415_crm.o(.text.crm_lext_bypass), (26 bytes).
    Removing at32f415_crm.o(.ARM.exidx.text.crm_lext_bypass), (8 bytes).
    Removing at32f415_crm.o(.text.crm_hext_bypass), (26 bytes).
    Removing at32f415_crm.o(.ARM.exidx.text.crm_hext_bypass), (8 bytes).
    Removing at32f415_crm.o(.ARM.exidx.text.crm_flag_get), (8 bytes).
    Removing at32f415_crm.o(.text.crm_interrupt_flag_get), (164 bytes).
    Removing at32f415_crm.o(.ARM.exidx.text.crm_interrupt_flag_get), (8 bytes).
    Removing at32f415_crm.o(.ARM.exidx.text.crm_hext_stable_wait), (8 bytes).
    Removing at32f415_crm.o(.text.crm_hick_clock_trimming_set), (26 bytes).
    Removing at32f415_crm.o(.ARM.exidx.text.crm_hick_clock_trimming_set), (8 bytes).
    Removing at32f415_crm.o(.text.crm_hick_clock_calibration_set), (44 bytes).
    Removing at32f415_crm.o(.ARM.exidx.text.crm_hick_clock_calibration_set), (8 bytes).
    Removing at32f415_crm.o(.ARM.exidx.text.crm_periph_clock_enable), (8 bytes).
    Removing at32f415_crm.o(.text.crm_periph_reset), (40 bytes).
    Removing at32f415_crm.o(.ARM.exidx.text.crm_periph_reset), (8 bytes).
    Removing at32f415_crm.o(.text.crm_periph_sleep_mode_clock_enable), (40 bytes).
    Removing at32f415_crm.o(.ARM.exidx.text.crm_periph_sleep_mode_clock_enable), (8 bytes).
    Removing at32f415_crm.o(.ARM.exidx.text.crm_clock_source_enable), (8 bytes).
    Removing at32f415_crm.o(.text.crm_flag_clear), (124 bytes).
    Removing at32f415_crm.o(.ARM.exidx.text.crm_flag_clear), (8 bytes).
    Removing at32f415_crm.o(.text.crm_ertc_clock_select), (26 bytes).
    Removing at32f415_crm.o(.ARM.exidx.text.crm_ertc_clock_select), (8 bytes).
    Removing at32f415_crm.o(.text.crm_ertc_clock_enable), (26 bytes).
    Removing at32f415_crm.o(.ARM.exidx.text.crm_ertc_clock_enable), (8 bytes).
    Removing at32f415_crm.o(.ARM.exidx.text.crm_ahb_div_set), (8 bytes).
    Removing at32f415_crm.o(.ARM.exidx.text.crm_apb1_div_set), (8 bytes).
    Removing at32f415_crm.o(.ARM.exidx.text.crm_apb2_div_set), (8 bytes).
    Removing at32f415_crm.o(.text.crm_adc_clock_div_set), (28 bytes).
    Removing at32f415_crm.o(.ARM.exidx.text.crm_adc_clock_div_set), (8 bytes).
    Removing at32f415_crm.o(.text.crm_usb_clock_div_set), (28 bytes).
    Removing at32f415_crm.o(.ARM.exidx.text.crm_usb_clock_div_set), (8 bytes).
    Removing at32f415_crm.o(.text.crm_clock_failure_detection_enable), (26 bytes).
    Removing at32f415_crm.o(.ARM.exidx.text.crm_clock_failure_detection_enable), (8 bytes).
    Removing at32f415_crm.o(.text.crm_battery_powered_domain_reset), (26 bytes).
    Removing at32f415_crm.o(.ARM.exidx.text.crm_battery_powered_domain_reset), (8 bytes).
    Removing at32f415_crm.o(.ARM.exidx.text.crm_pll_config), (8 bytes).
    Removing at32f415_crm.o(.text.crm_pll_config2), (132 bytes).
    Removing at32f415_crm.o(.ARM.exidx.text.crm_pll_config2), (8 bytes).
    Removing at32f415_crm.o(.ARM.exidx.text.crm_sysclk_switch), (8 bytes).
    Removing at32f415_crm.o(.ARM.exidx.text.crm_sysclk_switch_status_get), (8 bytes).
    Removing at32f415_crm.o(.ARM.exidx.text.crm_clocks_freq_get), (8 bytes).
    Removing at32f415_crm.o(.text.crm_clock_out_set), (28 bytes).
    Removing at32f415_crm.o(.ARM.exidx.text.crm_clock_out_set), (8 bytes).
    Removing at32f415_crm.o(.text.crm_interrupt_enable), (24 bytes).
    Removing at32f415_crm.o(.ARM.exidx.text.crm_interrupt_enable), (8 bytes).
    Removing at32f415_crm.o(.ARM.exidx.text.crm_auto_step_mode_enable), (8 bytes).
    Removing at32f415_crm.o(.text.crm_hick_divider_select), (26 bytes).
    Removing at32f415_crm.o(.ARM.exidx.text.crm_hick_divider_select), (8 bytes).
    Removing at32f415_crm.o(.text.crm_hick_sclk_frequency_select), (34 bytes).
    Removing at32f415_crm.o(.ARM.exidx.text.crm_hick_sclk_frequency_select), (8 bytes).
    Removing at32f415_crm.o(.text.crm_usb_clock_source_select), (50 bytes).
    Removing at32f415_crm.o(.ARM.exidx.text.crm_usb_clock_source_select), (8 bytes).
    Removing at32f415_crm.o(.text.crm_clkout_div_set), (22 bytes).
    Removing at32f415_crm.o(.ARM.exidx.text.crm_clkout_div_set), (8 bytes).
    Removing at32f415_crm.o(.text.crm_otgfs_ep3_remap_enable), (22 bytes).
    Removing at32f415_crm.o(.ARM.exidx.text.crm_otgfs_ep3_remap_enable), (8 bytes).
    Removing at32f415_crm.o(.text.crm_usbdiv_reset), (26 bytes).
    Removing at32f415_crm.o(.ARM.exidx.text.crm_usbdiv_reset), (8 bytes).
    Removing at32f415_debug.o(.text), (0 bytes).
    Removing at32f415_debug.o(.text.debug_device_id_get), (12 bytes).
    Removing at32f415_debug.o(.ARM.exidx.text.debug_device_id_get), (8 bytes).
    Removing at32f415_debug.o(.text.debug_periph_mode_set), (24 bytes).
    Removing at32f415_debug.o(.ARM.exidx.text.debug_periph_mode_set), (8 bytes).
    Removing at32f415_flash.o(.text), (0 bytes).
    Removing at32f415_flash.o(.text.flash_flag_get), (40 bytes).
    Removing at32f415_flash.o(.ARM.exidx.text.flash_flag_get), (8 bytes).
    Removing at32f415_flash.o(.text.flash_flag_clear), (12 bytes).
    Removing at32f415_flash.o(.ARM.exidx.text.flash_flag_clear), (8 bytes).
    Removing at32f415_flash.o(.text.flash_operation_status_get), (42 bytes).
    Removing at32f415_flash.o(.ARM.exidx.text.flash_operation_status_get), (8 bytes).
    Removing at32f415_flash.o(.text.flash_operation_wait_for), (108 bytes).
    Removing at32f415_flash.o(.ARM.exidx.text.flash_operation_wait_for), (8 bytes).
    Removing at32f415_flash.o(.ARM.exidx.text.flash_unlock), (8 bytes).
    Removing at32f415_flash.o(.ARM.exidx.text.flash_lock), (8 bytes).
    Removing at32f415_flash.o(.ARM.exidx.text.flash_sector_erase), (8 bytes).
    Removing at32f415_flash.o(.text.flash_internal_all_erase), (130 bytes).
    Removing at32f415_flash.o(.ARM.exidx.text.flash_internal_all_erase), (8 bytes).
    Removing at32f415_flash.o(.text.flash_user_system_data_erase), (314 bytes).
    Removing at32f415_flash.o(.ARM.exidx.text.flash_user_system_data_erase), (8 bytes).
    Removing at32f415_flash.o(.text.flash_fap_status_get), (16 bytes).
    Removing at32f415_flash.o(.ARM.exidx.text.flash_fap_status_get), (8 bytes).
    Removing at32f415_flash.o(.text.flash_word_program), (122 bytes).
    Removing at32f415_flash.o(.ARM.exidx.text.flash_word_program), (8 bytes).
    Removing at32f415_flash.o(.ARM.exidx.text.flash_halfword_program), (8 bytes).
    Removing at32f415_flash.o(.text.flash_byte_program), (122 bytes).
    Removing at32f415_flash.o(.ARM.exidx.text.flash_byte_program), (8 bytes).
    Removing at32f415_flash.o(.text.flash_user_system_data_program), (154 bytes).
    Removing at32f415_flash.o(.ARM.exidx.text.flash_user_system_data_program), (8 bytes).
    Removing at32f415_flash.o(.text.flash_epp_set), (514 bytes).
    Removing at32f415_flash.o(.ARM.exidx.text.flash_epp_set), (8 bytes).
    Removing at32f415_flash.o(.text.flash_epp_status_get), (14 bytes).
    Removing at32f415_flash.o(.ARM.exidx.text.flash_epp_status_get), (8 bytes).
    Removing at32f415_flash.o(.text.flash_fap_enable), (298 bytes).
    Removing at32f415_flash.o(.ARM.exidx.text.flash_fap_enable), (8 bytes).
    Removing at32f415_flash.o(.text.flash_fap_high_level_enable), (602 bytes).
    Removing at32f415_flash.o(.ARM.exidx.text.flash_fap_high_level_enable), (8 bytes).
    Removing at32f415_flash.o(.text.flash_fap_high_level_status_get), (16 bytes).
    Removing at32f415_flash.o(.ARM.exidx.text.flash_fap_high_level_status_get), (8 bytes).
    Removing at32f415_flash.o(.text.flash_ssb_set), (162 bytes).
    Removing at32f415_flash.o(.ARM.exidx.text.flash_ssb_set), (8 bytes).
    Removing at32f415_flash.o(.text.flash_ssb_status_get), (16 bytes).
    Removing at32f415_flash.o(.ARM.exidx.text.flash_ssb_status_get), (8 bytes).
    Removing at32f415_flash.o(.text.flash_interrupt_enable), (60 bytes).
    Removing at32f415_flash.o(.ARM.exidx.text.flash_interrupt_enable), (8 bytes).
    Removing at32f415_flash.o(.text.flash_slib_enable), (322 bytes).
    Removing at32f415_flash.o(.ARM.exidx.text.flash_slib_enable), (8 bytes).
    Removing at32f415_flash.o(.text.flash_slib_disable), (130 bytes).
    Removing at32f415_flash.o(.ARM.exidx.text.flash_slib_disable), (8 bytes).
    Removing at32f415_flash.o(.text.flash_slib_state_get), (16 bytes).
    Removing at32f415_flash.o(.ARM.exidx.text.flash_slib_state_get), (8 bytes).
    Removing at32f415_flash.o(.text.flash_slib_start_sector_get), (16 bytes).
    Removing at32f415_flash.o(.ARM.exidx.text.flash_slib_start_sector_get), (8 bytes).
    Removing at32f415_flash.o(.text.flash_slib_datastart_sector_get), (16 bytes).
    Removing at32f415_flash.o(.ARM.exidx.text.flash_slib_datastart_sector_get), (8 bytes).
    Removing at32f415_flash.o(.text.flash_slib_end_sector_get), (14 bytes).
    Removing at32f415_flash.o(.ARM.exidx.text.flash_slib_end_sector_get), (8 bytes).
    Removing at32f415_flash.o(.text.flash_crc_calibrate), (70 bytes).
    Removing at32f415_flash.o(.ARM.exidx.text.flash_crc_calibrate), (8 bytes).
    Removing at32f415_flash.o(.text.flash_boot_memory_extension_mode_enable), (98 bytes).
    Removing at32f415_flash.o(.ARM.exidx.text.flash_boot_memory_extension_mode_enable), (8 bytes).
    Removing at32f415_flash.o(.text.flash_extension_memory_slib_enable), (266 bytes).
    Removing at32f415_flash.o(.ARM.exidx.text.flash_extension_memory_slib_enable), (8 bytes).
    Removing at32f415_flash.o(.text.flash_extension_memory_slib_state_get), (16 bytes).
    Removing at32f415_flash.o(.ARM.exidx.text.flash_extension_memory_slib_state_get), (8 bytes).
    Removing at32f415_flash.o(.text.flash_em_slib_datastart_sector_get), (16 bytes).
    Removing at32f415_flash.o(.ARM.exidx.text.flash_em_slib_datastart_sector_get), (8 bytes).
    Removing at32f415_gpio.o(.text), (0 bytes).
    Removing at32f415_gpio.o(.text.gpio_reset), (66 bytes).
    Removing at32f415_gpio.o(.ARM.exidx.text.gpio_reset), (8 bytes).
    Removing at32f415_gpio.o(.text.gpio_iomux_reset), (26 bytes).
    Removing at32f415_gpio.o(.ARM.exidx.text.gpio_iomux_reset), (8 bytes).
    Removing at32f415_gpio.o(.ARM.exidx.text.gpio_init), (8 bytes).
    Removing at32f415_gpio.o(.ARM.exidx.text.gpio_default_para_init), (8 bytes).
    Removing at32f415_gpio.o(.text.gpio_input_data_bit_read), (14 bytes).
    Removing at32f415_gpio.o(.ARM.exidx.text.gpio_input_data_bit_read), (8 bytes).
    Removing at32f415_gpio.o(.text.gpio_input_data_read), (6 bytes).
    Removing at32f415_gpio.o(.ARM.exidx.text.gpio_input_data_read), (8 bytes).
    Removing at32f415_gpio.o(.text.gpio_output_data_bit_read), (10 bytes).
    Removing at32f415_gpio.o(.ARM.exidx.text.gpio_output_data_bit_read), (8 bytes).
    Removing at32f415_gpio.o(.text.gpio_output_data_read), (6 bytes).
    Removing at32f415_gpio.o(.ARM.exidx.text.gpio_output_data_read), (8 bytes).
    Removing at32f415_gpio.o(.text.gpio_bits_set), (4 bytes).
    Removing at32f415_gpio.o(.ARM.exidx.text.gpio_bits_set), (8 bytes).
    Removing at32f415_gpio.o(.text.gpio_bits_reset), (4 bytes).
    Removing at32f415_gpio.o(.ARM.exidx.text.gpio_bits_reset), (8 bytes).
    Removing at32f415_gpio.o(.text.gpio_bits_toggle), (16 bytes).
    Removing at32f415_gpio.o(.ARM.exidx.text.gpio_bits_toggle), (8 bytes).
    Removing at32f415_gpio.o(.text.gpio_bits_write), (12 bytes).
    Removing at32f415_gpio.o(.ARM.exidx.text.gpio_bits_write), (8 bytes).
    Removing at32f415_gpio.o(.text.gpio_port_write), (4 bytes).
    Removing at32f415_gpio.o(.ARM.exidx.text.gpio_port_write), (8 bytes).
    Removing at32f415_gpio.o(.text.gpio_pin_wp_config), (16 bytes).
    Removing at32f415_gpio.o(.ARM.exidx.text.gpio_pin_wp_config), (8 bytes).
    Removing at32f415_gpio.o(.text.gpio_event_output_config), (22 bytes).
    Removing at32f415_gpio.o(.ARM.exidx.text.gpio_event_output_config), (8 bytes).
    Removing at32f415_gpio.o(.text.gpio_event_output_enable), (24 bytes).
    Removing at32f415_gpio.o(.ARM.exidx.text.gpio_event_output_enable), (8 bytes).
    Removing at32f415_gpio.o(.ARM.exidx.text.gpio_pin_remap_config), (8 bytes).
    Removing at32f415_gpio.o(.text.gpio_exint_line_config), (156 bytes).
    Removing at32f415_gpio.o(.ARM.exidx.text.gpio_exint_line_config), (8 bytes).
    Removing at32f415_gpio.o(.rodata..Lswitch.table.gpio_reset.1), (24 bytes).
    Removing at32f415_misc.o(.text), (0 bytes).
    Removing at32f415_misc.o(.text.nvic_system_reset), (4 bytes).
    Removing at32f415_misc.o(.ARM.exidx.text.nvic_system_reset), (8 bytes).
    Removing at32f415_misc.o(.text.__NVIC_SystemReset), (36 bytes).
    Removing at32f415_misc.o(.ARM.exidx.text.__NVIC_SystemReset), (8 bytes).
    Removing at32f415_misc.o(.ARM.exidx.text.nvic_irq_enable), (8 bytes).
    Removing at32f415_misc.o(.ARM.exidx.text.nvic_irq_disable), (8 bytes).
    Removing at32f415_misc.o(.ARM.exidx.text.nvic_priority_group_config), (8 bytes).
    Removing at32f415_misc.o(.text.nvic_vector_table_set), (24 bytes).
    Removing at32f415_misc.o(.ARM.exidx.text.nvic_vector_table_set), (8 bytes).
    Removing at32f415_misc.o(.text.nvic_lowpower_mode_config), (24 bytes).
    Removing at32f415_misc.o(.ARM.exidx.text.nvic_lowpower_mode_config), (8 bytes).
    Removing at32f415_misc.o(.ARM.exidx.text.systick_clock_source_config), (8 bytes).
    Removing at32f415_pwc.o(.text), (0 bytes).
    Removing at32f415_pwc.o(.text.pwc_reset), (28 bytes).
    Removing at32f415_pwc.o(.ARM.exidx.text.pwc_reset), (8 bytes).
    Removing at32f415_pwc.o(.text.pwc_battery_powered_domain_access), (26 bytes).
    Removing at32f415_pwc.o(.ARM.exidx.text.pwc_battery_powered_domain_access), (8 bytes).
    Removing at32f415_pwc.o(.text.pwc_pvm_level_select), (26 bytes).
    Removing at32f415_pwc.o(.ARM.exidx.text.pwc_pvm_level_select), (8 bytes).
    Removing at32f415_pwc.o(.text.pwc_power_voltage_monitor_enable), (26 bytes).
    Removing at32f415_pwc.o(.ARM.exidx.text.pwc_power_voltage_monitor_enable), (8 bytes).
    Removing at32f415_pwc.o(.text.pwc_wakeup_pin_enable), (24 bytes).
    Removing at32f415_pwc.o(.ARM.exidx.text.pwc_wakeup_pin_enable), (8 bytes).
    Removing at32f415_pwc.o(.text.pwc_flag_clear), (36 bytes).
    Removing at32f415_pwc.o(.ARM.exidx.text.pwc_flag_clear), (8 bytes).
    Removing at32f415_pwc.o(.text.pwc_flag_get), (18 bytes).
    Removing at32f415_pwc.o(.ARM.exidx.text.pwc_flag_get), (8 bytes).
    Removing at32f415_pwc.o(.text.pwc_sleep_mode_enter), (36 bytes).
    Removing at32f415_pwc.o(.ARM.exidx.text.pwc_sleep_mode_enter), (8 bytes).
    Removing at32f415_pwc.o(.text.pwc_deep_sleep_mode_enter), (42 bytes).
    Removing at32f415_pwc.o(.ARM.exidx.text.pwc_deep_sleep_mode_enter), (8 bytes).
    Removing at32f415_pwc.o(.text.pwc_voltage_regulate_set), (18 bytes).
    Removing at32f415_pwc.o(.ARM.exidx.text.pwc_voltage_regulate_set), (8 bytes).
    Removing at32f415_pwc.o(.text.pwc_standby_mode_enter), (44 bytes).
    Removing at32f415_pwc.o(.ARM.exidx.text.pwc_standby_mode_enter), (8 bytes).
    Removing at32f415_usart.o(.text), (0 bytes).
    Removing at32f415_usart.o(.text.usart_reset), (142 bytes).
    Removing at32f415_usart.o(.ARM.exidx.text.usart_reset), (8 bytes).
    Removing at32f415_usart.o(.ARM.exidx.text.usart_init), (8 bytes).
    Removing at32f415_usart.o(.ARM.exidx.text.usart_parity_selection_config), (8 bytes).
    Removing at32f415_usart.o(.ARM.exidx.text.usart_enable), (8 bytes).
    Removing at32f415_usart.o(.ARM.exidx.text.usart_transmitter_enable), (8 bytes).
    Removing at32f415_usart.o(.ARM.exidx.text.usart_receiver_enable), (8 bytes).
    Removing at32f415_usart.o(.text.usart_clock_config), (54 bytes).
    Removing at32f415_usart.o(.ARM.exidx.text.usart_clock_config), (8 bytes).
    Removing at32f415_usart.o(.text.usart_clock_enable), (18 bytes).
    Removing at32f415_usart.o(.ARM.exidx.text.usart_clock_enable), (8 bytes).
    Removing at32f415_usart.o(.ARM.exidx.text.usart_interrupt_enable), (8 bytes).
    Removing at32f415_usart.o(.text.usart_dma_transmitter_enable), (18 bytes).
    Removing at32f415_usart.o(.ARM.exidx.text.usart_dma_transmitter_enable), (8 bytes).
    Removing at32f415_usart.o(.text.usart_dma_receiver_enable), (18 bytes).
    Removing at32f415_usart.o(.ARM.exidx.text.usart_dma_receiver_enable), (8 bytes).
    Removing at32f415_usart.o(.text.usart_wakeup_id_set), (10 bytes).
    Removing at32f415_usart.o(.ARM.exidx.text.usart_wakeup_id_set), (8 bytes).
    Removing at32f415_usart.o(.text.usart_wakeup_mode_set), (18 bytes).
    Removing at32f415_usart.o(.ARM.exidx.text.usart_wakeup_mode_set), (8 bytes).
    Removing at32f415_usart.o(.text.usart_receiver_mute_enable), (18 bytes).
    Removing at32f415_usart.o(.ARM.exidx.text.usart_receiver_mute_enable), (8 bytes).
    Removing at32f415_usart.o(.text.usart_break_bit_num_set), (18 bytes).
    Removing at32f415_usart.o(.ARM.exidx.text.usart_break_bit_num_set), (8 bytes).
    Removing at32f415_usart.o(.text.usart_lin_mode_enable), (18 bytes).
    Removing at32f415_usart.o(.ARM.exidx.text.usart_lin_mode_enable), (8 bytes).
    Removing at32f415_usart.o(.ARM.exidx.text.usart_data_transmit), (8 bytes).
    Removing at32f415_usart.o(.ARM.exidx.text.usart_data_receive), (8 bytes).
    Removing at32f415_usart.o(.text.usart_break_send), (10 bytes).
    Removing at32f415_usart.o(.ARM.exidx.text.usart_break_send), (8 bytes).
    Removing at32f415_usart.o(.text.usart_smartcard_guard_time_set), (14 bytes).
    Removing at32f415_usart.o(.ARM.exidx.text.usart_smartcard_guard_time_set), (8 bytes).
    Removing at32f415_usart.o(.text.usart_irda_smartcard_division_set), (12 bytes).
    Removing at32f415_usart.o(.ARM.exidx.text.usart_irda_smartcard_division_set), (8 bytes).
    Removing at32f415_usart.o(.text.usart_smartcard_mode_enable), (18 bytes).
    Removing at32f415_usart.o(.ARM.exidx.text.usart_smartcard_mode_enable), (8 bytes).
    Removing at32f415_usart.o(.text.usart_smartcard_nack_set), (18 bytes).
    Removing at32f415_usart.o(.ARM.exidx.text.usart_smartcard_nack_set), (8 bytes).
    Removing at32f415_usart.o(.text.usart_single_line_halfduplex_select), (18 bytes).
    Removing at32f415_usart.o(.ARM.exidx.text.usart_single_line_halfduplex_select), (8 bytes).
    Removing at32f415_usart.o(.text.usart_irda_mode_enable), (18 bytes).
    Removing at32f415_usart.o(.ARM.exidx.text.usart_irda_mode_enable), (8 bytes).
    Removing at32f415_usart.o(.text.usart_irda_low_power_enable), (18 bytes).
    Removing at32f415_usart.o(.ARM.exidx.text.usart_irda_low_power_enable), (8 bytes).
    Removing at32f415_usart.o(.ARM.exidx.text.usart_hardware_flow_control_set), (8 bytes).
    Removing at32f415_usart.o(.ARM.exidx.text.usart_flag_get), (8 bytes).
    Removing at32f415_usart.o(.ARM.exidx.text.usart_interrupt_flag_get), (8 bytes).
    Removing at32f415_usart.o(.text.usart_flag_clear), (16 bytes).
    Removing at32f415_usart.o(.ARM.exidx.text.usart_flag_clear), (8 bytes).
    Removing system_at32f415.o(.text), (0 bytes).
    Removing system_at32f415.o(.ARM.exidx.text.SystemInit), (8 bytes).
    Removing system_at32f415.o(.ARM.exidx.text.system_core_clock_update), (8 bytes).

322 unused section(s) (total 7952 bytes) removed from the image.

==============================================================================

Image Symbol Table

    Local Symbols

    Symbol Name                              Value     Ov Type        Size  Object(Section)

    ../clib/angel/boardlib.s                 0x00000000   Number         0  boardinit1.o ABSOLUTE
    ../clib/angel/boardlib.s                 0x00000000   Number         0  boardinit2.o ABSOLUTE
    ../clib/angel/boardlib.s                 0x00000000   Number         0  boardinit3.o ABSOLUTE
    ../clib/angel/boardlib.s                 0x00000000   Number         0  boardshut.o ABSOLUTE
    ../clib/angel/handlers.s                 0x00000000   Number         0  __scatter_copy.o ABSOLUTE
    ../clib/angel/handlers.s                 0x00000000   Number         0  __scatter_zi.o ABSOLUTE
    ../clib/angel/kernel.s                   0x00000000   Number         0  __rtentry.o ABSOLUTE
    ../clib/angel/kernel.s                   0x00000000   Number         0  __rtentry2.o ABSOLUTE
    ../clib/angel/kernel.s                   0x00000000   Number         0  __rtentry4.o ABSOLUTE
    ../clib/angel/kernel.s                   0x00000000   Number         0  rtexit.o ABSOLUTE
    ../clib/angel/kernel.s                   0x00000000   Number         0  rtexit2.o ABSOLUTE
    ../clib/angel/rt.s                       0x00000000   Number         0  rt_raise.o ABSOLUTE
    ../clib/angel/scatter.s                  0x00000000   Number         0  __scatter.o ABSOLUTE
    ../clib/angel/startup.s                  0x00000000   Number         0  __main.o ABSOLUTE
    ../clib/angel/sys.s                      0x00000000   Number         0  sys_stackheap_outer.o ABSOLUTE
    ../clib/angel/sys.s                      0x00000000   Number         0  libspace.o ABSOLUTE
    ../clib/angel/sys.s                      0x00000000   Number         0  use_no_semi.o ABSOLUTE
    ../clib/angel/sys.s                      0x00000000   Number         0  indicate_semi.o ABSOLUTE
    ../clib/angel/sysapp.c                   0x00000000   Number         0  sys_exit.o ABSOLUTE
    ../clib/angel/sysapp.c                   0x00000000   Number         0  sys_exit_hlt.o ABSOLUTE
    ../clib/angel/sysapp.c                   0x00000000   Number         0  sys_command.o ABSOLUTE
    ../clib/angel/sysapp.c                   0x00000000   Number         0  sys_command_hlt.o ABSOLUTE
    ../clib/angel/sysapp.c                   0x00000000   Number         0  sys_wrch.o ABSOLUTE
    ../clib/angel/sysapp.c                   0x00000000   Number         0  sys_wrch_hlt.o ABSOLUTE
    ../clib/armsys.c                         0x00000000   Number         0  argv_veneer.o ABSOLUTE
    ../clib/armsys.c                         0x00000000   Number         0  argv_veneer.o ABSOLUTE
    ../clib/armsys.c                         0x00000000   Number         0  _get_argv_nomalloc.o ABSOLUTE
    ../clib/armsys.c                         0x00000000   Number         0  no_argv.o ABSOLUTE
    ../clib/heapalloc.c                      0x00000000   Number         0  hrguard.o ABSOLUTE
    ../clib/heapaux.c                        0x00000000   Number         0  heapauxi.o ABSOLUTE
    ../clib/libinit.s                        0x00000000   Number         0  libinit.o ABSOLUTE
    ../clib/libinit.s                        0x00000000   Number         0  libinit2.o ABSOLUTE
    ../clib/libinit.s                        0x00000000   Number         0  libshutdown.o ABSOLUTE
    ../clib/libinit.s                        0x00000000   Number         0  libshutdown2.o ABSOLUTE
    ../clib/signal.c                         0x00000000   Number         0  defsig_rtmem_outer.o ABSOLUTE
    ../clib/signal.c                         0x00000000   Number         0  defsig_rtmem_formal.o ABSOLUTE
    ../clib/signal.c                         0x00000000   Number         0  defsig_exit.o ABSOLUTE
    ../clib/signal.c                         0x00000000   Number         0  defsig_rtmem_inner.o ABSOLUTE
    ../clib/signal.c                         0x00000000   Number         0  __raise.o ABSOLUTE
    ../clib/signal.c                         0x00000000   Number         0  defsig_general.o ABSOLUTE
    ../clib/signal.c                         0x00000000   Number         0  defsig_abrt_inner.o ABSOLUTE
    ../clib/signal.c                         0x00000000   Number         0  defsig_fpe_inner.o ABSOLUTE
    ../clib/signal.c                         0x00000000   Number         0  defsig_rtred_inner.o ABSOLUTE
    ../clib/signal.c                         0x00000000   Number         0  defsig_stak_inner.o ABSOLUTE
    ../clib/signal.c                         0x00000000   Number         0  defsig_pvfn_inner.o ABSOLUTE
    ../clib/signal.c                         0x00000000   Number         0  defsig_cppl_inner.o ABSOLUTE
    ../clib/signal.c                         0x00000000   Number         0  defsig_segv_inner.o ABSOLUTE
    ../clib/signal.c                         0x00000000   Number         0  defsig_other.o ABSOLUTE
    ../clib/signal.s                         0x00000000   Number         0  defsig.o ABSOLUTE
    ../clib/stdlib.c                         0x00000000   Number         0  exit.o ABSOLUTE
    ../fplib/fpinit.s                        0x00000000   Number         0  fpinit.o ABSOLUTE
    ../fplib/fpinit_empty.s                  0x00000000   Number         0  fpinit_empty.o ABSOLUTE
    at32f415_crc.c                           0x00000000   Number         0  at32f415_crc.o ABSOLUTE
    at32f415_crm.c                           0x00000000   Number         0  at32f415_crm.o ABSOLUTE
    at32f415_debug.c                         0x00000000   Number         0  at32f415_debug.o ABSOLUTE
    at32f415_flash.c                         0x00000000   Number         0  at32f415_flash.o ABSOLUTE
    at32f415_gpio.c                          0x00000000   Number         0  at32f415_gpio.o ABSOLUTE
    at32f415_int.c                           0x00000000   Number         0  at32f415_int.o ABSOLUTE
    at32f415_misc.c                          0x00000000   Number         0  at32f415_misc.o ABSOLUTE
    at32f415_pwc.c                           0x00000000   Number         0  at32f415_pwc.o ABSOLUTE
    at32f415_usart.c                         0x00000000   Number         0  at32f415_usart.o ABSOLUTE
    at32f415_wk_config.c                     0x00000000   Number         0  at32f415_wk_config.o ABSOLUTE
    dc.s                                     0x00000000   Number         0  dc.o ABSOLUTE
    flash.c                                  0x00000000   Number         0  flash.o ABSOLUTE
    iap.c                                    0x00000000   Number         0  iap.o ABSOLUTE
    main.c                                   0x00000000   Number         0  main.o ABSOLUTE
    startup_at32f415.s                       0x00000000   Number         0  startup_at32f415.o ABSOLUTE
    system_at32f415.c                        0x00000000   Number         0  system_at32f415.o ABSOLUTE
    wk_crc.c                                 0x00000000   Number         0  wk_crc.o ABSOLUTE
    wk_debug.c                               0x00000000   Number         0  wk_debug.o ABSOLUTE
    wk_gpio.c                                0x00000000   Number         0  wk_gpio.o ABSOLUTE
    wk_system.c                              0x00000000   Number         0  wk_system.o ABSOLUTE
    wk_usart.c                               0x00000000   Number         0  wk_usart.o ABSOLUTE
    RESET                                    0x08000000   Section      368  startup_at32f415.o(RESET)
    !!!main                                  0x08000170   Section        8  __main.o(!!!main)
    !!!scatter                               0x08000178   Section       92  __scatter.o(!!!scatter)
    !!handler_copy                           0x080001d4   Section       26  __scatter_copy.o(!!handler_copy)
    !!handler_null                           0x080001f0   Section        2  __scatter.o(!!handler_null)
    !!handler_zi                             0x080001f4   Section       28  __scatter_zi.o(!!handler_zi)
    .ARM.Collect$$libinit$$00000000          0x08000210   Section        2  libinit.o(.ARM.Collect$$libinit$$00000000)
    .ARM.Collect$$libinit$$00000002          0x08000212   Section        0  libinit2.o(.ARM.Collect$$libinit$$00000002)
    .ARM.Collect$$libinit$$00000004          0x08000212   Section        0  libinit2.o(.ARM.Collect$$libinit$$00000004)
    .ARM.Collect$$libinit$$00000006          0x08000212   Section        0  libinit2.o(.ARM.Collect$$libinit$$00000006)
    .ARM.Collect$$libinit$$0000000C          0x08000212   Section        0  libinit2.o(.ARM.Collect$$libinit$$0000000C)
    .ARM.Collect$$libinit$$0000000E          0x08000212   Section        0  libinit2.o(.ARM.Collect$$libinit$$0000000E)
    .ARM.Collect$$libinit$$00000010          0x08000212   Section        0  libinit2.o(.ARM.Collect$$libinit$$00000010)
    .ARM.Collect$$libinit$$00000013          0x08000212   Section        0  libinit2.o(.ARM.Collect$$libinit$$00000013)
    .ARM.Collect$$libinit$$00000015          0x08000212   Section        0  libinit2.o(.ARM.Collect$$libinit$$00000015)
    .ARM.Collect$$libinit$$00000017          0x08000212   Section        0  libinit2.o(.ARM.Collect$$libinit$$00000017)
    .ARM.Collect$$libinit$$00000019          0x08000212   Section        0  libinit2.o(.ARM.Collect$$libinit$$00000019)
    .ARM.Collect$$libinit$$0000001B          0x08000212   Section        0  libinit2.o(.ARM.Collect$$libinit$$0000001B)
    .ARM.Collect$$libinit$$0000001D          0x08000212   Section        0  libinit2.o(.ARM.Collect$$libinit$$0000001D)
    .ARM.Collect$$libinit$$0000001F          0x08000212   Section        0  libinit2.o(.ARM.Collect$$libinit$$0000001F)
    .ARM.Collect$$libinit$$00000021          0x08000212   Section        0  libinit2.o(.ARM.Collect$$libinit$$00000021)
    .ARM.Collect$$libinit$$00000023          0x08000212   Section        0  libinit2.o(.ARM.Collect$$libinit$$00000023)
    .ARM.Collect$$libinit$$00000025          0x08000212   Section        0  libinit2.o(.ARM.Collect$$libinit$$00000025)
    .ARM.Collect$$libinit$$00000027          0x08000212   Section        0  libinit2.o(.ARM.Collect$$libinit$$00000027)
    .ARM.Collect$$libinit$$0000002E          0x08000212   Section        0  libinit2.o(.ARM.Collect$$libinit$$0000002E)
    .ARM.Collect$$libinit$$00000030          0x08000212   Section        0  libinit2.o(.ARM.Collect$$libinit$$00000030)
    .ARM.Collect$$libinit$$00000032          0x08000212   Section        0  libinit2.o(.ARM.Collect$$libinit$$00000032)
    .ARM.Collect$$libinit$$00000034          0x08000212   Section        0  libinit2.o(.ARM.Collect$$libinit$$00000034)
    .ARM.Collect$$libinit$$00000035          0x08000212   Section        2  libinit2.o(.ARM.Collect$$libinit$$00000035)
    .ARM.Collect$$libshutdown$$00000000      0x08000214   Section        2  libshutdown.o(.ARM.Collect$$libshutdown$$00000000)
    .ARM.Collect$$libshutdown$$00000002      0x08000216   Section        0  libshutdown2.o(.ARM.Collect$$libshutdown$$00000002)
    .ARM.Collect$$libshutdown$$00000004      0x08000216   Section        0  libshutdown2.o(.ARM.Collect$$libshutdown$$00000004)
    .ARM.Collect$$libshutdown$$00000007      0x08000216   Section        0  libshutdown2.o(.ARM.Collect$$libshutdown$$00000007)
    .ARM.Collect$$libshutdown$$0000000A      0x08000216   Section        0  libshutdown2.o(.ARM.Collect$$libshutdown$$0000000A)
    .ARM.Collect$$libshutdown$$0000000C      0x08000216   Section        0  libshutdown2.o(.ARM.Collect$$libshutdown$$0000000C)
    .ARM.Collect$$libshutdown$$0000000F      0x08000216   Section        0  libshutdown2.o(.ARM.Collect$$libshutdown$$0000000F)
    .ARM.Collect$$libshutdown$$00000010      0x08000216   Section        2  libshutdown2.o(.ARM.Collect$$libshutdown$$00000010)
    .ARM.Collect$$rtentry$$00000000          0x08000218   Section        0  __rtentry.o(.ARM.Collect$$rtentry$$00000000)
    .ARM.Collect$$rtentry$$00000002          0x08000218   Section        0  __rtentry2.o(.ARM.Collect$$rtentry$$00000002)
    .ARM.Collect$$rtentry$$00000004          0x08000218   Section        6  __rtentry4.o(.ARM.Collect$$rtentry$$00000004)
    .ARM.Collect$$rtentry$$00000009          0x0800021e   Section        0  __rtentry2.o(.ARM.Collect$$rtentry$$00000009)
    .ARM.Collect$$rtentry$$0000000A          0x0800021e   Section        4  __rtentry2.o(.ARM.Collect$$rtentry$$0000000A)
    .ARM.Collect$$rtentry$$0000000C          0x08000222   Section        0  __rtentry2.o(.ARM.Collect$$rtentry$$0000000C)
    .ARM.Collect$$rtentry$$0000000D          0x08000222   Section        8  __rtentry2.o(.ARM.Collect$$rtentry$$0000000D)
    .ARM.Collect$$rtexit$$00000000           0x0800022a   Section        2  rtexit.o(.ARM.Collect$$rtexit$$00000000)
    .ARM.Collect$$rtexit$$00000002           0x0800022c   Section        0  rtexit2.o(.ARM.Collect$$rtexit$$00000002)
    .ARM.Collect$$rtexit$$00000003           0x0800022c   Section        4  rtexit2.o(.ARM.Collect$$rtexit$$00000003)
    .ARM.Collect$$rtexit$$00000004           0x08000230   Section        6  rtexit2.o(.ARM.Collect$$rtexit$$00000004)
    .text                                    0x08000238   Section       64  startup_at32f415.o(.text)
    .text                                    0x08000278   Section        0  heapauxi.o(.text)
    .text                                    0x0800027e   Section       74  sys_stackheap_outer.o(.text)
    .text                                    0x080002c8   Section        0  exit.o(.text)
    .text                                    0x080002dc   Section        8  libspace.o(.text)
    .text                                    0x080002e4   Section        0  sys_exit.o(.text)
    .text                                    0x080002f0   Section        2  use_no_semi.o(.text)
    .text                                    0x080002f2   Section        0  indicate_semi.o(.text)
    [Anonymous Symbol]                       0x080002f4   Section        0  at32f415_int.o(.text.BusFault_Handler)
    [Anonymous Symbol]                       0x080002f8   Section        0  at32f415_int.o(.text.DebugMon_Handler)
    [Anonymous Symbol]                       0x080002fc   Section        0  at32f415_int.o(.text.HardFault_Handler)
    [Anonymous Symbol]                       0x08000300   Section        0  at32f415_int.o(.text.MemManage_Handler)
    [Anonymous Symbol]                       0x08000304   Section        0  at32f415_int.o(.text.NMI_Handler)
    [Anonymous Symbol]                       0x08000308   Section        0  at32f415_int.o(.text.PendSV_Handler)
    [Anonymous Symbol]                       0x0800030c   Section        0  at32f415_int.o(.text.SVC_Handler)
    [Anonymous Symbol]                       0x08000310   Section        0  at32f415_int.o(.text.SysTick_Handler)
    [Anonymous Symbol]                       0x08000314   Section        0  system_at32f415.o(.text.SystemInit)
    [Anonymous Symbol]                       0x08000390   Section        0  at32f415_int.o(.text.USART1_IRQHandler)
    [Anonymous Symbol]                       0x0800053c   Section        0  at32f415_int.o(.text.UsageFault_Handler)
    __NVIC_ClearPendingIRQ                   0x08000541   Thumb Code    28  iap.o(.text.__NVIC_ClearPendingIRQ)
    [Anonymous Symbol]                       0x08000540   Section        0  iap.o(.text.__NVIC_ClearPendingIRQ)
    [Anonymous Symbol]                       0x0800055c   Section        0  iap.o(.text.app_load)
    [Anonymous Symbol]                       0x0800069c   Section        0  at32f415_int.o(.text.copy_uint8_array)
    [Anonymous Symbol]                       0x0800071c   Section        0  at32f415_crc.o(.text.crc_block_calculate)
    [Anonymous Symbol]                       0x08000738   Section        0  at32f415_crc.o(.text.crc_data_reset)
    [Anonymous Symbol]                       0x0800074c   Section        0  at32f415_crc.o(.text.crc_init_data_set)
    [Anonymous Symbol]                       0x08000758   Section        0  at32f415_crc.o(.text.crc_poly_size_set)
    [Anonymous Symbol]                       0x08000774   Section        0  at32f415_crc.o(.text.crc_poly_value_set)
    [Anonymous Symbol]                       0x08000780   Section        0  at32f415_crc.o(.text.crc_reverse_input_data_set)
    [Anonymous Symbol]                       0x0800079c   Section        0  at32f415_crc.o(.text.crc_reverse_output_data_set)
    [Anonymous Symbol]                       0x080007b8   Section        0  at32f415_crm.o(.text.crm_ahb_div_set)
    [Anonymous Symbol]                       0x080007d4   Section        0  at32f415_crm.o(.text.crm_apb1_div_set)
    [Anonymous Symbol]                       0x080007f0   Section        0  at32f415_crm.o(.text.crm_apb2_div_set)
    [Anonymous Symbol]                       0x0800080c   Section        0  at32f415_crm.o(.text.crm_auto_step_mode_enable)
    [Anonymous Symbol]                       0x08000824   Section        0  at32f415_crm.o(.text.crm_clock_source_enable)
    [Anonymous Symbol]                       0x080008a0   Section        0  at32f415_crm.o(.text.crm_clocks_freq_get)
    crm_clocks_freq_get.sclk_ahb_div_table   0x080009a4   Number         0  at32f415_crm.o(.text.crm_clocks_freq_get)
    crm_clocks_freq_get.adc_div_table        0x080009b4   Number         0  at32f415_crm.o(.text.crm_clocks_freq_get)
    [Anonymous Symbol]                       0x080009bc   Section        0  at32f415_crm.o(.text.crm_flag_get)
    [Anonymous Symbol]                       0x080009d8   Section        0  at32f415_crm.o(.text.crm_hext_stable_wait)
    [Anonymous Symbol]                       0x080009fc   Section        0  at32f415_crm.o(.text.crm_periph_clock_enable)
    [Anonymous Symbol]                       0x08000a24   Section        0  at32f415_crm.o(.text.crm_pll_config)
    [Anonymous Symbol]                       0x08000a80   Section        0  at32f415_crm.o(.text.crm_reset)
    [Anonymous Symbol]                       0x08000ad0   Section        0  at32f415_crm.o(.text.crm_sysclk_switch)
    [Anonymous Symbol]                       0x08000b0c   Section        0  at32f415_crm.o(.text.crm_sysclk_switch_status_get)
    [Anonymous Symbol]                       0x08000b1c   Section        0  flash.o(.text.flash_2kb_write)
    [Anonymous Symbol]                       0x08000b68   Section        0  at32f415_flash.o(.text.flash_halfword_program)
    [Anonymous Symbol]                       0x08000be4   Section        0  at32f415_flash.o(.text.flash_lock)
    [Anonymous Symbol]                       0x08000bf8   Section        0  at32f415_flash.o(.text.flash_sector_erase)
    [Anonymous Symbol]                       0x08000c7c   Section        0  at32f415_flash.o(.text.flash_unlock)
    [Anonymous Symbol]                       0x08000c9c   Section        0  flash.o(.text.flash_upgrade_flag_read)
    [Anonymous Symbol]                       0x08000cb8   Section        0  at32f415_gpio.o(.text.gpio_default_para_init)
    [Anonymous Symbol]                       0x08000ccc   Section        0  at32f415_gpio.o(.text.gpio_init)
    [Anonymous Symbol]                       0x08000d8c   Section        0  at32f415_gpio.o(.text.gpio_pin_remap_config)
    [Anonymous Symbol]                       0x08000dcc   Section        0  main.o(.text.main)
    [Anonymous Symbol]                       0x08000e44   Section        0  at32f415_misc.o(.text.nvic_irq_disable)
    [Anonymous Symbol]                       0x08000e70   Section        0  at32f415_misc.o(.text.nvic_irq_enable)
    [Anonymous Symbol]                       0x08000ee8   Section        0  at32f415_misc.o(.text.nvic_priority_group_config)
    [Anonymous Symbol]                       0x08000f08   Section        0  system_at32f415.o(.text.system_core_clock_update)
    system_core_clock_update.sys_ahb_div_table 0x08000fdc   Number         0  system_at32f415.o(.text.system_core_clock_update)
    [Anonymous Symbol]                       0x08000fec   Section        0  at32f415_misc.o(.text.systick_clock_source_config)
    [Anonymous Symbol]                       0x08001004   Section        0  at32f415_int.o(.text.usart1_connet_pc)
    [Anonymous Symbol]                       0x080010f4   Section        0  at32f415_int.o(.text.usart1_send_error)
    [Anonymous Symbol]                       0x080011a8   Section        0  at32f415_int.o(.text.usart1_send_ok)
    [Anonymous Symbol]                       0x08001258   Section        0  at32f415_usart.o(.text.usart_data_receive)
    [Anonymous Symbol]                       0x08001260   Section        0  at32f415_usart.o(.text.usart_data_transmit)
    [Anonymous Symbol]                       0x08001268   Section        0  at32f415_usart.o(.text.usart_enable)
    [Anonymous Symbol]                       0x0800127c   Section        0  at32f415_usart.o(.text.usart_flag_get)
    [Anonymous Symbol]                       0x08001288   Section        0  at32f415_usart.o(.text.usart_hardware_flow_control_set)
    [Anonymous Symbol]                       0x080012cc   Section        0  at32f415_usart.o(.text.usart_init)
    [Anonymous Symbol]                       0x08001354   Section        0  at32f415_usart.o(.text.usart_interrupt_enable)
    [Anonymous Symbol]                       0x08001374   Section        0  at32f415_usart.o(.text.usart_interrupt_flag_get)
    [Anonymous Symbol]                       0x08001438   Section        0  at32f415_usart.o(.text.usart_parity_selection_config)
    [Anonymous Symbol]                       0x08001474   Section        0  at32f415_usart.o(.text.usart_receiver_enable)
    [Anonymous Symbol]                       0x08001488   Section        0  at32f415_usart.o(.text.usart_transmitter_enable)
    [Anonymous Symbol]                       0x0800149c   Section        0  wk_crc.o(.text.wk_crc_init)
    [Anonymous Symbol]                       0x080014cc   Section        0  wk_debug.o(.text.wk_debug_config)
    [Anonymous Symbol]                       0x080014dc   Section        0  wk_gpio.o(.text.wk_gpio_config)
    [Anonymous Symbol]                       0x08001554   Section        0  at32f415_wk_config.o(.text.wk_nvic_config)
    [Anonymous Symbol]                       0x080015b4   Section        0  at32f415_wk_config.o(.text.wk_periph_clock_config)
    [Anonymous Symbol]                       0x08001608   Section        0  at32f415_wk_config.o(.text.wk_system_clock_config)
    [Anonymous Symbol]                       0x080016a8   Section        0  wk_system.o(.text.wk_timebase_handler)
    [Anonymous Symbol]                       0x080016ac   Section        0  wk_system.o(.text.wk_timebase_increase)
    [Anonymous Symbol]                       0x080016bc   Section        0  wk_system.o(.text.wk_timebase_init)
    [Anonymous Symbol]                       0x080016fc   Section        0  wk_usart.o(.text.wk_usart1_init)
    crm_clocks_freq_get.ahb_apb2_div_table   0x0800178c   Data           8  at32f415_crm.o(.rodata.cst8)
    [Anonymous Symbol]                       0x0800178c   Section        0  at32f415_crm.o(.rodata.cst8)
    .bss                                     0x20000010   Section       96  libspace.o(.bss)
    USART1_IRQHandler.count                  0x20000070   Data           2  at32f415_int.o(.bss.USART1_IRQHandler.count)
    [Anonymous Symbol]                       0x20000070   Section        0  at32f415_int.o(.bss.USART1_IRQHandler.count)
    hw_ver_major                             0x20000072   Data           1  at32f415_int.o(.bss.hw_ver_major)
    [Anonymous Symbol]                       0x20000072   Section        0  at32f415_int.o(.bss.hw_ver_major)
    hw_ver_minor                             0x20000073   Data           1  at32f415_int.o(.bss.hw_ver_minor)
    [Anonymous Symbol]                       0x20000073   Section        0  at32f415_int.o(.bss.hw_ver_minor)
    sw_ver_major                             0x2000047c   Data           1  at32f415_int.o(.bss.sw_ver_major)
    [Anonymous Symbol]                       0x2000047c   Section        0  at32f415_int.o(.bss.sw_ver_major)
    sw_ver_patch                             0x2000047d   Data           1  at32f415_int.o(.bss.sw_ver_patch)
    [Anonymous Symbol]                       0x2000047d   Section        0  at32f415_int.o(.bss.sw_ver_patch)
    Heap_Mem                                 0x20000cb0   Data         512  startup_at32f415.o(HEAP)
    HEAP                                     0x20000cb0   Section      512  startup_at32f415.o(HEAP)
    Stack_Mem                                0x20000eb0   Data        1024  startup_at32f415.o(STACK)
    STACK                                    0x20000eb0   Section     1024  startup_at32f415.o(STACK)
    __initial_sp                             0x200012b0   Data           0  startup_at32f415.o(STACK)

    Global Symbols

    Symbol Name                              Value     Ov Type        Size  Object(Section)

    BuildAttributes$$THM_ISAv4$E$P$D$K$B$S$7EM$PE$A:L22UL41UL21$X:L11$S22US41US21$IEEE1$IW$~IW$USESV6$~STKCKD$USESV7$~SHL$OTIME$ROPI$EBA8$UX$STANDARDLIB$REQ8$PRES8$EABIv2 0x00000000   Number         0  anon$$obj.o ABSOLUTE
    __fp_init_empty                          0x00000000   Number         0  fpinit_empty.o ABSOLUTE
    __ARM_exceptions_init                     - Undefined Weak Reference
    __alloca_initialize                       - Undefined Weak Reference
    __arm_preinit_                            - Undefined Weak Reference
    __arm_relocate_pie_                       - Undefined Weak Reference
    __cpp_initialize__aeabi_                  - Undefined Weak Reference
    __cxa_finalize                            - Undefined Weak Reference
    __rt_locale                               - Undefined Weak Reference
    __sigvec_lookup                           - Undefined Weak Reference
    _atexit_init                              - Undefined Weak Reference
    _call_atexit_fns                          - Undefined Weak Reference
    _clock_init                               - Undefined Weak Reference
    _fp_trap_init                             - Undefined Weak Reference
    _fp_trap_shutdown                         - Undefined Weak Reference
    _get_lc_collate                           - Undefined Weak Reference
    _get_lc_ctype                             - Undefined Weak Reference
    _get_lc_monetary                          - Undefined Weak Reference
    _get_lc_numeric                           - Undefined Weak Reference
    _get_lc_time                              - Undefined Weak Reference
    _getenv_init                              - Undefined Weak Reference
    _handle_redirection                       - Undefined Weak Reference
    _init_alloc                               - Undefined Weak Reference
    _init_user_alloc                          - Undefined Weak Reference
    _initio                                   - Undefined Weak Reference
    _rand_init                                - Undefined Weak Reference
    _signal_finish                            - Undefined Weak Reference
    _signal_init                              - Undefined Weak Reference
    _terminate_alloc                          - Undefined Weak Reference
    _terminate_user_alloc                     - Undefined Weak Reference
    _terminateio                              - Undefined Weak Reference
    __Vectors_Size                           0x00000170   Number         0  startup_at32f415.o ABSOLUTE
    __Vectors                                0x08000000   Data           4  startup_at32f415.o(RESET)
    __Vectors_End                            0x08000170   Data           0  startup_at32f415.o(RESET)
    __main                                   0x08000171   Thumb Code     8  __main.o(!!!main)
    __scatterload                            0x08000179   Thumb Code     0  __scatter.o(!!!scatter)
    __scatterload_rt2                        0x08000179   Thumb Code    84  __scatter.o(!!!scatter)
    __scatterload_rt2_thumb_only             0x08000179   Thumb Code     0  __scatter.o(!!!scatter)
    __scatterload_loop                       0x08000183   Thumb Code     0  __scatter.o(!!!scatter)
    __scatterload_copy                       0x080001d5   Thumb Code    26  __scatter_copy.o(!!handler_copy)
    __scatterload_null                       0x080001f1   Thumb Code     2  __scatter.o(!!handler_null)
    __scatterload_zeroinit                   0x080001f5   Thumb Code    28  __scatter_zi.o(!!handler_zi)
    __rt_lib_init                            0x08000211   Thumb Code     0  libinit.o(.ARM.Collect$$libinit$$00000000)
    __rt_lib_init_alloca_1                   0x08000213   Thumb Code     0  libinit2.o(.ARM.Collect$$libinit$$00000030)
    __rt_lib_init_argv_1                     0x08000213   Thumb Code     0  libinit2.o(.ARM.Collect$$libinit$$0000002E)
    __rt_lib_init_atexit_1                   0x08000213   Thumb Code     0  libinit2.o(.ARM.Collect$$libinit$$0000001D)
    __rt_lib_init_clock_1                    0x08000213   Thumb Code     0  libinit2.o(.ARM.Collect$$libinit$$00000023)
    __rt_lib_init_cpp_1                      0x08000213   Thumb Code     0  libinit2.o(.ARM.Collect$$libinit$$00000034)
    __rt_lib_init_exceptions_1               0x08000213   Thumb Code     0  libinit2.o(.ARM.Collect$$libinit$$00000032)
    __rt_lib_init_fp_1                       0x08000213   Thumb Code     0  libinit2.o(.ARM.Collect$$libinit$$00000002)
    __rt_lib_init_fp_trap_1                  0x08000213   Thumb Code     0  libinit2.o(.ARM.Collect$$libinit$$00000021)
    __rt_lib_init_getenv_1                   0x08000213   Thumb Code     0  libinit2.o(.ARM.Collect$$libinit$$00000025)
    __rt_lib_init_heap_1                     0x08000213   Thumb Code     0  libinit2.o(.ARM.Collect$$libinit$$0000000C)
    __rt_lib_init_lc_collate_1               0x08000213   Thumb Code     0  libinit2.o(.ARM.Collect$$libinit$$00000013)
    __rt_lib_init_lc_ctype_1                 0x08000213   Thumb Code     0  libinit2.o(.ARM.Collect$$libinit$$00000015)
    __rt_lib_init_lc_monetary_1              0x08000213   Thumb Code     0  libinit2.o(.ARM.Collect$$libinit$$00000017)
    __rt_lib_init_lc_numeric_1               0x08000213   Thumb Code     0  libinit2.o(.ARM.Collect$$libinit$$00000019)
    __rt_lib_init_lc_time_1                  0x08000213   Thumb Code     0  libinit2.o(.ARM.Collect$$libinit$$0000001B)
    __rt_lib_init_preinit_1                  0x08000213   Thumb Code     0  libinit2.o(.ARM.Collect$$libinit$$00000006)
    __rt_lib_init_rand_1                     0x08000213   Thumb Code     0  libinit2.o(.ARM.Collect$$libinit$$00000010)
    __rt_lib_init_relocate_pie_1             0x08000213   Thumb Code     0  libinit2.o(.ARM.Collect$$libinit$$00000004)
    __rt_lib_init_return                     0x08000213   Thumb Code     0  libinit2.o(.ARM.Collect$$libinit$$00000035)
    __rt_lib_init_signal_1                   0x08000213   Thumb Code     0  libinit2.o(.ARM.Collect$$libinit$$0000001F)
    __rt_lib_init_stdio_1                    0x08000213   Thumb Code     0  libinit2.o(.ARM.Collect$$libinit$$00000027)
    __rt_lib_init_user_alloc_1               0x08000213   Thumb Code     0  libinit2.o(.ARM.Collect$$libinit$$0000000E)
    __rt_lib_shutdown                        0x08000215   Thumb Code     0  libshutdown.o(.ARM.Collect$$libshutdown$$00000000)
    __rt_lib_shutdown_cpp_1                  0x08000217   Thumb Code     0  libshutdown2.o(.ARM.Collect$$libshutdown$$00000002)
    __rt_lib_shutdown_fp_trap_1              0x08000217   Thumb Code     0  libshutdown2.o(.ARM.Collect$$libshutdown$$00000007)
    __rt_lib_shutdown_heap_1                 0x08000217   Thumb Code     0  libshutdown2.o(.ARM.Collect$$libshutdown$$0000000F)
    __rt_lib_shutdown_return                 0x08000217   Thumb Code     0  libshutdown2.o(.ARM.Collect$$libshutdown$$00000010)
    __rt_lib_shutdown_signal_1               0x08000217   Thumb Code     0  libshutdown2.o(.ARM.Collect$$libshutdown$$0000000A)
    __rt_lib_shutdown_stdio_1                0x08000217   Thumb Code     0  libshutdown2.o(.ARM.Collect$$libshutdown$$00000004)
    __rt_lib_shutdown_user_alloc_1           0x08000217   Thumb Code     0  libshutdown2.o(.ARM.Collect$$libshutdown$$0000000C)
    __rt_entry                               0x08000219   Thumb Code     0  __rtentry.o(.ARM.Collect$$rtentry$$00000000)
    __rt_entry_presh_1                       0x08000219   Thumb Code     0  __rtentry2.o(.ARM.Collect$$rtentry$$00000002)
    __rt_entry_sh                            0x08000219   Thumb Code     0  __rtentry4.o(.ARM.Collect$$rtentry$$00000004)
    __rt_entry_li                            0x0800021f   Thumb Code     0  __rtentry2.o(.ARM.Collect$$rtentry$$0000000A)
    __rt_entry_postsh_1                      0x0800021f   Thumb Code     0  __rtentry2.o(.ARM.Collect$$rtentry$$00000009)
    __rt_entry_main                          0x08000223   Thumb Code     0  __rtentry2.o(.ARM.Collect$$rtentry$$0000000D)
    __rt_entry_postli_1                      0x08000223   Thumb Code     0  __rtentry2.o(.ARM.Collect$$rtentry$$0000000C)
    __rt_exit                                0x0800022b   Thumb Code     0  rtexit.o(.ARM.Collect$$rtexit$$00000000)
    __rt_exit_ls                             0x0800022d   Thumb Code     0  rtexit2.o(.ARM.Collect$$rtexit$$00000003)
    __rt_exit_prels_1                        0x0800022d   Thumb Code     0  rtexit2.o(.ARM.Collect$$rtexit$$00000002)
    __rt_exit_exit                           0x08000231   Thumb Code     0  rtexit2.o(.ARM.Collect$$rtexit$$00000004)
    Reset_Handler                            0x08000239   Thumb Code     8  startup_at32f415.o(.text)
    ADC1_IRQHandler                          0x08000253   Thumb Code     0  startup_at32f415.o(.text)
    CAN1_RX0_IRQHandler                      0x08000253   Thumb Code     0  startup_at32f415.o(.text)
    CAN1_RX1_IRQHandler                      0x08000253   Thumb Code     0  startup_at32f415.o(.text)
    CAN1_SE_IRQHandler                       0x08000253   Thumb Code     0  startup_at32f415.o(.text)
    CAN1_TX_IRQHandler                       0x08000253   Thumb Code     0  startup_at32f415.o(.text)
    CMP1_IRQHandler                          0x08000253   Thumb Code     0  startup_at32f415.o(.text)
    CMP2_IRQHandler                          0x08000253   Thumb Code     0  startup_at32f415.o(.text)
    CRM_IRQHandler                           0x08000253   Thumb Code     0  startup_at32f415.o(.text)
    DMA1_Channel1_IRQHandler                 0x08000253   Thumb Code     0  startup_at32f415.o(.text)
    DMA1_Channel2_IRQHandler                 0x08000253   Thumb Code     0  startup_at32f415.o(.text)
    DMA1_Channel3_IRQHandler                 0x08000253   Thumb Code     0  startup_at32f415.o(.text)
    DMA1_Channel4_IRQHandler                 0x08000253   Thumb Code     0  startup_at32f415.o(.text)
    DMA1_Channel5_IRQHandler                 0x08000253   Thumb Code     0  startup_at32f415.o(.text)
    DMA1_Channel6_IRQHandler                 0x08000253   Thumb Code     0  startup_at32f415.o(.text)
    DMA1_Channel7_IRQHandler                 0x08000253   Thumb Code     0  startup_at32f415.o(.text)
    DMA2_Channel1_IRQHandler                 0x08000253   Thumb Code     0  startup_at32f415.o(.text)
    DMA2_Channel2_IRQHandler                 0x08000253   Thumb Code     0  startup_at32f415.o(.text)
    DMA2_Channel3_IRQHandler                 0x08000253   Thumb Code     0  startup_at32f415.o(.text)
    DMA2_Channel4_5_IRQHandler               0x08000253   Thumb Code     0  startup_at32f415.o(.text)
    DMA2_Channel6_7_IRQHandler               0x08000253   Thumb Code     0  startup_at32f415.o(.text)
    ERTCAlarm_IRQHandler                     0x08000253   Thumb Code     0  startup_at32f415.o(.text)
    ERTC_WKUP_IRQHandler                     0x08000253   Thumb Code     0  startup_at32f415.o(.text)
    EXINT0_IRQHandler                        0x08000253   Thumb Code     0  startup_at32f415.o(.text)
    EXINT15_10_IRQHandler                    0x08000253   Thumb Code     0  startup_at32f415.o(.text)
    EXINT1_IRQHandler                        0x08000253   Thumb Code     0  startup_at32f415.o(.text)
    EXINT2_IRQHandler                        0x08000253   Thumb Code     0  startup_at32f415.o(.text)
    EXINT3_IRQHandler                        0x08000253   Thumb Code     0  startup_at32f415.o(.text)
    EXINT4_IRQHandler                        0x08000253   Thumb Code     0  startup_at32f415.o(.text)
    EXINT9_5_IRQHandler                      0x08000253   Thumb Code     0  startup_at32f415.o(.text)
    FLASH_IRQHandler                         0x08000253   Thumb Code     0  startup_at32f415.o(.text)
    I2C1_ERR_IRQHandler                      0x08000253   Thumb Code     0  startup_at32f415.o(.text)
    I2C1_EVT_IRQHandler                      0x08000253   Thumb Code     0  startup_at32f415.o(.text)
    I2C2_ERR_IRQHandler                      0x08000253   Thumb Code     0  startup_at32f415.o(.text)
    I2C2_EVT_IRQHandler                      0x08000253   Thumb Code     0  startup_at32f415.o(.text)
    OTGFS1_IRQHandler                        0x08000253   Thumb Code     0  startup_at32f415.o(.text)
    OTGFS1_WKUP_IRQHandler                   0x08000253   Thumb Code     0  startup_at32f415.o(.text)
    PVM_IRQHandler                           0x08000253   Thumb Code     0  startup_at32f415.o(.text)
    SDIO1_IRQHandler                         0x08000253   Thumb Code     0  startup_at32f415.o(.text)
    SPI1_IRQHandler                          0x08000253   Thumb Code     0  startup_at32f415.o(.text)
    SPI2_IRQHandler                          0x08000253   Thumb Code     0  startup_at32f415.o(.text)
    TAMP_STAMP_IRQHandler                    0x08000253   Thumb Code     0  startup_at32f415.o(.text)
    TMR1_BRK_TMR9_IRQHandler                 0x08000253   Thumb Code     0  startup_at32f415.o(.text)
    TMR1_CH_IRQHandler                       0x08000253   Thumb Code     0  startup_at32f415.o(.text)
    TMR1_OVF_TMR10_IRQHandler                0x08000253   Thumb Code     0  startup_at32f415.o(.text)
    TMR1_TRG_HALL_TMR11_IRQHandler           0x08000253   Thumb Code     0  startup_at32f415.o(.text)
    TMR2_GLOBAL_IRQHandler                   0x08000253   Thumb Code     0  startup_at32f415.o(.text)
    TMR3_GLOBAL_IRQHandler                   0x08000253   Thumb Code     0  startup_at32f415.o(.text)
    TMR4_GLOBAL_IRQHandler                   0x08000253   Thumb Code     0  startup_at32f415.o(.text)
    TMR5_GLOBAL_IRQHandler                   0x08000253   Thumb Code     0  startup_at32f415.o(.text)
    UART4_IRQHandler                         0x08000253   Thumb Code     0  startup_at32f415.o(.text)
    UART5_IRQHandler                         0x08000253   Thumb Code     0  startup_at32f415.o(.text)
    USART2_IRQHandler                        0x08000253   Thumb Code     0  startup_at32f415.o(.text)
    USART3_IRQHandler                        0x08000253   Thumb Code     0  startup_at32f415.o(.text)
    WWDT_IRQHandler                          0x08000253   Thumb Code     0  startup_at32f415.o(.text)
    __user_initial_stackheap                 0x08000255   Thumb Code     0  startup_at32f415.o(.text)
    __use_two_region_memory                  0x08000279   Thumb Code     2  heapauxi.o(.text)
    __rt_heap_escrow$2region                 0x0800027b   Thumb Code     2  heapauxi.o(.text)
    __rt_heap_expand$2region                 0x0800027d   Thumb Code     2  heapauxi.o(.text)
    __user_setup_stackheap                   0x0800027f   Thumb Code    74  sys_stackheap_outer.o(.text)
    exit                                     0x080002c9   Thumb Code    18  exit.o(.text)
    __user_libspace                          0x080002dd   Thumb Code     8  libspace.o(.text)
    __user_perproc_libspace                  0x080002dd   Thumb Code     0  libspace.o(.text)
    __user_perthread_libspace                0x080002dd   Thumb Code     0  libspace.o(.text)
    _sys_exit                                0x080002e5   Thumb Code     8  sys_exit.o(.text)
    __I$use$semihosting                      0x080002f1   Thumb Code     0  use_no_semi.o(.text)
    __use_no_semihosting_swi                 0x080002f1   Thumb Code     2  use_no_semi.o(.text)
    __semihosting_library_function           0x080002f3   Thumb Code     0  indicate_semi.o(.text)
    BusFault_Handler                         0x080002f5   Thumb Code     2  at32f415_int.o(.text.BusFault_Handler)
    DebugMon_Handler                         0x080002f9   Thumb Code     2  at32f415_int.o(.text.DebugMon_Handler)
    HardFault_Handler                        0x080002fd   Thumb Code     2  at32f415_int.o(.text.HardFault_Handler)
    MemManage_Handler                        0x08000301   Thumb Code     2  at32f415_int.o(.text.MemManage_Handler)
    NMI_Handler                              0x08000305   Thumb Code     2  at32f415_int.o(.text.NMI_Handler)
    PendSV_Handler                           0x08000309   Thumb Code     2  at32f415_int.o(.text.PendSV_Handler)
    SVC_Handler                              0x0800030d   Thumb Code     2  at32f415_int.o(.text.SVC_Handler)
    SysTick_Handler                          0x08000311   Thumb Code     4  at32f415_int.o(.text.SysTick_Handler)
    SystemInit                               0x08000315   Thumb Code   124  system_at32f415.o(.text.SystemInit)
    USART1_IRQHandler                        0x08000391   Thumb Code   428  at32f415_int.o(.text.USART1_IRQHandler)
    UsageFault_Handler                       0x0800053d   Thumb Code     2  at32f415_int.o(.text.UsageFault_Handler)
    app_load                                 0x0800055d   Thumb Code   320  iap.o(.text.app_load)
    copy_uint8_array                         0x0800069d   Thumb Code   126  at32f415_int.o(.text.copy_uint8_array)
    crc_block_calculate                      0x0800071d   Thumb Code    26  at32f415_crc.o(.text.crc_block_calculate)
    crc_data_reset                           0x08000739   Thumb Code    18  at32f415_crc.o(.text.crc_data_reset)
    crc_init_data_set                        0x0800074d   Thumb Code    12  at32f415_crc.o(.text.crc_init_data_set)
    crc_poly_size_set                        0x08000759   Thumb Code    26  at32f415_crc.o(.text.crc_poly_size_set)
    crc_poly_value_set                       0x08000775   Thumb Code    12  at32f415_crc.o(.text.crc_poly_value_set)
    crc_reverse_input_data_set               0x08000781   Thumb Code    26  at32f415_crc.o(.text.crc_reverse_input_data_set)
    crc_reverse_output_data_set              0x0800079d   Thumb Code    26  at32f415_crc.o(.text.crc_reverse_output_data_set)
    crm_ahb_div_set                          0x080007b9   Thumb Code    26  at32f415_crm.o(.text.crm_ahb_div_set)
    crm_apb1_div_set                         0x080007d5   Thumb Code    26  at32f415_crm.o(.text.crm_apb1_div_set)
    crm_apb2_div_set                         0x080007f1   Thumb Code    26  at32f415_crm.o(.text.crm_apb2_div_set)
    crm_auto_step_mode_enable                0x0800080d   Thumb Code    24  at32f415_crm.o(.text.crm_auto_step_mode_enable)
    crm_clock_source_enable                  0x08000825   Thumb Code   122  at32f415_crm.o(.text.crm_clock_source_enable)
    crm_clocks_freq_get                      0x080008a1   Thumb Code   260  at32f415_crm.o(.text.crm_clocks_freq_get)
    crm_flag_get                             0x080009bd   Thumb Code    26  at32f415_crm.o(.text.crm_flag_get)
    crm_hext_stable_wait                     0x080009d9   Thumb Code    36  at32f415_crm.o(.text.crm_hext_stable_wait)
    crm_periph_clock_enable                  0x080009fd   Thumb Code    40  at32f415_crm.o(.text.crm_periph_clock_enable)
    crm_pll_config                           0x08000a25   Thumb Code    90  at32f415_crm.o(.text.crm_pll_config)
    crm_reset                                0x08000a81   Thumb Code    78  at32f415_crm.o(.text.crm_reset)
    crm_sysclk_switch                        0x08000ad1   Thumb Code    58  at32f415_crm.o(.text.crm_sysclk_switch)
    crm_sysclk_switch_status_get             0x08000b0d   Thumb Code    16  at32f415_crm.o(.text.crm_sysclk_switch_status_get)
    flash_2kb_write                          0x08000b1d   Thumb Code    74  flash.o(.text.flash_2kb_write)
    flash_halfword_program                   0x08000b69   Thumb Code   122  at32f415_flash.o(.text.flash_halfword_program)
    flash_lock                               0x08000be5   Thumb Code    18  at32f415_flash.o(.text.flash_lock)
    flash_sector_erase                       0x08000bf9   Thumb Code   130  at32f415_flash.o(.text.flash_sector_erase)
    flash_unlock                             0x08000c7d   Thumb Code    30  at32f415_flash.o(.text.flash_unlock)
    flash_upgrade_flag_read                  0x08000c9d   Thumb Code    28  flash.o(.text.flash_upgrade_flag_read)
    gpio_default_para_init                   0x08000cb9   Thumb Code    18  at32f415_gpio.o(.text.gpio_default_para_init)
    gpio_init                                0x08000ccd   Thumb Code   190  at32f415_gpio.o(.text.gpio_init)
    gpio_pin_remap_config                    0x08000d8d   Thumb Code    64  at32f415_gpio.o(.text.gpio_pin_remap_config)
    main                                     0x08000dcd   Thumb Code   120  main.o(.text.main)
    nvic_irq_disable                         0x08000e45   Thumb Code    42  at32f415_misc.o(.text.nvic_irq_disable)
    nvic_irq_enable                          0x08000e71   Thumb Code   118  at32f415_misc.o(.text.nvic_irq_enable)
    nvic_priority_group_config               0x08000ee9   Thumb Code    32  at32f415_misc.o(.text.nvic_priority_group_config)
    system_core_clock_update                 0x08000f09   Thumb Code   212  system_at32f415.o(.text.system_core_clock_update)
    systick_clock_source_config              0x08000fed   Thumb Code    24  at32f415_misc.o(.text.systick_clock_source_config)
    usart1_connet_pc                         0x08001005   Thumb Code   238  at32f415_int.o(.text.usart1_connet_pc)
    usart1_send_error                        0x080010f5   Thumb Code   178  at32f415_int.o(.text.usart1_send_error)
    usart1_send_ok                           0x080011a9   Thumb Code   174  at32f415_int.o(.text.usart1_send_ok)
    usart_data_receive                       0x08001259   Thumb Code     6  at32f415_usart.o(.text.usart_data_receive)
    usart_data_transmit                      0x08001261   Thumb Code     8  at32f415_usart.o(.text.usart_data_transmit)
    usart_enable                             0x08001269   Thumb Code    18  at32f415_usart.o(.text.usart_enable)
    usart_flag_get                           0x0800127d   Thumb Code    10  at32f415_usart.o(.text.usart_flag_get)
    usart_hardware_flow_control_set          0x08001289   Thumb Code    66  at32f415_usart.o(.text.usart_hardware_flow_control_set)
    usart_init                               0x080012cd   Thumb Code   134  at32f415_usart.o(.text.usart_init)
    usart_interrupt_enable                   0x08001355   Thumb Code    32  at32f415_usart.o(.text.usart_interrupt_enable)
    usart_interrupt_flag_get                 0x08001375   Thumb Code   194  at32f415_usart.o(.text.usart_interrupt_flag_get)
    usart_parity_selection_config            0x08001439   Thumb Code    58  at32f415_usart.o(.text.usart_parity_selection_config)
    usart_receiver_enable                    0x08001475   Thumb Code    18  at32f415_usart.o(.text.usart_receiver_enable)
    usart_transmitter_enable                 0x08001489   Thumb Code    18  at32f415_usart.o(.text.usart_transmitter_enable)
    wk_crc_init                              0x0800149d   Thumb Code    48  wk_crc.o(.text.wk_crc_init)
    wk_debug_config                          0x080014cd   Thumb Code    14  wk_debug.o(.text.wk_debug_config)
    wk_gpio_config                           0x080014dd   Thumb Code   118  wk_gpio.o(.text.wk_gpio_config)
    wk_nvic_config                           0x08001555   Thumb Code    96  at32f415_wk_config.o(.text.wk_nvic_config)
    wk_periph_clock_config                   0x080015b5   Thumb Code    84  at32f415_wk_config.o(.text.wk_periph_clock_config)
    wk_system_clock_config                   0x08001609   Thumb Code   158  at32f415_wk_config.o(.text.wk_system_clock_config)
    wk_timebase_handler                      0x080016a9   Thumb Code     4  wk_system.o(.text.wk_timebase_handler)
    wk_timebase_increase                     0x080016ad   Thumb Code    16  wk_system.o(.text.wk_timebase_increase)
    wk_timebase_init                         0x080016bd   Thumb Code    64  wk_system.o(.text.wk_timebase_init)
    wk_usart1_init                           0x080016fd   Thumb Code   144  wk_usart.o(.text.wk_usart1_init)
    Region$$Table$$Base                      0x08001794   Number         0  anon$$obj.o(Region$$Table)
    Region$$Table$$Limit                     0x080017b4   Number         0  anon$$obj.o(Region$$Table)
    LOCAL_DEVICE_ID_1                        0x20000000   Data           1  main.o(.data.LOCAL_DEVICE_ID_1)
    LOCAL_DEVICE_ID_2                        0x20000001   Data           1  main.o(.data.LOCAL_DEVICE_ID_2)
    flash_add                                0x20000004   Data           4  at32f415_int.o(.data.flash_add)
    system_core_clock                        0x20000008   Data           4  system_at32f415.o(.data.system_core_clock)
    __libspace_start                         0x20000010   Data          96  libspace.o(.bss)
    __temporary_stack_top$libspace           0x20000070   Data           0  libspace.o(.bss)
    iap_done                                 0x20000074   Data           1  main.o(.bss.iap_done)
    jump_to_app                              0x20000078   Data           4  iap.o(.bss.jump_to_app)
    pro_buff                                 0x2000007c   Data        1024  at32f415_int.o(.bss.pro_buff)
    timebase_ticks                           0x20000480   Data           4  wk_system.o(.bss.timebase_ticks)
    usart1_crc_buff                          0x20000484   Data        1032  at32f415_int.o(.bss.usart1_crc_buff)
    usart1_rx_buff                           0x2000088c   Data        1036  at32f415_int.o(.bss.usart1_rx_buff)
    usart1_tx_buff                           0x20000c98   Data          22  at32f415_int.o(.bss.usart1_tx_buff)



==============================================================================

Memory Map of the image

  Image Entry point : 0x08000171

  Load Region LR_IROM1 (Base: 0x08000000, Size: 0x000017c8, Max: 0x00002000, ABSOLUTE)

    Execution Region ER_IROM1 (Exec base: 0x08000000, Load base: 0x08000000, Size: 0x000017b4, Max: 0x00002000, ABSOLUTE)

    Exec Addr    Load Addr    Size         Type   Attr      Idx    E Section Name        Object

    0x08000000   0x08000000   0x00000170   Data   RO          538    RESET               startup_at32f415.o
    0x08000170   0x08000170   0x00000008   Code   RO          549  * !!!main             c_w.l(__main.o)
    0x08000178   0x08000178   0x0000005c   Code   RO          714    !!!scatter          c_w.l(__scatter.o)
    0x080001d4   0x080001d4   0x0000001a   Code   RO          718    !!handler_copy      c_w.l(__scatter_copy.o)
    0x080001ee   0x080001ee   0x00000002   PAD
    0x080001f0   0x080001f0   0x00000002   Code   RO          715    !!handler_null      c_w.l(__scatter.o)
    0x080001f2   0x080001f2   0x00000002   PAD
    0x080001f4   0x080001f4   0x0000001c   Code   RO          720    !!handler_zi        c_w.l(__scatter_zi.o)
    0x08000210   0x08000210   0x00000002   Code   RO          576    .ARM.Collect$$libinit$$00000000  c_w.l(libinit.o)
    0x08000212   0x08000212   0x00000000   Code   RO          583    .ARM.Collect$$libinit$$00000002  c_w.l(libinit2.o)
    0x08000212   0x08000212   0x00000000   Code   RO          585    .ARM.Collect$$libinit$$00000004  c_w.l(libinit2.o)
    0x08000212   0x08000212   0x00000000   Code   RO          587    .ARM.Collect$$libinit$$00000006  c_w.l(libinit2.o)
    0x08000212   0x08000212   0x00000000   Code   RO          590    .ARM.Collect$$libinit$$0000000C  c_w.l(libinit2.o)
    0x08000212   0x08000212   0x00000000   Code   RO          592    .ARM.Collect$$libinit$$0000000E  c_w.l(libinit2.o)
    0x08000212   0x08000212   0x00000000   Code   RO          594    .ARM.Collect$$libinit$$00000010  c_w.l(libinit2.o)
    0x08000212   0x08000212   0x00000000   Code   RO          597    .ARM.Collect$$libinit$$00000013  c_w.l(libinit2.o)
    0x08000212   0x08000212   0x00000000   Code   RO          599    .ARM.Collect$$libinit$$00000015  c_w.l(libinit2.o)
    0x08000212   0x08000212   0x00000000   Code   RO          601    .ARM.Collect$$libinit$$00000017  c_w.l(libinit2.o)
    0x08000212   0x08000212   0x00000000   Code   RO          603    .ARM.Collect$$libinit$$00000019  c_w.l(libinit2.o)
    0x08000212   0x08000212   0x00000000   Code   RO          605    .ARM.Collect$$libinit$$0000001B  c_w.l(libinit2.o)
    0x08000212   0x08000212   0x00000000   Code   RO          607    .ARM.Collect$$libinit$$0000001D  c_w.l(libinit2.o)
    0x08000212   0x08000212   0x00000000   Code   RO          609    .ARM.Collect$$libinit$$0000001F  c_w.l(libinit2.o)
    0x08000212   0x08000212   0x00000000   Code   RO          611    .ARM.Collect$$libinit$$00000021  c_w.l(libinit2.o)
    0x08000212   0x08000212   0x00000000   Code   RO          613    .ARM.Collect$$libinit$$00000023  c_w.l(libinit2.o)
    0x08000212   0x08000212   0x00000000   Code   RO          615    .ARM.Collect$$libinit$$00000025  c_w.l(libinit2.o)
    0x08000212   0x08000212   0x00000000   Code   RO          617    .ARM.Collect$$libinit$$00000027  c_w.l(libinit2.o)
    0x08000212   0x08000212   0x00000000   Code   RO          621    .ARM.Collect$$libinit$$0000002E  c_w.l(libinit2.o)
    0x08000212   0x08000212   0x00000000   Code   RO          623    .ARM.Collect$$libinit$$00000030  c_w.l(libinit2.o)
    0x08000212   0x08000212   0x00000000   Code   RO          625    .ARM.Collect$$libinit$$00000032  c_w.l(libinit2.o)
    0x08000212   0x08000212   0x00000000   Code   RO          627    .ARM.Collect$$libinit$$00000034  c_w.l(libinit2.o)
    0x08000212   0x08000212   0x00000002   Code   RO          628    .ARM.Collect$$libinit$$00000035  c_w.l(libinit2.o)
    0x08000214   0x08000214   0x00000002   Code   RO          650    .ARM.Collect$$libshutdown$$00000000  c_w.l(libshutdown.o)
    0x08000216   0x08000216   0x00000000   Code   RO          665    .ARM.Collect$$libshutdown$$00000002  c_w.l(libshutdown2.o)
    0x08000216   0x08000216   0x00000000   Code   RO          667    .ARM.Collect$$libshutdown$$00000004  c_w.l(libshutdown2.o)
    0x08000216   0x08000216   0x00000000   Code   RO          670    .ARM.Collect$$libshutdown$$00000007  c_w.l(libshutdown2.o)
    0x08000216   0x08000216   0x00000000   Code   RO          673    .ARM.Collect$$libshutdown$$0000000A  c_w.l(libshutdown2.o)
    0x08000216   0x08000216   0x00000000   Code   RO          675    .ARM.Collect$$libshutdown$$0000000C  c_w.l(libshutdown2.o)
    0x08000216   0x08000216   0x00000000   Code   RO          678    .ARM.Collect$$libshutdown$$0000000F  c_w.l(libshutdown2.o)
    0x08000216   0x08000216   0x00000002   Code   RO          679    .ARM.Collect$$libshutdown$$00000010  c_w.l(libshutdown2.o)
    0x08000218   0x08000218   0x00000000   Code   RO          551    .ARM.Collect$$rtentry$$00000000  c_w.l(__rtentry.o)
    0x08000218   0x08000218   0x00000000   Code   RO          553    .ARM.Collect$$rtentry$$00000002  c_w.l(__rtentry2.o)
    0x08000218   0x08000218   0x00000006   Code   RO          565    .ARM.Collect$$rtentry$$00000004  c_w.l(__rtentry4.o)
    0x0800021e   0x0800021e   0x00000000   Code   RO          555    .ARM.Collect$$rtentry$$00000009  c_w.l(__rtentry2.o)
    0x0800021e   0x0800021e   0x00000004   Code   RO          556    .ARM.Collect$$rtentry$$0000000A  c_w.l(__rtentry2.o)
    0x08000222   0x08000222   0x00000000   Code   RO          558    .ARM.Collect$$rtentry$$0000000C  c_w.l(__rtentry2.o)
    0x08000222   0x08000222   0x00000008   Code   RO          559    .ARM.Collect$$rtentry$$0000000D  c_w.l(__rtentry2.o)
    0x0800022a   0x0800022a   0x00000002   Code   RO          580    .ARM.Collect$$rtexit$$00000000  c_w.l(rtexit.o)
    0x0800022c   0x0800022c   0x00000000   Code   RO          630    .ARM.Collect$$rtexit$$00000002  c_w.l(rtexit2.o)
    0x0800022c   0x0800022c   0x00000004   Code   RO          631    .ARM.Collect$$rtexit$$00000003  c_w.l(rtexit2.o)
    0x08000230   0x08000230   0x00000006   Code   RO          632    .ARM.Collect$$rtexit$$00000004  c_w.l(rtexit2.o)
    0x08000236   0x08000236   0x00000002   PAD
    0x08000238   0x08000238   0x00000040   Code   RO          539    .text               startup_at32f415.o
    0x08000278   0x08000278   0x00000006   Code   RO          547    .text               c_w.l(heapauxi.o)
    0x0800027e   0x0800027e   0x0000004a   Code   RO          567    .text               c_w.l(sys_stackheap_outer.o)
    0x080002c8   0x080002c8   0x00000012   Code   RO          569    .text               c_w.l(exit.o)
    0x080002da   0x080002da   0x00000002   PAD
    0x080002dc   0x080002dc   0x00000008   Code   RO          577    .text               c_w.l(libspace.o)
    0x080002e4   0x080002e4   0x0000000c   Code   RO          640    .text               c_w.l(sys_exit.o)
    0x080002f0   0x080002f0   0x00000002   Code   RO          655    .text               c_w.l(use_no_semi.o)
    0x080002f2   0x080002f2   0x00000000   Code   RO          657    .text               c_w.l(indicate_semi.o)
    0x080002f2   0x080002f2   0x00000002   PAD
    0x080002f4   0x080002f4   0x00000002   Code   RO           34    .text.BusFault_Handler  at32f415_int.o
    0x080002f6   0x080002f6   0x00000002   PAD
    0x080002f8   0x080002f8   0x00000002   Code   RO           40    .text.DebugMon_Handler  at32f415_int.o
    0x080002fa   0x080002fa   0x00000002   PAD
    0x080002fc   0x080002fc   0x00000002   Code   RO           30    .text.HardFault_Handler  at32f415_int.o
    0x080002fe   0x080002fe   0x00000002   PAD
    0x08000300   0x08000300   0x00000002   Code   RO           32    .text.MemManage_Handler  at32f415_int.o
    0x08000302   0x08000302   0x00000002   PAD
    0x08000304   0x08000304   0x00000002   Code   RO           28    .text.NMI_Handler   at32f415_int.o
    0x08000306   0x08000306   0x00000002   PAD
    0x08000308   0x08000308   0x00000002   Code   RO           42    .text.PendSV_Handler  at32f415_int.o
    0x0800030a   0x0800030a   0x00000002   PAD
    0x0800030c   0x0800030c   0x00000002   Code   RO           38    .text.SVC_Handler   at32f415_int.o
    0x0800030e   0x0800030e   0x00000002   PAD
    0x08000310   0x08000310   0x00000004   Code   RO           44    .text.SysTick_Handler  at32f415_int.o
    0x08000314   0x08000314   0x0000007c   Code   RO          524    .text.SystemInit    system_at32f415.o
    0x08000390   0x08000390   0x000001ac   Code   RO           46    .text.USART1_IRQHandler  at32f415_int.o
    0x0800053c   0x0800053c   0x00000002   Code   RO           36    .text.UsageFault_Handler  at32f415_int.o
    0x0800053e   0x0800053e   0x00000002   PAD
    0x08000540   0x08000540   0x0000001c   Code   RO          123    .text.__NVIC_ClearPendingIRQ  iap.o
    0x0800055c   0x0800055c   0x00000140   Code   RO          121    .text.app_load      iap.o
    0x0800069c   0x0800069c   0x0000007e   Code   RO           54    .text.copy_uint8_array  at32f415_int.o
    0x0800071a   0x0800071a   0x00000002   PAD
    0x0800071c   0x0800071c   0x0000001a   Code   RO          160    .text.crc_block_calculate  at32f415_crc.o
    0x08000736   0x08000736   0x00000002   PAD
    0x08000738   0x08000738   0x00000012   Code   RO          156    .text.crc_data_reset  at32f415_crc.o
    0x0800074a   0x0800074a   0x00000002   PAD
    0x0800074c   0x0800074c   0x0000000c   Code   RO          168    .text.crc_init_data_set  at32f415_crc.o
    0x08000758   0x08000758   0x0000001a   Code   RO          178    .text.crc_poly_size_set  at32f415_crc.o
    0x08000772   0x08000772   0x00000002   PAD
    0x08000774   0x08000774   0x0000000c   Code   RO          174    .text.crc_poly_value_set  at32f415_crc.o
    0x08000780   0x08000780   0x0000001a   Code   RO          170    .text.crc_reverse_input_data_set  at32f415_crc.o
    0x0800079a   0x0800079a   0x00000002   PAD
    0x0800079c   0x0800079c   0x0000001a   Code   RO          172    .text.crc_reverse_output_data_set  at32f415_crc.o
    0x080007b6   0x080007b6   0x00000002   PAD
    0x080007b8   0x080007b8   0x0000001a   Code   RO          220    .text.crm_ahb_div_set  at32f415_crm.o
    0x080007d2   0x080007d2   0x00000002   PAD
    0x080007d4   0x080007d4   0x0000001a   Code   RO          222    .text.crm_apb1_div_set  at32f415_crm.o
    0x080007ee   0x080007ee   0x00000002   PAD
    0x080007f0   0x080007f0   0x0000001a   Code   RO          224    .text.crm_apb2_div_set  at32f415_crm.o
    0x0800080a   0x0800080a   0x00000002   PAD
    0x0800080c   0x0800080c   0x00000018   Code   RO          248    .text.crm_auto_step_mode_enable  at32f415_crm.o
    0x08000824   0x08000824   0x0000007a   Code   RO          212    .text.crm_clock_source_enable  at32f415_crm.o
    0x0800089e   0x0800089e   0x00000002   PAD
    0x080008a0   0x080008a0   0x0000011c   Code   RO          242    .text.crm_clocks_freq_get  at32f415_crm.o
    0x080009bc   0x080009bc   0x0000001a   Code   RO          196    .text.crm_flag_get  at32f415_crm.o
    0x080009d6   0x080009d6   0x00000002   PAD
    0x080009d8   0x080009d8   0x00000024   Code   RO          200    .text.crm_hext_stable_wait  at32f415_crm.o
    0x080009fc   0x080009fc   0x00000028   Code   RO          206    .text.crm_periph_clock_enable  at32f415_crm.o
    0x08000a24   0x08000a24   0x0000005a   Code   RO          234    .text.crm_pll_config  at32f415_crm.o
    0x08000a7e   0x08000a7e   0x00000002   PAD
    0x08000a80   0x08000a80   0x0000004e   Code   RO          190    .text.crm_reset     at32f415_crm.o
    0x08000ace   0x08000ace   0x00000002   PAD
    0x08000ad0   0x08000ad0   0x0000003a   Code   RO          238    .text.crm_sysclk_switch  at32f415_crm.o
    0x08000b0a   0x08000b0a   0x00000002   PAD
    0x08000b0c   0x08000b0c   0x00000010   Code   RO          240    .text.crm_sysclk_switch_status_get  at32f415_crm.o
    0x08000b1c   0x08000b1c   0x0000004a   Code   RO          134    .text.flash_2kb_write  flash.o
    0x08000b66   0x08000b66   0x00000002   PAD
    0x08000b68   0x08000b68   0x0000007a   Code   RO          305    .text.flash_halfword_program  at32f415_flash.o
    0x08000be2   0x08000be2   0x00000002   PAD
    0x08000be4   0x08000be4   0x00000012   Code   RO          293    .text.flash_lock    at32f415_flash.o
    0x08000bf6   0x08000bf6   0x00000002   PAD
    0x08000bf8   0x08000bf8   0x00000082   Code   RO          295    .text.flash_sector_erase  at32f415_flash.o
    0x08000c7a   0x08000c7a   0x00000002   PAD
    0x08000c7c   0x08000c7c   0x0000001e   Code   RO          291    .text.flash_unlock  at32f415_flash.o
    0x08000c9a   0x08000c9a   0x00000002   PAD
    0x08000c9c   0x08000c9c   0x0000001c   Code   RO          138    .text.flash_upgrade_flag_read  flash.o
    0x08000cb8   0x08000cb8   0x00000012   Code   RO          363    .text.gpio_default_para_init  at32f415_gpio.o
    0x08000cca   0x08000cca   0x00000002   PAD
    0x08000ccc   0x08000ccc   0x000000be   Code   RO          361    .text.gpio_init     at32f415_gpio.o
    0x08000d8a   0x08000d8a   0x00000002   PAD
    0x08000d8c   0x08000d8c   0x00000040   Code   RO          389    .text.gpio_pin_remap_config  at32f415_gpio.o
    0x08000dcc   0x08000dcc   0x00000078   Code   RO            2    .text.main          main.o
    0x08000e44   0x08000e44   0x0000002a   Code   RO          408    .text.nvic_irq_disable  at32f415_misc.o
    0x08000e6e   0x08000e6e   0x00000002   PAD
    0x08000e70   0x08000e70   0x00000076   Code   RO          406    .text.nvic_irq_enable  at32f415_misc.o
    0x08000ee6   0x08000ee6   0x00000002   PAD
    0x08000ee8   0x08000ee8   0x00000020   Code   RO          410    .text.nvic_priority_group_config  at32f415_misc.o
    0x08000f08   0x08000f08   0x000000e4   Code   RO          526    .text.system_core_clock_update  system_at32f415.o
    0x08000fec   0x08000fec   0x00000018   Code   RO          416    .text.systick_clock_source_config  at32f415_misc.o
    0x08001004   0x08001004   0x000000ee   Code   RO           50    .text.usart1_connet_pc  at32f415_int.o
    0x080010f2   0x080010f2   0x00000002   PAD
    0x080010f4   0x080010f4   0x000000b2   Code   RO           56    .text.usart1_send_error  at32f415_int.o
    0x080011a6   0x080011a6   0x00000002   PAD
    0x080011a8   0x080011a8   0x000000ae   Code   RO           52    .text.usart1_send_ok  at32f415_int.o
    0x08001256   0x08001256   0x00000002   PAD
    0x08001258   0x08001258   0x00000006   Code   RO          490    .text.usart_data_receive  at32f415_usart.o
    0x0800125e   0x0800125e   0x00000002   PAD
    0x08001260   0x08001260   0x00000008   Code   RO          488    .text.usart_data_transmit  at32f415_usart.o
    0x08001268   0x08001268   0x00000012   Code   RO          462    .text.usart_enable  at32f415_usart.o
    0x0800127a   0x0800127a   0x00000002   PAD
    0x0800127c   0x0800127c   0x0000000a   Code   RO          510    .text.usart_flag_get  at32f415_usart.o
    0x08001286   0x08001286   0x00000002   PAD
    0x08001288   0x08001288   0x00000042   Code   RO          508    .text.usart_hardware_flow_control_set  at32f415_usart.o
    0x080012ca   0x080012ca   0x00000002   PAD
    0x080012cc   0x080012cc   0x00000086   Code   RO          458    .text.usart_init    at32f415_usart.o
    0x08001352   0x08001352   0x00000002   PAD
    0x08001354   0x08001354   0x00000020   Code   RO          472    .text.usart_interrupt_enable  at32f415_usart.o
    0x08001374   0x08001374   0x000000c2   Code   RO          512    .text.usart_interrupt_flag_get  at32f415_usart.o
    0x08001436   0x08001436   0x00000002   PAD
    0x08001438   0x08001438   0x0000003a   Code   RO          460    .text.usart_parity_selection_config  at32f415_usart.o
    0x08001472   0x08001472   0x00000002   PAD
    0x08001474   0x08001474   0x00000012   Code   RO          466    .text.usart_receiver_enable  at32f415_usart.o
    0x08001486   0x08001486   0x00000002   PAD
    0x08001488   0x08001488   0x00000012   Code   RO          464    .text.usart_transmitter_enable  at32f415_usart.o
    0x0800149a   0x0800149a   0x00000002   PAD
    0x0800149c   0x0800149c   0x00000030   Code   RO           97    .text.wk_crc_init   wk_crc.o
    0x080014cc   0x080014cc   0x0000000e   Code   RO          105    .text.wk_debug_config  wk_debug.o
    0x080014da   0x080014da   0x00000002   PAD
    0x080014dc   0x080014dc   0x00000076   Code   RO          148    .text.wk_gpio_config  wk_gpio.o
    0x08001552   0x08001552   0x00000002   PAD
    0x08001554   0x08001554   0x00000060   Code   RO           18    .text.wk_nvic_config  at32f415_wk_config.o
    0x080015b4   0x080015b4   0x00000054   Code   RO           16    .text.wk_periph_clock_config  at32f415_wk_config.o
    0x08001608   0x08001608   0x0000009e   Code   RO           14    .text.wk_system_clock_config  at32f415_wk_config.o
    0x080016a6   0x080016a6   0x00000002   PAD
    0x080016a8   0x080016a8   0x00000004   Code   RO           86    .text.wk_timebase_handler  wk_system.o
    0x080016ac   0x080016ac   0x00000010   Code   RO           78    .text.wk_timebase_increase  wk_system.o
    0x080016bc   0x080016bc   0x00000040   Code   RO           84    .text.wk_timebase_init  wk_system.o
    0x080016fc   0x080016fc   0x00000090   Code   RO          113    .text.wk_usart1_init  wk_usart.o
    0x0800178c   0x0800178c   0x00000008   Data   RO          262    .rodata.cst8        at32f415_crm.o
    0x08001794   0x08001794   0x00000020   Data   RO          713    Region$$Table       anon$$obj.o


    Execution Region RW_IRAM1 (Exec base: 0x20000000, Load base: 0x080017b8, Size: 0x000012b0, Max: 0x00008000, ABSOLUTE)

    Exec Addr    Load Addr    Size         Type   Attr      Idx    E Section Name        Object

    0x20000000   0x080017b8   0x00000001   Data   RW            5    .data.LOCAL_DEVICE_ID_1  main.o
    0x20000001   0x080017b9   0x00000001   Data   RW            6    .data.LOCAL_DEVICE_ID_2  main.o
    0x20000002   0x080017ba   0x00000002   PAD
    0x20000004   0x080017bc   0x00000004   Data   RW           60    .data.flash_add     at32f415_int.o
    0x20000008   0x080017c0   0x00000004   Data   RW          528    .data.system_core_clock  system_at32f415.o
    0x2000000c   0x080017c4   0x00000004   PAD
    0x20000010        -       0x00000060   Zero   RW          578    .bss                c_w.l(libspace.o)
    0x20000070        -       0x00000002   Zero   RW           61    .bss.USART1_IRQHandler.count  at32f415_int.o
    0x20000072        -       0x00000001   Zero   RW           68    .bss.hw_ver_major   at32f415_int.o
    0x20000073        -       0x00000001   Zero   RW           69    .bss.hw_ver_minor   at32f415_int.o
    0x20000074        -       0x00000001   Zero   RW            4    .bss.iap_done       main.o
    0x20000075   0x080017c4   0x00000003   PAD
    0x20000078        -       0x00000004   Zero   RW          125    .bss.jump_to_app    iap.o
    0x2000007c        -       0x00000400   Zero   RW           64    .bss.pro_buff       at32f415_int.o
    0x2000047c        -       0x00000001   Zero   RW           66    .bss.sw_ver_major   at32f415_int.o
    0x2000047d        -       0x00000001   Zero   RW           67    .bss.sw_ver_patch   at32f415_int.o
    0x2000047e   0x080017c4   0x00000002   PAD
    0x20000480        -       0x00000004   Zero   RW           88    .bss.timebase_ticks  wk_system.o
    0x20000484        -       0x00000408   Zero   RW           63    .bss.usart1_crc_buff  at32f415_int.o
    0x2000088c        -       0x0000040c   Zero   RW           62    .bss.usart1_rx_buff  at32f415_int.o
    0x20000c98        -       0x00000016   Zero   RW           65    .bss.usart1_tx_buff  at32f415_int.o
    0x20000cae   0x080017c4   0x00000002   PAD
    0x20000cb0        -       0x00000200   Zero   RW          537    HEAP                startup_at32f415.o
    0x20000eb0        -       0x00000400   Zero   RW          536    STACK               startup_at32f415.o


==============================================================================

Image component sizes


      Code (inc. data)   RO Data    RW Data    ZI Data      Debug   Object Name

       146          0          0          0          0       3408   at32f415_crc.o
       852         34          8          0          0      21508   at32f415_crm.o
       300          0          0          0          0      22157   at32f415_flash.o
       272          0          0          0          0      13277   at32f415_gpio.o
      1164          0          0          4       3120       9101   at32f415_int.o
       216          0          0          0          0       6806   at32f415_misc.o
       562         68          0          0          0      11220   at32f415_usart.o
       338          0          0          0          0      11586   at32f415_wk_config.o
       102          0          0          0          0       1722   flash.o
       348          0          0          0          4       4442   iap.o
       120          0          0          2          1        861   main.o
        64         26        368          0       1536        796   startup_at32f415.o
       352         16          0          4          0       7714   system_at32f415.o
        48          0          0          0          0        868   wk_crc.o
        14          0          0          0          0        792   wk_debug.o
       118          0          0          0          0       4453   wk_gpio.o
        84          0          0          0          4       1891   wk_system.o
       144          0          0          0          0       6488   wk_usart.o

    ----------------------------------------------------------------------
      5336        144        408         12       4676     129090   Object Totals
         0          0         32          0          0          0   (incl. Generated)
        92          0          0          2         11          0   (incl. Padding)

    ----------------------------------------------------------------------

      Code (inc. data)   RO Data    RW Data    ZI Data      Debug   Library Member Name

         8          0          0          0          0         68   __main.o
         0          0          0          0          0          0   __rtentry.o
        12          0          0          0          0          0   __rtentry2.o
         6          0          0          0          0          0   __rtentry4.o
        94          8          0          0          0          0   __scatter.o
        26          0          0          0          0          0   __scatter_copy.o
        28          0          0          0          0          0   __scatter_zi.o
        18          0          0          0          0         80   exit.o
         6          0          0          0          0        152   heapauxi.o
         0          0          0          0          0          0   indicate_semi.o
         2          0          0          0          0          0   libinit.o
         2          0          0          0          0          0   libinit2.o
         2          0          0          0          0          0   libshutdown.o
         2          0          0          0          0          0   libshutdown2.o
         8          4          0          0         96         68   libspace.o
         2          0          0          0          0          0   rtexit.o
        10          0          0          0          0          0   rtexit2.o
        12          4          0          0          0         68   sys_exit.o
        74          0          0          0          0         80   sys_stackheap_outer.o
         2          0          0          0          0         68   use_no_semi.o

    ----------------------------------------------------------------------
       324         16          0          0         96        584   Library Totals
        10          0          0          0          0          0   (incl. Padding)

    ----------------------------------------------------------------------

      Code (inc. data)   RO Data    RW Data    ZI Data      Debug   Library Name

       314         16          0          0         96        584   c_w.l

    ----------------------------------------------------------------------
       324         16          0          0         96        584   Library Totals

    ----------------------------------------------------------------------

==============================================================================


      Code (inc. data)   RO Data    RW Data    ZI Data      Debug   

      5660        160        408         12       4772     129314   Grand Totals
      5660        160        408         12       4772     129314   ELF Image Totals
      5660        160        408         12          0          0   ROM Totals

==============================================================================

    Total RO  Size (Code + RO Data)                 6068 (   5.93kB)
    Total RW  Size (RW Data + ZI Data)              4784 (   4.67kB)
    Total ROM Size (Code + RO Data + RW Data)       6080 (   5.94kB)

==============================================================================

