<!doctype html public "-//w3c//dtd html 4.0 transitional//en">
<html><head>
<title>Static Call Graph - [.\objects\AT32F415RBT7_WorkBench.axf]</title></head>
<body><HR>
<H1>Static Call Graph for image .\objects\AT32F415RBT7_WorkBench.axf</H1><HR>
<BR><P>#&#060CALLGRAPH&#062# ARM Linker, 6230001: Last Updated: Fri Jul  3 16:31:23 2026
<BR><P>
<H3>Maximum Stack Usage =        312 bytes + Unknown(Cycles, Untraceable Function Pointers)</H3><H3>
Call chain for Maximum Stack Depth:</H3>
lcd_task &rArr; LcdProc &rArr; DrawProgressBar &rArr; TranferPicturetoTFT_LCD &rArr; spiflash_read &rArr; spiflash_force_4byte_mode &rArr; spiflash_wait_busy &rArr; spiflash_read_sr1
<P>
<H3>
Mutually Recursive functions
</H3> <LI><a href="#[1c]">ADC1_IRQHandler</a>&nbsp;&nbsp;&nbsp;&rArr;&nbsp;&nbsp;&nbsp;<a href="#[1c]">ADC1_IRQHandler</a><BR>
 <LI><a href="#[4]">BusFault_Handler</a>&nbsp;&nbsp;&nbsp;&rArr;&nbsp;&nbsp;&nbsp;<a href="#[4]">BusFault_Handler</a><BR>
 <LI><a href="#[2]">HardFault_Handler</a>&nbsp;&nbsp;&nbsp;&rArr;&nbsp;&nbsp;&nbsp;<a href="#[2]">HardFault_Handler</a><BR>
 <LI><a href="#[3]">MemManage_Handler</a>&nbsp;&nbsp;&nbsp;&rArr;&nbsp;&nbsp;&nbsp;<a href="#[3]">MemManage_Handler</a><BR>
 <LI><a href="#[5]">UsageFault_Handler</a>&nbsp;&nbsp;&nbsp;&rArr;&nbsp;&nbsp;&nbsp;<a href="#[5]">UsageFault_Handler</a><BR>
</UL>
<P>
<H3>
Function Pointers
</H3><UL>
 <LI><a href="#[1c]">ADC1_IRQHandler</a> from startup_at32f415.o(.text) referenced from startup_at32f415.o(RESET)
 <LI><a href="#[4]">BusFault_Handler</a> from lto-llvm-8de445.o(.text.BusFault_Handler) referenced from startup_at32f415.o(RESET)
 <LI><a href="#[1e]">CAN1_RX0_IRQHandler</a> from startup_at32f415.o(.text) referenced from startup_at32f415.o(RESET)
 <LI><a href="#[1f]">CAN1_RX1_IRQHandler</a> from startup_at32f415.o(.text) referenced from startup_at32f415.o(RESET)
 <LI><a href="#[20]">CAN1_SE_IRQHandler</a> from startup_at32f415.o(.text) referenced from startup_at32f415.o(RESET)
 <LI><a href="#[1d]">CAN1_TX_IRQHandler</a> from startup_at32f415.o(.text) referenced from startup_at32f415.o(RESET)
 <LI><a href="#[3e]">CMP1_IRQHandler</a> from startup_at32f415.o(.text) referenced from startup_at32f415.o(RESET)
 <LI><a href="#[3f]">CMP2_IRQHandler</a> from startup_at32f415.o(.text) referenced from startup_at32f415.o(RESET)
 <LI><a href="#[f]">CRM_IRQHandler</a> from startup_at32f415.o(.text) referenced from startup_at32f415.o(RESET)
 <LI><a href="#[15]">DMA1_Channel1_IRQHandler</a> from startup_at32f415.o(.text) referenced from startup_at32f415.o(RESET)
 <LI><a href="#[16]">DMA1_Channel2_IRQHandler</a> from startup_at32f415.o(.text) referenced from startup_at32f415.o(RESET)
 <LI><a href="#[17]">DMA1_Channel3_IRQHandler</a> from startup_at32f415.o(.text) referenced from startup_at32f415.o(RESET)
 <LI><a href="#[18]">DMA1_Channel4_IRQHandler</a> from startup_at32f415.o(.text) referenced from startup_at32f415.o(RESET)
 <LI><a href="#[19]">DMA1_Channel5_IRQHandler</a> from startup_at32f415.o(.text) referenced from startup_at32f415.o(RESET)
 <LI><a href="#[1a]">DMA1_Channel6_IRQHandler</a> from startup_at32f415.o(.text) referenced from startup_at32f415.o(RESET)
 <LI><a href="#[1b]">DMA1_Channel7_IRQHandler</a> from startup_at32f415.o(.text) referenced from startup_at32f415.o(RESET)
 <LI><a href="#[39]">DMA2_Channel1_IRQHandler</a> from startup_at32f415.o(.text) referenced from startup_at32f415.o(RESET)
 <LI><a href="#[3a]">DMA2_Channel2_IRQHandler</a> from startup_at32f415.o(.text) referenced from startup_at32f415.o(RESET)
 <LI><a href="#[3b]">DMA2_Channel3_IRQHandler</a> from startup_at32f415.o(.text) referenced from startup_at32f415.o(RESET)
 <LI><a href="#[3c]">DMA2_Channel4_5_IRQHandler</a> from startup_at32f415.o(.text) referenced from startup_at32f415.o(RESET)
 <LI><a href="#[40]">DMA2_Channel6_7_IRQHandler</a> from startup_at32f415.o(.text) referenced from startup_at32f415.o(RESET)
 <LI><a href="#[7]">DebugMon_Handler</a> from lto-llvm-8de445.o(.text.DebugMon_Handler) referenced from startup_at32f415.o(RESET)
 <LI><a href="#[33]">ERTCAlarm_IRQHandler</a> from startup_at32f415.o(.text) referenced from startup_at32f415.o(RESET)
 <LI><a href="#[d]">ERTC_WKUP_IRQHandler</a> from startup_at32f415.o(.text) referenced from startup_at32f415.o(RESET)
 <LI><a href="#[10]">EXINT0_IRQHandler</a> from startup_at32f415.o(.text) referenced from startup_at32f415.o(RESET)
 <LI><a href="#[32]">EXINT15_10_IRQHandler</a> from startup_at32f415.o(.text) referenced from startup_at32f415.o(RESET)
 <LI><a href="#[11]">EXINT1_IRQHandler</a> from startup_at32f415.o(.text) referenced from startup_at32f415.o(RESET)
 <LI><a href="#[12]">EXINT2_IRQHandler</a> from startup_at32f415.o(.text) referenced from startup_at32f415.o(RESET)
 <LI><a href="#[13]">EXINT3_IRQHandler</a> from startup_at32f415.o(.text) referenced from startup_at32f415.o(RESET)
 <LI><a href="#[14]">EXINT4_IRQHandler</a> from startup_at32f415.o(.text) referenced from startup_at32f415.o(RESET)
 <LI><a href="#[21]">EXINT9_5_IRQHandler</a> from startup_at32f415.o(.text) referenced from startup_at32f415.o(RESET)
 <LI><a href="#[e]">FLASH_IRQHandler</a> from startup_at32f415.o(.text) referenced from startup_at32f415.o(RESET)
 <LI><a href="#[2]">HardFault_Handler</a> from lto-llvm-8de445.o(.text.HardFault_Handler) referenced from startup_at32f415.o(RESET)
 <LI><a href="#[2a]">I2C1_ERR_IRQHandler</a> from startup_at32f415.o(.text) referenced from startup_at32f415.o(RESET)
 <LI><a href="#[29]">I2C1_EVT_IRQHandler</a> from startup_at32f415.o(.text) referenced from startup_at32f415.o(RESET)
 <LI><a href="#[2c]">I2C2_ERR_IRQHandler</a> from startup_at32f415.o(.text) referenced from startup_at32f415.o(RESET)
 <LI><a href="#[2b]">I2C2_EVT_IRQHandler</a> from startup_at32f415.o(.text) referenced from startup_at32f415.o(RESET)
 <LI><a href="#[47]">LCD_DrawLine</a> from lto-llvm-8de445.o(.text.LCD_DrawLine) referenced from lto-llvm-8de445.o(.text.LcdProc)
 <LI><a href="#[44]">LCD_Fill</a> from lto-llvm-8de445.o(.text.LCD_Fill) referenced from lto-llvm-8de445.o(.text.DrawProgressBar)
 <LI><a href="#[5f]">LCD_RD_DATA</a> from lto-llvm-8de445.o(.text.LCD_RD_DATA) referenced from lto-llvm-8de445.o(.text.main)
 <LI><a href="#[48]">LCD_ShowString</a> from lto-llvm-8de445.o(.text.LCD_ShowString) referenced from lto-llvm-8de445.o(.text.LcdProc)
 <LI><a href="#[60]">LCD_WR_DATA</a> from lto-llvm-8de445.o(.text.LCD_WR_DATA) referenced from lto-llvm-8de445.o(.text.main)
 <LI><a href="#[45]">LCD_WR_REG</a> from lto-llvm-8de445.o(.text.LCD_WR_REG) referenced from lto-llvm-8de445.o(.text.LCD_Address_Set)
 <LI><a href="#[45]">LCD_WR_REG</a> from lto-llvm-8de445.o(.text.LCD_WR_REG) referenced from lto-llvm-8de445.o(.text.main)
 <LI><a href="#[3]">MemManage_Handler</a> from lto-llvm-8de445.o(.text.MemManage_Handler) referenced from startup_at32f415.o(RESET)
 <LI><a href="#[1]">NMI_Handler</a> from lto-llvm-8de445.o(.text.NMI_Handler) referenced from startup_at32f415.o(RESET)
 <LI><a href="#[3d]">OTGFS1_IRQHandler</a> from startup_at32f415.o(.text) referenced from startup_at32f415.o(RESET)
 <LI><a href="#[34]">OTGFS1_WKUP_IRQHandler</a> from startup_at32f415.o(.text) referenced from startup_at32f415.o(RESET)
 <LI><a href="#[b]">PVM_IRQHandler</a> from startup_at32f415.o(.text) referenced from startup_at32f415.o(RESET)
 <LI><a href="#[8]">PendSV_Handler</a> from lto-llvm-8de445.o(.text.PendSV_Handler) referenced from startup_at32f415.o(RESET)
 <LI><a href="#[0]">Reset_Handler</a> from startup_at32f415.o(.text) referenced from startup_at32f415.o(RESET)
 <LI><a href="#[35]">SDIO1_IRQHandler</a> from startup_at32f415.o(.text) referenced from startup_at32f415.o(RESET)
 <LI><a href="#[2d]">SPI1_IRQHandler</a> from startup_at32f415.o(.text) referenced from startup_at32f415.o(RESET)
 <LI><a href="#[2e]">SPI2_IRQHandler</a> from startup_at32f415.o(.text) referenced from startup_at32f415.o(RESET)
 <LI><a href="#[6]">SVC_Handler</a> from lto-llvm-8de445.o(.text.SVC_Handler) referenced from startup_at32f415.o(RESET)
 <LI><a href="#[9]">SysTick_Handler</a> from lto-llvm-8de445.o(.text.SysTick_Handler) referenced from startup_at32f415.o(RESET)
 <LI><a href="#[42]">SystemInit</a> from lto-llvm-8de445.o(.text.SystemInit) referenced from startup_at32f415.o(.text)
 <LI><a href="#[c]">TAMP_STAMP_IRQHandler</a> from startup_at32f415.o(.text) referenced from startup_at32f415.o(RESET)
 <LI><a href="#[22]">TMR1_BRK_TMR9_IRQHandler</a> from lto-llvm-8de445.o(.text.TMR1_BRK_TMR9_IRQHandler) referenced from startup_at32f415.o(RESET)
 <LI><a href="#[25]">TMR1_CH_IRQHandler</a> from startup_at32f415.o(.text) referenced from startup_at32f415.o(RESET)
 <LI><a href="#[23]">TMR1_OVF_TMR10_IRQHandler</a> from startup_at32f415.o(.text) referenced from startup_at32f415.o(RESET)
 <LI><a href="#[24]">TMR1_TRG_HALL_TMR11_IRQHandler</a> from startup_at32f415.o(.text) referenced from startup_at32f415.o(RESET)
 <LI><a href="#[26]">TMR2_GLOBAL_IRQHandler</a> from startup_at32f415.o(.text) referenced from startup_at32f415.o(RESET)
 <LI><a href="#[27]">TMR3_GLOBAL_IRQHandler</a> from startup_at32f415.o(.text) referenced from startup_at32f415.o(RESET)
 <LI><a href="#[28]">TMR4_GLOBAL_IRQHandler</a> from startup_at32f415.o(.text) referenced from startup_at32f415.o(RESET)
 <LI><a href="#[36]">TMR5_GLOBAL_IRQHandler</a> from lto-llvm-8de445.o(.text.TMR5_GLOBAL_IRQHandler) referenced from startup_at32f415.o(RESET)
 <LI><a href="#[46]">TranferPicturetoTFT_LCD</a> from lto-llvm-8de445.o(.text.TranferPicturetoTFT_LCD) referenced from lto-llvm-8de445.o(.text.LcdProc)
 <LI><a href="#[37]">UART4_IRQHandler</a> from startup_at32f415.o(.text) referenced from startup_at32f415.o(RESET)
 <LI><a href="#[38]">UART5_IRQHandler</a> from startup_at32f415.o(.text) referenced from startup_at32f415.o(RESET)
 <LI><a href="#[2f]">USART1_IRQHandler</a> from lto-llvm-8de445.o(.text.USART1_IRQHandler) referenced from startup_at32f415.o(RESET)
 <LI><a href="#[30]">USART2_IRQHandler</a> from startup_at32f415.o(.text) referenced from startup_at32f415.o(RESET)
 <LI><a href="#[31]">USART3_IRQHandler</a> from startup_at32f415.o(.text) referenced from startup_at32f415.o(RESET)
 <LI><a href="#[5]">UsageFault_Handler</a> from lto-llvm-8de445.o(.text.UsageFault_Handler) referenced from startup_at32f415.o(RESET)
 <LI><a href="#[a]">WWDT_IRQHandler</a> from startup_at32f415.o(.text) referenced from startup_at32f415.o(RESET)
 <LI><a href="#[43]">__main</a> from entry.o(.ARM.Collect$$$$00000000) referenced from startup_at32f415.o(.text)
 <LI><a href="#[4f]">dma_init</a> from lto-llvm-8de445.o(.text.dma_init) referenced from lto-llvm-8de445.o(.text.main)
 <LI><a href="#[4e]">dma_reset</a> from lto-llvm-8de445.o(.text.dma_reset) referenced from lto-llvm-8de445.o(.text.main)
 <LI><a href="#[57]">feed_dog_task</a> from lto-llvm-8de445.o(.text.feed_dog_task) referenced from lto-llvm-8de445.o(.text.main)
 <LI><a href="#[49]">flash_halfword_program</a> from lto-llvm-8de445.o(.text.flash_halfword_program) referenced from lto-llvm-8de445.o(.text.flash_task)
 <LI><a href="#[5a]">flash_task</a> from lto-llvm-8de445.o(.text.flash_task) referenced from lto-llvm-8de445.o(.text.main)
 <LI><a href="#[4a]">flash_wred_halfword</a> from lto-llvm-8de445.o(.text.flash_wred_halfword) referenced from lto-llvm-8de445.o(.text.get_data_from_b)
 <LI><a href="#[4d]">gpio_init</a> from lto-llvm-8de445.o(.text.gpio_init) referenced from lto-llvm-8de445.o(.text.main)
 <LI><a href="#[56]">iap_task</a> from lto-llvm-8de445.o(.text.iap_task) referenced from lto-llvm-8de445.o(.text.main)
 <LI><a href="#[4c]">key_set_timing_simple</a> from lto-llvm-8de445.o(.text.key_set_timing_simple) referenced from lto-llvm-8de445.o(.text.key_task)
 <LI><a href="#[5c]">key_task</a> from lto-llvm-8de445.o(.text.key_task) referenced from lto-llvm-8de445.o(.text.main)
 <LI><a href="#[58]">lcd_task</a> from lto-llvm-8de445.o(.text.lcd_task) referenced from lto-llvm-8de445.o(.text.main)
 <LI><a href="#[41]">main</a> from lto-llvm-8de445.o(.text.main) referenced from entry9a.o(.ARM.Collect$$$$0000000B)
 <LI><a href="#[4b]">ms_to_scan_count</a> from lto-llvm-8de445.o(.text.ms_to_scan_count) referenced from lto-llvm-8de445.o(.text.key_set_timing_simple)
 <LI><a href="#[59]">output_task</a> from lto-llvm-8de445.o(.text.output_task) referenced from lto-llvm-8de445.o(.text.main)
 <LI><a href="#[5d]">pc_task</a> from lto-llvm-8de445.o(.text.pc_task) referenced from lto-llvm-8de445.o(.text.main)
 <LI><a href="#[61]">spi_byte_write</a> from lto-llvm-8de445.o(.text.spi_byte_write) referenced from lto-llvm-8de445.o(.text.spiflash_write_ear)
 <LI><a href="#[61]">spi_byte_write</a> from lto-llvm-8de445.o(.text.spi_byte_write) referenced from lto-llvm-8de445.o(.text.spiflash_write_nocheck)
 <LI><a href="#[54]">tmt_create</a> from lto-llvm-8de445.o(.text.tmt_create) referenced from lto-llvm-8de445.o(.text.main)
 <LI><a href="#[53]">tmt_delete</a> from lto-llvm-8de445.o(.text.tmt_delete) referenced from lto-llvm-8de445.o(.text.main)
 <LI><a href="#[50]">tmt_run</a> from lto-llvm-8de445.o(.text.tmt_run) referenced from lto-llvm-8de445.o(.text.main)
 <LI><a href="#[51]">tmt_run_ctrl</a> from lto-llvm-8de445.o(.text.tmt_run_ctrl) referenced from lto-llvm-8de445.o(.text.main)
 <LI><a href="#[52]">tmt_time_ctrl</a> from lto-llvm-8de445.o(.text.tmt_time_ctrl) referenced from lto-llvm-8de445.o(.text.main)
 <LI><a href="#[55]">tmt_update_tick</a> from lto-llvm-8de445.o(.text.tmt_update_tick) referenced from lto-llvm-8de445.o(.text.main)
 <LI><a href="#[5e]">wk_delay_ms</a> from lto-llvm-8de445.o(.text.wk_delay_ms) referenced from lto-llvm-8de445.o(.text.main)
 <LI><a href="#[5b]">work_task</a> from lto-llvm-8de445.o(.text.work_task) referenced from lto-llvm-8de445.o(.text.main)
</UL>
<P>
<H3>
Global Symbols
</H3>
<P><STRONG><a name="[43]"></a>__main</STRONG> (Thumb, 0 bytes, Stack size unknown bytes, entry.o(.ARM.Collect$$$$00000000))
<BR>[Address Reference Count : 1]<UL><LI> startup_at32f415.o(.text)
</UL>
<P><STRONG><a name="[134]"></a>_main_stk</STRONG> (Thumb, 0 bytes, Stack size unknown bytes, entry2.o(.ARM.Collect$$$$00000001))

<P><STRONG><a name="[62]"></a>_main_scatterload</STRONG> (Thumb, 0 bytes, Stack size unknown bytes, entry5.o(.ARM.Collect$$$$00000004))
<BR><BR>[Calls]<UL><LI><a href="#[63]">&gt;&gt;</a>&nbsp;&nbsp;&nbsp;__scatterload
</UL>

<P><STRONG><a name="[6d]"></a>__main_after_scatterload</STRONG> (Thumb, 0 bytes, Stack size unknown bytes, entry5.o(.ARM.Collect$$$$00000004))
<BR><BR>[Called By]<UL><LI><a href="#[63]">&gt;&gt;</a>&nbsp;&nbsp;&nbsp;__scatterload
</UL>

<P><STRONG><a name="[135]"></a>_main_clock</STRONG> (Thumb, 0 bytes, Stack size unknown bytes, entry7b.o(.ARM.Collect$$$$00000008))

<P><STRONG><a name="[136]"></a>_main_cpp_init</STRONG> (Thumb, 0 bytes, Stack size unknown bytes, entry8b.o(.ARM.Collect$$$$0000000A))

<P><STRONG><a name="[137]"></a>_main_init</STRONG> (Thumb, 0 bytes, Stack size unknown bytes, entry9a.o(.ARM.Collect$$$$0000000B))

<P><STRONG><a name="[138]"></a>__rt_final_cpp</STRONG> (Thumb, 0 bytes, Stack size unknown bytes, entry10a.o(.ARM.Collect$$$$0000000D))

<P><STRONG><a name="[139]"></a>__rt_final_exit</STRONG> (Thumb, 0 bytes, Stack size unknown bytes, entry11a.o(.ARM.Collect$$$$0000000F))

<P><STRONG><a name="[0]"></a>Reset_Handler</STRONG> (Thumb, 8 bytes, Stack size 0 bytes, startup_at32f415.o(.text))
<BR>[Address Reference Count : 1]<UL><LI> startup_at32f415.o(RESET)
</UL>
<P><STRONG><a name="[1c]"></a>ADC1_IRQHandler</STRONG> (Thumb, 0 bytes, Stack size 0 bytes, startup_at32f415.o(.text))
<BR><BR>[Calls]<UL><LI><a href="#[1c]">&gt;&gt;</a>&nbsp;&nbsp;&nbsp;ADC1_IRQHandler
</UL>
<BR>[Called By]<UL><LI><a href="#[1c]">&gt;&gt;</a>&nbsp;&nbsp;&nbsp;ADC1_IRQHandler
</UL>
<BR>[Address Reference Count : 1]<UL><LI> startup_at32f415.o(RESET)
</UL>
<P><STRONG><a name="[1e]"></a>CAN1_RX0_IRQHandler</STRONG> (Thumb, 0 bytes, Stack size 0 bytes, startup_at32f415.o(.text))
<BR>[Address Reference Count : 1]<UL><LI> startup_at32f415.o(RESET)
</UL>
<P><STRONG><a name="[1f]"></a>CAN1_RX1_IRQHandler</STRONG> (Thumb, 0 bytes, Stack size 0 bytes, startup_at32f415.o(.text))
<BR>[Address Reference Count : 1]<UL><LI> startup_at32f415.o(RESET)
</UL>
<P><STRONG><a name="[20]"></a>CAN1_SE_IRQHandler</STRONG> (Thumb, 0 bytes, Stack size 0 bytes, startup_at32f415.o(.text))
<BR>[Address Reference Count : 1]<UL><LI> startup_at32f415.o(RESET)
</UL>
<P><STRONG><a name="[1d]"></a>CAN1_TX_IRQHandler</STRONG> (Thumb, 0 bytes, Stack size 0 bytes, startup_at32f415.o(.text))
<BR>[Address Reference Count : 1]<UL><LI> startup_at32f415.o(RESET)
</UL>
<P><STRONG><a name="[3e]"></a>CMP1_IRQHandler</STRONG> (Thumb, 0 bytes, Stack size 0 bytes, startup_at32f415.o(.text))
<BR>[Address Reference Count : 1]<UL><LI> startup_at32f415.o(RESET)
</UL>
<P><STRONG><a name="[3f]"></a>CMP2_IRQHandler</STRONG> (Thumb, 0 bytes, Stack size 0 bytes, startup_at32f415.o(.text))
<BR>[Address Reference Count : 1]<UL><LI> startup_at32f415.o(RESET)
</UL>
<P><STRONG><a name="[f]"></a>CRM_IRQHandler</STRONG> (Thumb, 0 bytes, Stack size 0 bytes, startup_at32f415.o(.text))
<BR>[Address Reference Count : 1]<UL><LI> startup_at32f415.o(RESET)
</UL>
<P><STRONG><a name="[15]"></a>DMA1_Channel1_IRQHandler</STRONG> (Thumb, 0 bytes, Stack size 0 bytes, startup_at32f415.o(.text))
<BR>[Address Reference Count : 1]<UL><LI> startup_at32f415.o(RESET)
</UL>
<P><STRONG><a name="[16]"></a>DMA1_Channel2_IRQHandler</STRONG> (Thumb, 0 bytes, Stack size 0 bytes, startup_at32f415.o(.text))
<BR>[Address Reference Count : 1]<UL><LI> startup_at32f415.o(RESET)
</UL>
<P><STRONG><a name="[17]"></a>DMA1_Channel3_IRQHandler</STRONG> (Thumb, 0 bytes, Stack size 0 bytes, startup_at32f415.o(.text))
<BR>[Address Reference Count : 1]<UL><LI> startup_at32f415.o(RESET)
</UL>
<P><STRONG><a name="[18]"></a>DMA1_Channel4_IRQHandler</STRONG> (Thumb, 0 bytes, Stack size 0 bytes, startup_at32f415.o(.text))
<BR>[Address Reference Count : 1]<UL><LI> startup_at32f415.o(RESET)
</UL>
<P><STRONG><a name="[19]"></a>DMA1_Channel5_IRQHandler</STRONG> (Thumb, 0 bytes, Stack size 0 bytes, startup_at32f415.o(.text))
<BR>[Address Reference Count : 1]<UL><LI> startup_at32f415.o(RESET)
</UL>
<P><STRONG><a name="[1a]"></a>DMA1_Channel6_IRQHandler</STRONG> (Thumb, 0 bytes, Stack size 0 bytes, startup_at32f415.o(.text))
<BR>[Address Reference Count : 1]<UL><LI> startup_at32f415.o(RESET)
</UL>
<P><STRONG><a name="[1b]"></a>DMA1_Channel7_IRQHandler</STRONG> (Thumb, 0 bytes, Stack size 0 bytes, startup_at32f415.o(.text))
<BR>[Address Reference Count : 1]<UL><LI> startup_at32f415.o(RESET)
</UL>
<P><STRONG><a name="[39]"></a>DMA2_Channel1_IRQHandler</STRONG> (Thumb, 0 bytes, Stack size 0 bytes, startup_at32f415.o(.text))
<BR>[Address Reference Count : 1]<UL><LI> startup_at32f415.o(RESET)
</UL>
<P><STRONG><a name="[3a]"></a>DMA2_Channel2_IRQHandler</STRONG> (Thumb, 0 bytes, Stack size 0 bytes, startup_at32f415.o(.text))
<BR>[Address Reference Count : 1]<UL><LI> startup_at32f415.o(RESET)
</UL>
<P><STRONG><a name="[3b]"></a>DMA2_Channel3_IRQHandler</STRONG> (Thumb, 0 bytes, Stack size 0 bytes, startup_at32f415.o(.text))
<BR>[Address Reference Count : 1]<UL><LI> startup_at32f415.o(RESET)
</UL>
<P><STRONG><a name="[3c]"></a>DMA2_Channel4_5_IRQHandler</STRONG> (Thumb, 0 bytes, Stack size 0 bytes, startup_at32f415.o(.text))
<BR>[Address Reference Count : 1]<UL><LI> startup_at32f415.o(RESET)
</UL>
<P><STRONG><a name="[40]"></a>DMA2_Channel6_7_IRQHandler</STRONG> (Thumb, 0 bytes, Stack size 0 bytes, startup_at32f415.o(.text))
<BR>[Address Reference Count : 1]<UL><LI> startup_at32f415.o(RESET)
</UL>
<P><STRONG><a name="[33]"></a>ERTCAlarm_IRQHandler</STRONG> (Thumb, 0 bytes, Stack size 0 bytes, startup_at32f415.o(.text))
<BR>[Address Reference Count : 1]<UL><LI> startup_at32f415.o(RESET)
</UL>
<P><STRONG><a name="[d]"></a>ERTC_WKUP_IRQHandler</STRONG> (Thumb, 0 bytes, Stack size 0 bytes, startup_at32f415.o(.text))
<BR>[Address Reference Count : 1]<UL><LI> startup_at32f415.o(RESET)
</UL>
<P><STRONG><a name="[10]"></a>EXINT0_IRQHandler</STRONG> (Thumb, 0 bytes, Stack size 0 bytes, startup_at32f415.o(.text))
<BR>[Address Reference Count : 1]<UL><LI> startup_at32f415.o(RESET)
</UL>
<P><STRONG><a name="[32]"></a>EXINT15_10_IRQHandler</STRONG> (Thumb, 0 bytes, Stack size 0 bytes, startup_at32f415.o(.text))
<BR>[Address Reference Count : 1]<UL><LI> startup_at32f415.o(RESET)
</UL>
<P><STRONG><a name="[11]"></a>EXINT1_IRQHandler</STRONG> (Thumb, 0 bytes, Stack size 0 bytes, startup_at32f415.o(.text))
<BR>[Address Reference Count : 1]<UL><LI> startup_at32f415.o(RESET)
</UL>
<P><STRONG><a name="[12]"></a>EXINT2_IRQHandler</STRONG> (Thumb, 0 bytes, Stack size 0 bytes, startup_at32f415.o(.text))
<BR>[Address Reference Count : 1]<UL><LI> startup_at32f415.o(RESET)
</UL>
<P><STRONG><a name="[13]"></a>EXINT3_IRQHandler</STRONG> (Thumb, 0 bytes, Stack size 0 bytes, startup_at32f415.o(.text))
<BR>[Address Reference Count : 1]<UL><LI> startup_at32f415.o(RESET)
</UL>
<P><STRONG><a name="[14]"></a>EXINT4_IRQHandler</STRONG> (Thumb, 0 bytes, Stack size 0 bytes, startup_at32f415.o(.text))
<BR>[Address Reference Count : 1]<UL><LI> startup_at32f415.o(RESET)
</UL>
<P><STRONG><a name="[21]"></a>EXINT9_5_IRQHandler</STRONG> (Thumb, 0 bytes, Stack size 0 bytes, startup_at32f415.o(.text))
<BR>[Address Reference Count : 1]<UL><LI> startup_at32f415.o(RESET)
</UL>
<P><STRONG><a name="[e]"></a>FLASH_IRQHandler</STRONG> (Thumb, 0 bytes, Stack size 0 bytes, startup_at32f415.o(.text))
<BR>[Address Reference Count : 1]<UL><LI> startup_at32f415.o(RESET)
</UL>
<P><STRONG><a name="[2a]"></a>I2C1_ERR_IRQHandler</STRONG> (Thumb, 0 bytes, Stack size 0 bytes, startup_at32f415.o(.text))
<BR>[Address Reference Count : 1]<UL><LI> startup_at32f415.o(RESET)
</UL>
<P><STRONG><a name="[29]"></a>I2C1_EVT_IRQHandler</STRONG> (Thumb, 0 bytes, Stack size 0 bytes, startup_at32f415.o(.text))
<BR>[Address Reference Count : 1]<UL><LI> startup_at32f415.o(RESET)
</UL>
<P><STRONG><a name="[2c]"></a>I2C2_ERR_IRQHandler</STRONG> (Thumb, 0 bytes, Stack size 0 bytes, startup_at32f415.o(.text))
<BR>[Address Reference Count : 1]<UL><LI> startup_at32f415.o(RESET)
</UL>
<P><STRONG><a name="[2b]"></a>I2C2_EVT_IRQHandler</STRONG> (Thumb, 0 bytes, Stack size 0 bytes, startup_at32f415.o(.text))
<BR>[Address Reference Count : 1]<UL><LI> startup_at32f415.o(RESET)
</UL>
<P><STRONG><a name="[3d]"></a>OTGFS1_IRQHandler</STRONG> (Thumb, 0 bytes, Stack size 0 bytes, startup_at32f415.o(.text))
<BR>[Address Reference Count : 1]<UL><LI> startup_at32f415.o(RESET)
</UL>
<P><STRONG><a name="[34]"></a>OTGFS1_WKUP_IRQHandler</STRONG> (Thumb, 0 bytes, Stack size 0 bytes, startup_at32f415.o(.text))
<BR>[Address Reference Count : 1]<UL><LI> startup_at32f415.o(RESET)
</UL>
<P><STRONG><a name="[b]"></a>PVM_IRQHandler</STRONG> (Thumb, 0 bytes, Stack size 0 bytes, startup_at32f415.o(.text))
<BR>[Address Reference Count : 1]<UL><LI> startup_at32f415.o(RESET)
</UL>
<P><STRONG><a name="[35]"></a>SDIO1_IRQHandler</STRONG> (Thumb, 0 bytes, Stack size 0 bytes, startup_at32f415.o(.text))
<BR>[Address Reference Count : 1]<UL><LI> startup_at32f415.o(RESET)
</UL>
<P><STRONG><a name="[2d]"></a>SPI1_IRQHandler</STRONG> (Thumb, 0 bytes, Stack size 0 bytes, startup_at32f415.o(.text))
<BR>[Address Reference Count : 1]<UL><LI> startup_at32f415.o(RESET)
</UL>
<P><STRONG><a name="[2e]"></a>SPI2_IRQHandler</STRONG> (Thumb, 0 bytes, Stack size 0 bytes, startup_at32f415.o(.text))
<BR>[Address Reference Count : 1]<UL><LI> startup_at32f415.o(RESET)
</UL>
<P><STRONG><a name="[c]"></a>TAMP_STAMP_IRQHandler</STRONG> (Thumb, 0 bytes, Stack size 0 bytes, startup_at32f415.o(.text))
<BR>[Address Reference Count : 1]<UL><LI> startup_at32f415.o(RESET)
</UL>
<P><STRONG><a name="[25]"></a>TMR1_CH_IRQHandler</STRONG> (Thumb, 0 bytes, Stack size 0 bytes, startup_at32f415.o(.text))
<BR>[Address Reference Count : 1]<UL><LI> startup_at32f415.o(RESET)
</UL>
<P><STRONG><a name="[23]"></a>TMR1_OVF_TMR10_IRQHandler</STRONG> (Thumb, 0 bytes, Stack size 0 bytes, startup_at32f415.o(.text))
<BR>[Address Reference Count : 1]<UL><LI> startup_at32f415.o(RESET)
</UL>
<P><STRONG><a name="[24]"></a>TMR1_TRG_HALL_TMR11_IRQHandler</STRONG> (Thumb, 0 bytes, Stack size 0 bytes, startup_at32f415.o(.text))
<BR>[Address Reference Count : 1]<UL><LI> startup_at32f415.o(RESET)
</UL>
<P><STRONG><a name="[26]"></a>TMR2_GLOBAL_IRQHandler</STRONG> (Thumb, 0 bytes, Stack size 0 bytes, startup_at32f415.o(.text))
<BR>[Address Reference Count : 1]<UL><LI> startup_at32f415.o(RESET)
</UL>
<P><STRONG><a name="[27]"></a>TMR3_GLOBAL_IRQHandler</STRONG> (Thumb, 0 bytes, Stack size 0 bytes, startup_at32f415.o(.text))
<BR>[Address Reference Count : 1]<UL><LI> startup_at32f415.o(RESET)
</UL>
<P><STRONG><a name="[28]"></a>TMR4_GLOBAL_IRQHandler</STRONG> (Thumb, 0 bytes, Stack size 0 bytes, startup_at32f415.o(.text))
<BR>[Address Reference Count : 1]<UL><LI> startup_at32f415.o(RESET)
</UL>
<P><STRONG><a name="[37]"></a>UART4_IRQHandler</STRONG> (Thumb, 0 bytes, Stack size 0 bytes, startup_at32f415.o(.text))
<BR>[Address Reference Count : 1]<UL><LI> startup_at32f415.o(RESET)
</UL>
<P><STRONG><a name="[38]"></a>UART5_IRQHandler</STRONG> (Thumb, 0 bytes, Stack size 0 bytes, startup_at32f415.o(.text))
<BR>[Address Reference Count : 1]<UL><LI> startup_at32f415.o(RESET)
</UL>
<P><STRONG><a name="[30]"></a>USART2_IRQHandler</STRONG> (Thumb, 0 bytes, Stack size 0 bytes, startup_at32f415.o(.text))
<BR>[Address Reference Count : 1]<UL><LI> startup_at32f415.o(RESET)
</UL>
<P><STRONG><a name="[31]"></a>USART3_IRQHandler</STRONG> (Thumb, 0 bytes, Stack size 0 bytes, startup_at32f415.o(.text))
<BR>[Address Reference Count : 1]<UL><LI> startup_at32f415.o(RESET)
</UL>
<P><STRONG><a name="[a]"></a>WWDT_IRQHandler</STRONG> (Thumb, 0 bytes, Stack size 0 bytes, startup_at32f415.o(.text))
<BR>[Address Reference Count : 1]<UL><LI> startup_at32f415.o(RESET)
</UL>
<P><STRONG><a name="[13a]"></a>__I$use$fp</STRONG> (Thumb, 0 bytes, Stack size 48 bytes, iusefp.o(.text), UNUSED)

<P><STRONG><a name="[64]"></a>__aeabi_dadd</STRONG> (Thumb, 322 bytes, Stack size 48 bytes, dadd.o(.text))
<BR><BR>[Stack]<UL><LI>Max Depth = 88<LI>Call Chain = __aeabi_dadd &rArr; _double_epilogue &rArr; _double_round
</UL>
<BR>[Calls]<UL><LI><a href="#[66]">&gt;&gt;</a>&nbsp;&nbsp;&nbsp;__aeabi_lasr
<LI><a href="#[65]">&gt;&gt;</a>&nbsp;&nbsp;&nbsp;__aeabi_llsl
<LI><a href="#[68]">&gt;&gt;</a>&nbsp;&nbsp;&nbsp;_double_round
<LI><a href="#[67]">&gt;&gt;</a>&nbsp;&nbsp;&nbsp;_double_epilogue
</UL>
<BR>[Called By]<UL><LI><a href="#[b8]">&gt;&gt;</a>&nbsp;&nbsp;&nbsp;OUTLINED_FUNCTION_102
<LI><a href="#[69]">&gt;&gt;</a>&nbsp;&nbsp;&nbsp;__aeabi_dsub
<LI><a href="#[6a]">&gt;&gt;</a>&nbsp;&nbsp;&nbsp;__aeabi_drsub
<LI><a href="#[36]">&gt;&gt;</a>&nbsp;&nbsp;&nbsp;TMR5_GLOBAL_IRQHandler
<LI><a href="#[9]">&gt;&gt;</a>&nbsp;&nbsp;&nbsp;SysTick_Handler
</UL>

<P><STRONG><a name="[69]"></a>__aeabi_dsub</STRONG> (Thumb, 6 bytes, Stack size 0 bytes, dadd.o(.text), UNUSED)
<BR><BR>[Calls]<UL><LI><a href="#[64]">&gt;&gt;</a>&nbsp;&nbsp;&nbsp;__aeabi_dadd
</UL>

<P><STRONG><a name="[6a]"></a>__aeabi_drsub</STRONG> (Thumb, 6 bytes, Stack size 0 bytes, dadd.o(.text), UNUSED)
<BR><BR>[Calls]<UL><LI><a href="#[64]">&gt;&gt;</a>&nbsp;&nbsp;&nbsp;__aeabi_dadd
</UL>

<P><STRONG><a name="[6b]"></a>__aeabi_dmul</STRONG> (Thumb, 228 bytes, Stack size 48 bytes, dmul.o(.text))
<BR><BR>[Stack]<UL><LI>Max Depth = 88<LI>Call Chain = __aeabi_dmul &rArr; _double_epilogue &rArr; _double_round
</UL>
<BR>[Calls]<UL><LI><a href="#[67]">&gt;&gt;</a>&nbsp;&nbsp;&nbsp;_double_epilogue
</UL>
<BR>[Called By]<UL><LI><a href="#[a8]">&gt;&gt;</a>&nbsp;&nbsp;&nbsp;OUTLINED_FUNCTION_101
<LI><a href="#[8a]">&gt;&gt;</a>&nbsp;&nbsp;&nbsp;LcdProc
<LI><a href="#[59]">&gt;&gt;</a>&nbsp;&nbsp;&nbsp;output_task
<LI><a href="#[9]">&gt;&gt;</a>&nbsp;&nbsp;&nbsp;SysTick_Handler
</UL>

<P><STRONG><a name="[6c]"></a>__aeabi_ddiv</STRONG> (Thumb, 222 bytes, Stack size 32 bytes, ddiv.o(.text))
<BR><BR>[Stack]<UL><LI>Max Depth = 40<LI>Call Chain = __aeabi_ddiv &rArr; _double_round
</UL>
<BR>[Calls]<UL><LI><a href="#[68]">&gt;&gt;</a>&nbsp;&nbsp;&nbsp;_double_round
</UL>
<BR>[Called By]<UL><LI><a href="#[9]">&gt;&gt;</a>&nbsp;&nbsp;&nbsp;SysTick_Handler
</UL>

<P><STRONG><a name="[63]"></a>__scatterload</STRONG> (Thumb, 38 bytes, Stack size 0 bytes, init.o(.text))
<BR><BR>[Calls]<UL><LI><a href="#[6d]">&gt;&gt;</a>&nbsp;&nbsp;&nbsp;__main_after_scatterload
</UL>
<BR>[Called By]<UL><LI><a href="#[62]">&gt;&gt;</a>&nbsp;&nbsp;&nbsp;_main_scatterload
</UL>

<P><STRONG><a name="[13b]"></a>__scatterload_rt2</STRONG> (Thumb, 0 bytes, Stack size 0 bytes, init.o(.text), UNUSED)

<P><STRONG><a name="[65]"></a>__aeabi_llsl</STRONG> (Thumb, 30 bytes, Stack size 0 bytes, llshl.o(.text))
<BR><BR>[Called By]<UL><LI><a href="#[67]">&gt;&gt;</a>&nbsp;&nbsp;&nbsp;_double_epilogue
<LI><a href="#[64]">&gt;&gt;</a>&nbsp;&nbsp;&nbsp;__aeabi_dadd
</UL>

<P><STRONG><a name="[13c]"></a>_ll_shift_l</STRONG> (Thumb, 0 bytes, Stack size 0 bytes, llshl.o(.text), UNUSED)

<P><STRONG><a name="[6e]"></a>__aeabi_llsr</STRONG> (Thumb, 32 bytes, Stack size 0 bytes, llushr.o(.text))
<BR><BR>[Called By]<UL><LI><a href="#[67]">&gt;&gt;</a>&nbsp;&nbsp;&nbsp;_double_epilogue
<LI><a href="#[70]">&gt;&gt;</a>&nbsp;&nbsp;&nbsp;__aeabi_d2iz
<LI><a href="#[7c]">&gt;&gt;</a>&nbsp;&nbsp;&nbsp;__aeabi_d2uiz
</UL>

<P><STRONG><a name="[13d]"></a>_ll_ushift_r</STRONG> (Thumb, 0 bytes, Stack size 0 bytes, llushr.o(.text), UNUSED)

<P><STRONG><a name="[66]"></a>__aeabi_lasr</STRONG> (Thumb, 36 bytes, Stack size 0 bytes, llsshr.o(.text))
<BR><BR>[Called By]<UL><LI><a href="#[64]">&gt;&gt;</a>&nbsp;&nbsp;&nbsp;__aeabi_dadd
</UL>

<P><STRONG><a name="[13e]"></a>_ll_sshift_r</STRONG> (Thumb, 0 bytes, Stack size 0 bytes, llsshr.o(.text), UNUSED)

<P><STRONG><a name="[68]"></a>_double_round</STRONG> (Thumb, 30 bytes, Stack size 8 bytes, depilogue.o(.text))
<BR><BR>[Stack]<UL><LI>Max Depth = 8<LI>Call Chain = _double_round
</UL>
<BR>[Called By]<UL><LI><a href="#[67]">&gt;&gt;</a>&nbsp;&nbsp;&nbsp;_double_epilogue
<LI><a href="#[6c]">&gt;&gt;</a>&nbsp;&nbsp;&nbsp;__aeabi_ddiv
<LI><a href="#[64]">&gt;&gt;</a>&nbsp;&nbsp;&nbsp;__aeabi_dadd
</UL>

<P><STRONG><a name="[67]"></a>_double_epilogue</STRONG> (Thumb, 156 bytes, Stack size 32 bytes, depilogue.o(.text))
<BR><BR>[Stack]<UL><LI>Max Depth = 40<LI>Call Chain = _double_epilogue &rArr; _double_round
</UL>
<BR>[Calls]<UL><LI><a href="#[6e]">&gt;&gt;</a>&nbsp;&nbsp;&nbsp;__aeabi_llsr
<LI><a href="#[65]">&gt;&gt;</a>&nbsp;&nbsp;&nbsp;__aeabi_llsl
<LI><a href="#[68]">&gt;&gt;</a>&nbsp;&nbsp;&nbsp;_double_round
</UL>
<BR>[Called By]<UL><LI><a href="#[6f]">&gt;&gt;</a>&nbsp;&nbsp;&nbsp;__aeabi_ui2d
<LI><a href="#[6b]">&gt;&gt;</a>&nbsp;&nbsp;&nbsp;__aeabi_dmul
<LI><a href="#[64]">&gt;&gt;</a>&nbsp;&nbsp;&nbsp;__aeabi_dadd
</UL>

<P><STRONG><a name="[6f]"></a>__aeabi_ui2d</STRONG> (Thumb, 26 bytes, Stack size 16 bytes, dfltui.o(.text))
<BR><BR>[Stack]<UL><LI>Max Depth = 56<LI>Call Chain = __aeabi_ui2d &rArr; _double_epilogue &rArr; _double_round
</UL>
<BR>[Calls]<UL><LI><a href="#[67]">&gt;&gt;</a>&nbsp;&nbsp;&nbsp;_double_epilogue
</UL>
<BR>[Called By]<UL><LI><a href="#[8a]">&gt;&gt;</a>&nbsp;&nbsp;&nbsp;LcdProc
<LI><a href="#[9]">&gt;&gt;</a>&nbsp;&nbsp;&nbsp;SysTick_Handler
</UL>

<P><STRONG><a name="[70]"></a>__aeabi_d2iz</STRONG> (Thumb, 62 bytes, Stack size 16 bytes, dfixi.o(.text))
<BR><BR>[Stack]<UL><LI>Max Depth = 16<LI>Call Chain = __aeabi_d2iz
</UL>
<BR>[Calls]<UL><LI><a href="#[6e]">&gt;&gt;</a>&nbsp;&nbsp;&nbsp;__aeabi_llsr
</UL>
<BR>[Called By]<UL><LI><a href="#[8a]">&gt;&gt;</a>&nbsp;&nbsp;&nbsp;LcdProc
<LI><a href="#[a1]">&gt;&gt;</a>&nbsp;&nbsp;&nbsp;voltage_to_y
</UL>

<P><STRONG><a name="[72]"></a>__aeabi_memset</STRONG> (Thumb, 14 bytes, Stack size 0 bytes, memseta.o(.text))
<BR><BR>[Called By]<UL><LI><a href="#[73]">&gt;&gt;</a>&nbsp;&nbsp;&nbsp;_memset$wrapper
<LI><a href="#[71]">&gt;&gt;</a>&nbsp;&nbsp;&nbsp;__aeabi_memclr
</UL>

<P><STRONG><a name="[122]"></a>__aeabi_memset4</STRONG> (Thumb, 0 bytes, Stack size 0 bytes, memseta.o(.text))
<BR><BR>[Called By]<UL><LI><a href="#[41]">&gt;&gt;</a>&nbsp;&nbsp;&nbsp;main
</UL>

<P><STRONG><a name="[13f]"></a>__aeabi_memset8</STRONG> (Thumb, 0 bytes, Stack size 0 bytes, memseta.o(.text), UNUSED)

<P><STRONG><a name="[71]"></a>__aeabi_memclr</STRONG> (Thumb, 4 bytes, Stack size 0 bytes, memseta.o(.text))
<BR><BR>[Calls]<UL><LI><a href="#[72]">&gt;&gt;</a>&nbsp;&nbsp;&nbsp;__aeabi_memset
</UL>
<BR>[Called By]<UL><LI><a href="#[5d]">&gt;&gt;</a>&nbsp;&nbsp;&nbsp;pc_task
</UL>

<P><STRONG><a name="[c8]"></a>__aeabi_memclr4</STRONG> (Thumb, 0 bytes, Stack size 0 bytes, memseta.o(.text))
<BR><BR>[Called By]<UL><LI><a href="#[cd]">&gt;&gt;</a>&nbsp;&nbsp;&nbsp;OUTLINED_FUNCTION_64
<LI><a href="#[5d]">&gt;&gt;</a>&nbsp;&nbsp;&nbsp;pc_task
<LI><a href="#[41]">&gt;&gt;</a>&nbsp;&nbsp;&nbsp;main
<LI><a href="#[c7]">&gt;&gt;</a>&nbsp;&nbsp;&nbsp;OUTLINED_FUNCTION_31
</UL>

<P><STRONG><a name="[140]"></a>__aeabi_memclr8</STRONG> (Thumb, 0 bytes, Stack size 0 bytes, memseta.o(.text), UNUSED)

<P><STRONG><a name="[73]"></a>_memset$wrapper</STRONG> (Thumb, 18 bytes, Stack size 8 bytes, memseta.o(.text), UNUSED)
<BR><BR>[Calls]<UL><LI><a href="#[72]">&gt;&gt;</a>&nbsp;&nbsp;&nbsp;__aeabi_memset
</UL>

<P><STRONG><a name="[74]"></a>__aeabi_fadd</STRONG> (Thumb, 164 bytes, Stack size 16 bytes, fadd.o(.text))
<BR><BR>[Stack]<UL><LI>Max Depth = 20<LI>Call Chain = __aeabi_fadd &rArr; _float_epilogue
</UL>
<BR>[Calls]<UL><LI><a href="#[76]">&gt;&gt;</a>&nbsp;&nbsp;&nbsp;_float_round
<LI><a href="#[75]">&gt;&gt;</a>&nbsp;&nbsp;&nbsp;_float_epilogue
</UL>
<BR>[Called By]<UL><LI><a href="#[ba]">&gt;&gt;</a>&nbsp;&nbsp;&nbsp;OUTLINED_FUNCTION_107
<LI><a href="#[c0]">&gt;&gt;</a>&nbsp;&nbsp;&nbsp;OUTLINED_FUNCTION_18
<LI><a href="#[bf]">&gt;&gt;</a>&nbsp;&nbsp;&nbsp;OUTLINED_FUNCTION_17
<LI><a href="#[ca]">&gt;&gt;</a>&nbsp;&nbsp;&nbsp;OUTLINED_FUNCTION_40
<LI><a href="#[cb]">&gt;&gt;</a>&nbsp;&nbsp;&nbsp;OUTLINED_FUNCTION_44
<LI><a href="#[c6]">&gt;&gt;</a>&nbsp;&nbsp;&nbsp;OUTLINED_FUNCTION_25
<LI><a href="#[9c]">&gt;&gt;</a>&nbsp;&nbsp;&nbsp;OUTLINED_FUNCTION_39
<LI><a href="#[c2]">&gt;&gt;</a>&nbsp;&nbsp;&nbsp;OUTLINED_FUNCTION_2
<LI><a href="#[c1]">&gt;&gt;</a>&nbsp;&nbsp;&nbsp;OUTLINED_FUNCTION_19
<LI><a href="#[c3]">&gt;&gt;</a>&nbsp;&nbsp;&nbsp;OUTLINED_FUNCTION_23
<LI><a href="#[95]">&gt;&gt;</a>&nbsp;&nbsp;&nbsp;OUTLINED_FUNCTION_12
<LI><a href="#[ac]">&gt;&gt;</a>&nbsp;&nbsp;&nbsp;OUTLINED_FUNCTION_113
<LI><a href="#[97]">&gt;&gt;</a>&nbsp;&nbsp;&nbsp;OUTLINED_FUNCTION_47
<LI><a href="#[8a]">&gt;&gt;</a>&nbsp;&nbsp;&nbsp;LcdProc
<LI><a href="#[5c]">&gt;&gt;</a>&nbsp;&nbsp;&nbsp;key_task
<LI><a href="#[78]">&gt;&gt;</a>&nbsp;&nbsp;&nbsp;__aeabi_frsub
<LI><a href="#[77]">&gt;&gt;</a>&nbsp;&nbsp;&nbsp;__aeabi_fsub
<LI><a href="#[36]">&gt;&gt;</a>&nbsp;&nbsp;&nbsp;TMR5_GLOBAL_IRQHandler
<LI><a href="#[22]">&gt;&gt;</a>&nbsp;&nbsp;&nbsp;TMR1_BRK_TMR9_IRQHandler
<LI><a href="#[9]">&gt;&gt;</a>&nbsp;&nbsp;&nbsp;SysTick_Handler
<LI><a href="#[a1]">&gt;&gt;</a>&nbsp;&nbsp;&nbsp;voltage_to_y
</UL>

<P><STRONG><a name="[77]"></a>__aeabi_fsub</STRONG> (Thumb, 6 bytes, Stack size 0 bytes, fadd.o(.text))
<BR><BR>[Stack]<UL><LI>Max Depth = 20<LI>Call Chain = __aeabi_fsub &rArr; __aeabi_fadd &rArr; _float_epilogue
</UL>
<BR>[Calls]<UL><LI><a href="#[74]">&gt;&gt;</a>&nbsp;&nbsp;&nbsp;__aeabi_fadd
</UL>
<BR>[Called By]<UL><LI><a href="#[d0]">&gt;&gt;</a>&nbsp;&nbsp;&nbsp;OUTLINED_FUNCTION_88
<LI><a href="#[8a]">&gt;&gt;</a>&nbsp;&nbsp;&nbsp;LcdProc
<LI><a href="#[36]">&gt;&gt;</a>&nbsp;&nbsp;&nbsp;TMR5_GLOBAL_IRQHandler
<LI><a href="#[a1]">&gt;&gt;</a>&nbsp;&nbsp;&nbsp;voltage_to_y
</UL>

<P><STRONG><a name="[78]"></a>__aeabi_frsub</STRONG> (Thumb, 6 bytes, Stack size 0 bytes, fadd.o(.text), UNUSED)
<BR><BR>[Calls]<UL><LI><a href="#[74]">&gt;&gt;</a>&nbsp;&nbsp;&nbsp;__aeabi_fadd
</UL>

<P><STRONG><a name="[94]"></a>__aeabi_fmul</STRONG> (Thumb, 100 bytes, Stack size 8 bytes, fmul.o(.text))
<BR><BR>[Stack]<UL><LI>Max Depth = 8<LI>Call Chain = __aeabi_fmul
</UL>
<BR>[Called By]<UL><LI><a href="#[d1]">&gt;&gt;</a>&nbsp;&nbsp;&nbsp;OUTLINED_FUNCTION_95
<LI><a href="#[8a]">&gt;&gt;</a>&nbsp;&nbsp;&nbsp;LcdProc
<LI><a href="#[5c]">&gt;&gt;</a>&nbsp;&nbsp;&nbsp;key_task
<LI><a href="#[36]">&gt;&gt;</a>&nbsp;&nbsp;&nbsp;TMR5_GLOBAL_IRQHandler
<LI><a href="#[9]">&gt;&gt;</a>&nbsp;&nbsp;&nbsp;SysTick_Handler
<LI><a href="#[a1]">&gt;&gt;</a>&nbsp;&nbsp;&nbsp;voltage_to_y
</UL>

<P><STRONG><a name="[79]"></a>__aeabi_fdiv</STRONG> (Thumb, 124 bytes, Stack size 8 bytes, fdiv.o(.text))
<BR><BR>[Stack]<UL><LI>Max Depth = 8<LI>Call Chain = __aeabi_fdiv
</UL>
<BR>[Calls]<UL><LI><a href="#[76]">&gt;&gt;</a>&nbsp;&nbsp;&nbsp;_float_round
</UL>
<BR>[Called By]<UL><LI><a href="#[8a]">&gt;&gt;</a>&nbsp;&nbsp;&nbsp;LcdProc
<LI><a href="#[5c]">&gt;&gt;</a>&nbsp;&nbsp;&nbsp;key_task
<LI><a href="#[9]">&gt;&gt;</a>&nbsp;&nbsp;&nbsp;SysTick_Handler
<LI><a href="#[a1]">&gt;&gt;</a>&nbsp;&nbsp;&nbsp;voltage_to_y
</UL>

<P><STRONG><a name="[a0]"></a>__aeabi_fcmple</STRONG> (Thumb, 28 bytes, Stack size 0 bytes, fcmple.o(.text))
<BR><BR>[Called By]<UL><LI><a href="#[d2]">&gt;&gt;</a>&nbsp;&nbsp;&nbsp;OUTLINED_FUNCTION_97
<LI><a href="#[be]">&gt;&gt;</a>&nbsp;&nbsp;&nbsp;OUTLINED_FUNCTION_117
<LI><a href="#[8a]">&gt;&gt;</a>&nbsp;&nbsp;&nbsp;LcdProc
<LI><a href="#[59]">&gt;&gt;</a>&nbsp;&nbsp;&nbsp;output_task
<LI><a href="#[36]">&gt;&gt;</a>&nbsp;&nbsp;&nbsp;TMR5_GLOBAL_IRQHandler
<LI><a href="#[9]">&gt;&gt;</a>&nbsp;&nbsp;&nbsp;SysTick_Handler
</UL>

<P><STRONG><a name="[9e]"></a>__aeabi_fcmplt</STRONG> (Thumb, 28 bytes, Stack size 0 bytes, fcmplt.o(.text))
<BR><BR>[Called By]<UL><LI><a href="#[cf]">&gt;&gt;</a>&nbsp;&nbsp;&nbsp;OUTLINED_FUNCTION_69
<LI><a href="#[cc]">&gt;&gt;</a>&nbsp;&nbsp;&nbsp;OUTLINED_FUNCTION_52
<LI><a href="#[8b]">&gt;&gt;</a>&nbsp;&nbsp;&nbsp;OUTLINED_FUNCTION_76
<LI><a href="#[b9]">&gt;&gt;</a>&nbsp;&nbsp;&nbsp;OUTLINED_FUNCTION_103
<LI><a href="#[8a]">&gt;&gt;</a>&nbsp;&nbsp;&nbsp;LcdProc
<LI><a href="#[59]">&gt;&gt;</a>&nbsp;&nbsp;&nbsp;output_task
<LI><a href="#[a1]">&gt;&gt;</a>&nbsp;&nbsp;&nbsp;voltage_to_y
</UL>

<P><STRONG><a name="[9f]"></a>__aeabi_fcmpge</STRONG> (Thumb, 28 bytes, Stack size 0 bytes, fcmpge.o(.text))
<BR><BR>[Called By]<UL><LI><a href="#[d3]">&gt;&gt;</a>&nbsp;&nbsp;&nbsp;OUTLINED_FUNCTION_98
<LI><a href="#[a2]">&gt;&gt;</a>&nbsp;&nbsp;&nbsp;OUTLINED_FUNCTION_56
<LI><a href="#[8c]">&gt;&gt;</a>&nbsp;&nbsp;&nbsp;OUTLINED_FUNCTION_45
<LI><a href="#[8a]">&gt;&gt;</a>&nbsp;&nbsp;&nbsp;LcdProc
<LI><a href="#[59]">&gt;&gt;</a>&nbsp;&nbsp;&nbsp;output_task
<LI><a href="#[36]">&gt;&gt;</a>&nbsp;&nbsp;&nbsp;TMR5_GLOBAL_IRQHandler
</UL>

<P><STRONG><a name="[9d]"></a>__aeabi_fcmpgt</STRONG> (Thumb, 28 bytes, Stack size 0 bytes, fcmpgt.o(.text))
<BR><BR>[Called By]<UL><LI><a href="#[ad]">&gt;&gt;</a>&nbsp;&nbsp;&nbsp;OUTLINED_FUNCTION_68
<LI><a href="#[ce]">&gt;&gt;</a>&nbsp;&nbsp;&nbsp;OUTLINED_FUNCTION_66
<LI><a href="#[c9]">&gt;&gt;</a>&nbsp;&nbsp;&nbsp;OUTLINED_FUNCTION_38
<LI><a href="#[8a]">&gt;&gt;</a>&nbsp;&nbsp;&nbsp;LcdProc
<LI><a href="#[59]">&gt;&gt;</a>&nbsp;&nbsp;&nbsp;output_task
<LI><a href="#[36]">&gt;&gt;</a>&nbsp;&nbsp;&nbsp;TMR5_GLOBAL_IRQHandler
<LI><a href="#[9]">&gt;&gt;</a>&nbsp;&nbsp;&nbsp;SysTick_Handler
<LI><a href="#[a1]">&gt;&gt;</a>&nbsp;&nbsp;&nbsp;voltage_to_y
</UL>

<P><STRONG><a name="[a7]"></a>__aeabi_fcmpeq</STRONG> (Thumb, 28 bytes, Stack size 0 bytes, fcmpeq.o(.text))
<BR><BR>[Called By]<UL><LI><a href="#[90]">&gt;&gt;</a>&nbsp;&nbsp;&nbsp;OUTLINED_FUNCTION_42
<LI><a href="#[8e]">&gt;&gt;</a>&nbsp;&nbsp;&nbsp;OUTLINED_FUNCTION_41
<LI><a href="#[8a]">&gt;&gt;</a>&nbsp;&nbsp;&nbsp;LcdProc
<LI><a href="#[5a]">&gt;&gt;</a>&nbsp;&nbsp;&nbsp;flash_task
<LI><a href="#[59]">&gt;&gt;</a>&nbsp;&nbsp;&nbsp;output_task
<LI><a href="#[36]">&gt;&gt;</a>&nbsp;&nbsp;&nbsp;TMR5_GLOBAL_IRQHandler
<LI><a href="#[9]">&gt;&gt;</a>&nbsp;&nbsp;&nbsp;SysTick_Handler
</UL>

<P><STRONG><a name="[ee]"></a>__aeabi_dcmpgt</STRONG> (Thumb, 54 bytes, Stack size 12 bytes, dcmpgt.o(.text))
<BR><BR>[Stack]<UL><LI>Max Depth = 12<LI>Call Chain = __aeabi_dcmpgt
</UL>
<BR>[Called By]<UL><LI><a href="#[36]">&gt;&gt;</a>&nbsp;&nbsp;&nbsp;TMR5_GLOBAL_IRQHandler
</UL>

<P><STRONG><a name="[7a]"></a>__aeabi_i2f</STRONG> (Thumb, 18 bytes, Stack size 0 bytes, fflti.o(.text))
<BR><BR>[Stack]<UL><LI>Max Depth = 4<LI>Call Chain = __aeabi_i2f &rArr; _float_epilogue
</UL>
<BR>[Calls]<UL><LI><a href="#[75]">&gt;&gt;</a>&nbsp;&nbsp;&nbsp;_float_epilogue
</UL>
<BR>[Called By]<UL><LI><a href="#[8a]">&gt;&gt;</a>&nbsp;&nbsp;&nbsp;LcdProc
<LI><a href="#[36]">&gt;&gt;</a>&nbsp;&nbsp;&nbsp;TMR5_GLOBAL_IRQHandler
<LI><a href="#[98]">&gt;&gt;</a>&nbsp;&nbsp;&nbsp;OUTLINED_FUNCTION_104
</UL>

<P><STRONG><a name="[7b]"></a>__aeabi_ui2f</STRONG> (Thumb, 10 bytes, Stack size 0 bytes, ffltui.o(.text))
<BR><BR>[Stack]<UL><LI>Max Depth = 4<LI>Call Chain = __aeabi_ui2f &rArr; _float_epilogue
</UL>
<BR>[Calls]<UL><LI><a href="#[75]">&gt;&gt;</a>&nbsp;&nbsp;&nbsp;_float_epilogue
</UL>
<BR>[Called By]<UL><LI><a href="#[fd]">&gt;&gt;</a>&nbsp;&nbsp;&nbsp;get_data_from_b
<LI><a href="#[fc]">&gt;&gt;</a>&nbsp;&nbsp;&nbsp;get_data_from_a
<LI><a href="#[8a]">&gt;&gt;</a>&nbsp;&nbsp;&nbsp;LcdProc
<LI><a href="#[5a]">&gt;&gt;</a>&nbsp;&nbsp;&nbsp;flash_task
<LI><a href="#[36]">&gt;&gt;</a>&nbsp;&nbsp;&nbsp;TMR5_GLOBAL_IRQHandler
<LI><a href="#[b0]">&gt;&gt;</a>&nbsp;&nbsp;&nbsp;OUTLINED_FUNCTION_8
<LI><a href="#[ae]">&gt;&gt;</a>&nbsp;&nbsp;&nbsp;OUTLINED_FUNCTION_7
</UL>

<P><STRONG><a name="[96]"></a>__aeabi_f2iz</STRONG> (Thumb, 50 bytes, Stack size 0 bytes, ffixi.o(.text))
<BR><BR>[Called By]<UL><LI><a href="#[91]">&gt;&gt;</a>&nbsp;&nbsp;&nbsp;OUTLINED_FUNCTION_51
<LI><a href="#[93]">&gt;&gt;</a>&nbsp;&nbsp;&nbsp;OUTLINED_FUNCTION_46
<LI><a href="#[a9]">&gt;&gt;</a>&nbsp;&nbsp;&nbsp;OUTLINED_FUNCTION_77
<LI><a href="#[8a]">&gt;&gt;</a>&nbsp;&nbsp;&nbsp;LcdProc
<LI><a href="#[5d]">&gt;&gt;</a>&nbsp;&nbsp;&nbsp;pc_task
<LI><a href="#[5a]">&gt;&gt;</a>&nbsp;&nbsp;&nbsp;flash_task
<LI><a href="#[36]">&gt;&gt;</a>&nbsp;&nbsp;&nbsp;TMR5_GLOBAL_IRQHandler
<LI><a href="#[af]">&gt;&gt;</a>&nbsp;&nbsp;&nbsp;OUTLINED_FUNCTION_67
</UL>

<P><STRONG><a name="[ed]"></a>__aeabi_f2uiz</STRONG> (Thumb, 40 bytes, Stack size 0 bytes, ffixui.o(.text))
<BR><BR>[Called By]<UL><LI><a href="#[36]">&gt;&gt;</a>&nbsp;&nbsp;&nbsp;TMR5_GLOBAL_IRQHandler
</UL>

<P><STRONG><a name="[7c]"></a>__aeabi_d2uiz</STRONG> (Thumb, 50 bytes, Stack size 8 bytes, dfixui.o(.text))
<BR><BR>[Stack]<UL><LI>Max Depth = 8<LI>Call Chain = __aeabi_d2uiz
</UL>
<BR>[Calls]<UL><LI><a href="#[6e]">&gt;&gt;</a>&nbsp;&nbsp;&nbsp;__aeabi_llsr
</UL>
<BR>[Called By]<UL><LI><a href="#[59]">&gt;&gt;</a>&nbsp;&nbsp;&nbsp;output_task
</UL>

<P><STRONG><a name="[a6]"></a>__aeabi_f2d</STRONG> (Thumb, 38 bytes, Stack size 0 bytes, f2d.o(.text))
<BR><BR>[Called By]<UL><LI><a href="#[8a]">&gt;&gt;</a>&nbsp;&nbsp;&nbsp;LcdProc
<LI><a href="#[59]">&gt;&gt;</a>&nbsp;&nbsp;&nbsp;output_task
<LI><a href="#[36]">&gt;&gt;</a>&nbsp;&nbsp;&nbsp;TMR5_GLOBAL_IRQHandler
<LI><a href="#[a1]">&gt;&gt;</a>&nbsp;&nbsp;&nbsp;voltage_to_y
</UL>

<P><STRONG><a name="[e7]"></a>__aeabi_d2f</STRONG> (Thumb, 56 bytes, Stack size 8 bytes, d2f.o(.text))
<BR><BR>[Stack]<UL><LI>Max Depth = 8<LI>Call Chain = __aeabi_d2f
</UL>
<BR>[Called By]<UL><LI><a href="#[59]">&gt;&gt;</a>&nbsp;&nbsp;&nbsp;output_task
<LI><a href="#[36]">&gt;&gt;</a>&nbsp;&nbsp;&nbsp;TMR5_GLOBAL_IRQHandler
<LI><a href="#[9]">&gt;&gt;</a>&nbsp;&nbsp;&nbsp;SysTick_Handler
</UL>

<P><STRONG><a name="[76]"></a>_float_round</STRONG> (Thumb, 18 bytes, Stack size 0 bytes, fepilogue.o(.text))
<BR><BR>[Called By]<UL><LI><a href="#[79]">&gt;&gt;</a>&nbsp;&nbsp;&nbsp;__aeabi_fdiv
<LI><a href="#[74]">&gt;&gt;</a>&nbsp;&nbsp;&nbsp;__aeabi_fadd
</UL>

<P><STRONG><a name="[75]"></a>_float_epilogue</STRONG> (Thumb, 92 bytes, Stack size 4 bytes, fepilogue.o(.text))
<BR><BR>[Stack]<UL><LI>Max Depth = 4<LI>Call Chain = _float_epilogue
</UL>
<BR>[Called By]<UL><LI><a href="#[7a]">&gt;&gt;</a>&nbsp;&nbsp;&nbsp;__aeabi_i2f
<LI><a href="#[74]">&gt;&gt;</a>&nbsp;&nbsp;&nbsp;__aeabi_fadd
<LI><a href="#[7b]">&gt;&gt;</a>&nbsp;&nbsp;&nbsp;__aeabi_ui2f
</UL>

<P><STRONG><a name="[4]"></a>BusFault_Handler</STRONG> (Thumb, 2 bytes, Stack size 0 bytes, lto-llvm-8de445.o(.text.BusFault_Handler))
<BR><BR>[Calls]<UL><LI><a href="#[4]">&gt;&gt;</a>&nbsp;&nbsp;&nbsp;BusFault_Handler
</UL>
<BR>[Called By]<UL><LI><a href="#[4]">&gt;&gt;</a>&nbsp;&nbsp;&nbsp;BusFault_Handler
</UL>
<BR>[Address Reference Count : 1]<UL><LI> startup_at32f415.o(RESET)
</UL>
<P><STRONG><a name="[7]"></a>DebugMon_Handler</STRONG> (Thumb, 2 bytes, Stack size 0 bytes, lto-llvm-8de445.o(.text.DebugMon_Handler))
<BR>[Address Reference Count : 1]<UL><LI> startup_at32f415.o(RESET)
</UL>
<P><STRONG><a name="[2]"></a>HardFault_Handler</STRONG> (Thumb, 2 bytes, Stack size 0 bytes, lto-llvm-8de445.o(.text.HardFault_Handler))
<BR><BR>[Calls]<UL><LI><a href="#[2]">&gt;&gt;</a>&nbsp;&nbsp;&nbsp;HardFault_Handler
</UL>
<BR>[Called By]<UL><LI><a href="#[2]">&gt;&gt;</a>&nbsp;&nbsp;&nbsp;HardFault_Handler
</UL>
<BR>[Address Reference Count : 1]<UL><LI> startup_at32f415.o(RESET)
</UL>
<P><STRONG><a name="[3]"></a>MemManage_Handler</STRONG> (Thumb, 2 bytes, Stack size 0 bytes, lto-llvm-8de445.o(.text.MemManage_Handler))
<BR><BR>[Calls]<UL><LI><a href="#[3]">&gt;&gt;</a>&nbsp;&nbsp;&nbsp;MemManage_Handler
</UL>
<BR>[Called By]<UL><LI><a href="#[3]">&gt;&gt;</a>&nbsp;&nbsp;&nbsp;MemManage_Handler
</UL>
<BR>[Address Reference Count : 1]<UL><LI> startup_at32f415.o(RESET)
</UL>
<P><STRONG><a name="[1]"></a>NMI_Handler</STRONG> (Thumb, 2 bytes, Stack size 0 bytes, lto-llvm-8de445.o(.text.NMI_Handler))
<BR>[Address Reference Count : 1]<UL><LI> startup_at32f415.o(RESET)
</UL>
<P><STRONG><a name="[8]"></a>PendSV_Handler</STRONG> (Thumb, 2 bytes, Stack size 0 bytes, lto-llvm-8de445.o(.text.PendSV_Handler))
<BR>[Address Reference Count : 1]<UL><LI> startup_at32f415.o(RESET)
</UL>
<P><STRONG><a name="[6]"></a>SVC_Handler</STRONG> (Thumb, 2 bytes, Stack size 0 bytes, lto-llvm-8de445.o(.text.SVC_Handler))
<BR>[Address Reference Count : 1]<UL><LI> startup_at32f415.o(RESET)
</UL>
<P><STRONG><a name="[9]"></a>SysTick_Handler</STRONG> (Thumb, 5340 bytes, Stack size 24 bytes, lto-llvm-8de445.o(.text.SysTick_Handler))
<BR><BR>[Stack]<UL><LI>Max Depth = 112<LI>Call Chain = SysTick_Handler &rArr; OUTLINED_FUNCTION_102 &rArr; __aeabi_dadd &rArr; _double_epilogue &rArr; _double_round
</UL>
<BR>[Calls]<UL><LI><a href="#[e9]">&gt;&gt;</a>&nbsp;&nbsp;&nbsp;OUTLINED_FUNCTION_70
<LI><a href="#[e8]">&gt;&gt;</a>&nbsp;&nbsp;&nbsp;OUTLINED_FUNCTION_73
<LI><a href="#[e6]">&gt;&gt;</a>&nbsp;&nbsp;&nbsp;get_adcval
<LI><a href="#[e4]">&gt;&gt;</a>&nbsp;&nbsp;&nbsp;OUTLINED_FUNCTION_30
<LI><a href="#[c0]">&gt;&gt;</a>&nbsp;&nbsp;&nbsp;OUTLINED_FUNCTION_18
<LI><a href="#[e3]">&gt;&gt;</a>&nbsp;&nbsp;&nbsp;OUTLINED_FUNCTION_29
<LI><a href="#[bf]">&gt;&gt;</a>&nbsp;&nbsp;&nbsp;OUTLINED_FUNCTION_17
<LI><a href="#[e1]">&gt;&gt;</a>&nbsp;&nbsp;&nbsp;OUTLINED_FUNCTION_116
<LI><a href="#[d0]">&gt;&gt;</a>&nbsp;&nbsp;&nbsp;OUTLINED_FUNCTION_88
<LI><a href="#[ca]">&gt;&gt;</a>&nbsp;&nbsp;&nbsp;OUTLINED_FUNCTION_40
<LI><a href="#[e0]">&gt;&gt;</a>&nbsp;&nbsp;&nbsp;OUTLINED_FUNCTION_71
<LI><a href="#[df]">&gt;&gt;</a>&nbsp;&nbsp;&nbsp;OUTLINED_FUNCTION_20
<LI><a href="#[de]">&gt;&gt;</a>&nbsp;&nbsp;&nbsp;OUTLINED_FUNCTION_72
<LI><a href="#[d1]">&gt;&gt;</a>&nbsp;&nbsp;&nbsp;OUTLINED_FUNCTION_95
<LI><a href="#[dd]">&gt;&gt;</a>&nbsp;&nbsp;&nbsp;OUTLINED_FUNCTION_28
<LI><a href="#[d2]">&gt;&gt;</a>&nbsp;&nbsp;&nbsp;OUTLINED_FUNCTION_97
<LI><a href="#[d3]">&gt;&gt;</a>&nbsp;&nbsp;&nbsp;OUTLINED_FUNCTION_98
<LI><a href="#[cb]">&gt;&gt;</a>&nbsp;&nbsp;&nbsp;OUTLINED_FUNCTION_44
<LI><a href="#[dc]">&gt;&gt;</a>&nbsp;&nbsp;&nbsp;OUTLINED_FUNCTION_74
<LI><a href="#[db]">&gt;&gt;</a>&nbsp;&nbsp;&nbsp;OUTLINED_FUNCTION_4
<LI><a href="#[da]">&gt;&gt;</a>&nbsp;&nbsp;&nbsp;OUTLINED_FUNCTION_60
<LI><a href="#[d9]">&gt;&gt;</a>&nbsp;&nbsp;&nbsp;OUTLINED_FUNCTION_121
<LI><a href="#[d8]">&gt;&gt;</a>&nbsp;&nbsp;&nbsp;OUTLINED_FUNCTION_13
<LI><a href="#[7f]">&gt;&gt;</a>&nbsp;&nbsp;&nbsp;EC11_Analyze
<LI><a href="#[d7]">&gt;&gt;</a>&nbsp;&nbsp;&nbsp;EC11_Scan
<LI><a href="#[d6]">&gt;&gt;</a>&nbsp;&nbsp;&nbsp;OUTLINED_FUNCTION_100
<LI><a href="#[d5]">&gt;&gt;</a>&nbsp;&nbsp;&nbsp;beep_on
<LI><a href="#[d4]">&gt;&gt;</a>&nbsp;&nbsp;&nbsp;beep_off
<LI><a href="#[cc]">&gt;&gt;</a>&nbsp;&nbsp;&nbsp;OUTLINED_FUNCTION_52
<LI><a href="#[9c]">&gt;&gt;</a>&nbsp;&nbsp;&nbsp;OUTLINED_FUNCTION_39
<LI><a href="#[be]">&gt;&gt;</a>&nbsp;&nbsp;&nbsp;OUTLINED_FUNCTION_117
<LI><a href="#[e5]">&gt;&gt;</a>&nbsp;&nbsp;&nbsp;OUTLINED_FUNCTION_114
<LI><a href="#[ce]">&gt;&gt;</a>&nbsp;&nbsp;&nbsp;OUTLINED_FUNCTION_66
<LI><a href="#[a2]">&gt;&gt;</a>&nbsp;&nbsp;&nbsp;OUTLINED_FUNCTION_56
<LI><a href="#[c3]">&gt;&gt;</a>&nbsp;&nbsp;&nbsp;OUTLINED_FUNCTION_23
<LI><a href="#[8b]">&gt;&gt;</a>&nbsp;&nbsp;&nbsp;OUTLINED_FUNCTION_76
<LI><a href="#[b5]">&gt;&gt;</a>&nbsp;&nbsp;&nbsp;OUTLINED_FUNCTION_78
<LI><a href="#[e2]">&gt;&gt;</a>&nbsp;&nbsp;&nbsp;OUTLINED_FUNCTION_63
<LI><a href="#[95]">&gt;&gt;</a>&nbsp;&nbsp;&nbsp;OUTLINED_FUNCTION_12
<LI><a href="#[c9]">&gt;&gt;</a>&nbsp;&nbsp;&nbsp;OUTLINED_FUNCTION_38
<LI><a href="#[b8]">&gt;&gt;</a>&nbsp;&nbsp;&nbsp;OUTLINED_FUNCTION_102
<LI><a href="#[a8]">&gt;&gt;</a>&nbsp;&nbsp;&nbsp;OUTLINED_FUNCTION_101
<LI><a href="#[b9]">&gt;&gt;</a>&nbsp;&nbsp;&nbsp;OUTLINED_FUNCTION_103
<LI><a href="#[6f]">&gt;&gt;</a>&nbsp;&nbsp;&nbsp;__aeabi_ui2d
<LI><a href="#[6b]">&gt;&gt;</a>&nbsp;&nbsp;&nbsp;__aeabi_dmul
<LI><a href="#[6c]">&gt;&gt;</a>&nbsp;&nbsp;&nbsp;__aeabi_ddiv
<LI><a href="#[64]">&gt;&gt;</a>&nbsp;&nbsp;&nbsp;__aeabi_dadd
<LI><a href="#[79]">&gt;&gt;</a>&nbsp;&nbsp;&nbsp;__aeabi_fdiv
<LI><a href="#[94]">&gt;&gt;</a>&nbsp;&nbsp;&nbsp;__aeabi_fmul
<LI><a href="#[74]">&gt;&gt;</a>&nbsp;&nbsp;&nbsp;__aeabi_fadd
<LI><a href="#[e7]">&gt;&gt;</a>&nbsp;&nbsp;&nbsp;__aeabi_d2f
<LI><a href="#[a0]">&gt;&gt;</a>&nbsp;&nbsp;&nbsp;__aeabi_fcmple
<LI><a href="#[a7]">&gt;&gt;</a>&nbsp;&nbsp;&nbsp;__aeabi_fcmpeq
<LI><a href="#[9d]">&gt;&gt;</a>&nbsp;&nbsp;&nbsp;__aeabi_fcmpgt
</UL>
<BR>[Address Reference Count : 1]<UL><LI> startup_at32f415.o(RESET)
</UL>
<P><STRONG><a name="[42]"></a>SystemInit</STRONG> (Thumb, 100 bytes, Stack size 0 bytes, lto-llvm-8de445.o(.text.SystemInit))
<BR>[Address Reference Count : 1]<UL><LI> startup_at32f415.o(.text)
</UL>
<P><STRONG><a name="[22]"></a>TMR1_BRK_TMR9_IRQHandler</STRONG> (Thumb, 40 bytes, Stack size 16 bytes, lto-llvm-8de445.o(.text.TMR1_BRK_TMR9_IRQHandler))
<BR><BR>[Stack]<UL><LI>Max Depth = 36<LI>Call Chain = TMR1_BRK_TMR9_IRQHandler &rArr; __aeabi_fadd &rArr; _float_epilogue
</UL>
<BR>[Calls]<UL><LI><a href="#[74]">&gt;&gt;</a>&nbsp;&nbsp;&nbsp;__aeabi_fadd
</UL>
<BR>[Address Reference Count : 1]<UL><LI> startup_at32f415.o(RESET)
</UL>
<P><STRONG><a name="[36]"></a>TMR5_GLOBAL_IRQHandler</STRONG> (Thumb, 1088 bytes, Stack size 56 bytes, lto-llvm-8de445.o(.text.TMR5_GLOBAL_IRQHandler))
<BR><BR>[Stack]<UL><LI>Max Depth = 144<LI>Call Chain = TMR5_GLOBAL_IRQHandler &rArr; __aeabi_dadd &rArr; _double_epilogue &rArr; _double_round
</UL>
<BR>[Calls]<UL><LI><a href="#[ad]">&gt;&gt;</a>&nbsp;&nbsp;&nbsp;OUTLINED_FUNCTION_68
<LI><a href="#[cf]">&gt;&gt;</a>&nbsp;&nbsp;&nbsp;OUTLINED_FUNCTION_69
<LI><a href="#[ba]">&gt;&gt;</a>&nbsp;&nbsp;&nbsp;OUTLINED_FUNCTION_107
<LI><a href="#[ec]">&gt;&gt;</a>&nbsp;&nbsp;&nbsp;OUTLINED_FUNCTION_11
<LI><a href="#[eb]">&gt;&gt;</a>&nbsp;&nbsp;&nbsp;OUTLINED_FUNCTION_22
<LI><a href="#[ea]">&gt;&gt;</a>&nbsp;&nbsp;&nbsp;OUTLINED_FUNCTION_59
<LI><a href="#[e6]">&gt;&gt;</a>&nbsp;&nbsp;&nbsp;get_adcval
<LI><a href="#[9c]">&gt;&gt;</a>&nbsp;&nbsp;&nbsp;OUTLINED_FUNCTION_39
<LI><a href="#[b9]">&gt;&gt;</a>&nbsp;&nbsp;&nbsp;OUTLINED_FUNCTION_103
<LI><a href="#[64]">&gt;&gt;</a>&nbsp;&nbsp;&nbsp;__aeabi_dadd
<LI><a href="#[ee]">&gt;&gt;</a>&nbsp;&nbsp;&nbsp;__aeabi_dcmpgt
<LI><a href="#[ed]">&gt;&gt;</a>&nbsp;&nbsp;&nbsp;__aeabi_f2uiz
<LI><a href="#[77]">&gt;&gt;</a>&nbsp;&nbsp;&nbsp;__aeabi_fsub
<LI><a href="#[7a]">&gt;&gt;</a>&nbsp;&nbsp;&nbsp;__aeabi_i2f
<LI><a href="#[94]">&gt;&gt;</a>&nbsp;&nbsp;&nbsp;__aeabi_fmul
<LI><a href="#[74]">&gt;&gt;</a>&nbsp;&nbsp;&nbsp;__aeabi_fadd
<LI><a href="#[7b]">&gt;&gt;</a>&nbsp;&nbsp;&nbsp;__aeabi_ui2f
<LI><a href="#[96]">&gt;&gt;</a>&nbsp;&nbsp;&nbsp;__aeabi_f2iz
<LI><a href="#[e7]">&gt;&gt;</a>&nbsp;&nbsp;&nbsp;__aeabi_d2f
<LI><a href="#[a6]">&gt;&gt;</a>&nbsp;&nbsp;&nbsp;__aeabi_f2d
<LI><a href="#[a0]">&gt;&gt;</a>&nbsp;&nbsp;&nbsp;__aeabi_fcmple
<LI><a href="#[9f]">&gt;&gt;</a>&nbsp;&nbsp;&nbsp;__aeabi_fcmpge
<LI><a href="#[a7]">&gt;&gt;</a>&nbsp;&nbsp;&nbsp;__aeabi_fcmpeq
<LI><a href="#[9d]">&gt;&gt;</a>&nbsp;&nbsp;&nbsp;__aeabi_fcmpgt
</UL>
<BR>[Address Reference Count : 1]<UL><LI> startup_at32f415.o(RESET)
</UL>
<P><STRONG><a name="[2f]"></a>USART1_IRQHandler</STRONG> (Thumb, 88 bytes, Stack size 24 bytes, lto-llvm-8de445.o(.text.USART1_IRQHandler))
<BR><BR>[Stack]<UL><LI>Max Depth = 40<LI>Call Chain = USART1_IRQHandler &rArr; queue_write
</UL>
<BR>[Calls]<UL><LI><a href="#[f1]">&gt;&gt;</a>&nbsp;&nbsp;&nbsp;queue_read
<LI><a href="#[f0]">&gt;&gt;</a>&nbsp;&nbsp;&nbsp;queue_write
</UL>
<BR>[Address Reference Count : 1]<UL><LI> startup_at32f415.o(RESET)
</UL>
<P><STRONG><a name="[5]"></a>UsageFault_Handler</STRONG> (Thumb, 2 bytes, Stack size 0 bytes, lto-llvm-8de445.o(.text.UsageFault_Handler))
<BR><BR>[Calls]<UL><LI><a href="#[5]">&gt;&gt;</a>&nbsp;&nbsp;&nbsp;UsageFault_Handler
</UL>
<BR>[Called By]<UL><LI><a href="#[5]">&gt;&gt;</a>&nbsp;&nbsp;&nbsp;UsageFault_Handler
</UL>
<BR>[Address Reference Count : 1]<UL><LI> startup_at32f415.o(RESET)
</UL>
<P><STRONG><a name="[41]"></a>main</STRONG> (Thumb, 3600 bytes, Stack size 32 bytes, lto-llvm-8de445.o(.text.main))
<BR><BR>[Stack]<UL><LI>Max Depth = 176<LI>Call Chain = main &rArr; LCD_ShowString &rArr; LCD_ShowChar &rArr; OUTLINED_FUNCTION_62 &rArr; LCD_Address_Set
</UL>
<BR>[Calls]<UL><LI><a href="#[46]">&gt;&gt;</a>&nbsp;&nbsp;&nbsp;TranferPicturetoTFT_LCD
<LI><a href="#[48]">&gt;&gt;</a>&nbsp;&nbsp;&nbsp;LCD_ShowString
<LI><a href="#[83]">&gt;&gt;</a>&nbsp;&nbsp;&nbsp;LCD_Clear
<LI><a href="#[ef]">&gt;&gt;</a>&nbsp;&nbsp;&nbsp;spiflash_read
<LI><a href="#[12b]">&gt;&gt;</a>&nbsp;&nbsp;&nbsp;spiflash_force_4byte_mode
<LI><a href="#[12a]">&gt;&gt;</a>&nbsp;&nbsp;&nbsp;spiflash_write_ear
<LI><a href="#[129]">&gt;&gt;</a>&nbsp;&nbsp;&nbsp;spiflash_wait_busy
<LI><a href="#[128]">&gt;&gt;</a>&nbsp;&nbsp;&nbsp;spiflash_write_enable
<LI><a href="#[127]">&gt;&gt;</a>&nbsp;&nbsp;&nbsp;spiflash_read_ear
<LI><a href="#[126]">&gt;&gt;</a>&nbsp;&nbsp;&nbsp;spiflash_read_sr3
<LI><a href="#[125]">&gt;&gt;</a>&nbsp;&nbsp;&nbsp;spiflash_read_sr1
<LI><a href="#[61]">&gt;&gt;</a>&nbsp;&nbsp;&nbsp;spi_byte_write
<LI><a href="#[124]">&gt;&gt;</a>&nbsp;&nbsp;&nbsp;spi_byte_read
<LI><a href="#[5e]">&gt;&gt;</a>&nbsp;&nbsp;&nbsp;wk_delay_ms
<LI><a href="#[123]">&gt;&gt;</a>&nbsp;&nbsp;&nbsp;queue_init
<LI><a href="#[fa]">&gt;&gt;</a>&nbsp;&nbsp;&nbsp;flash_sector_erase
<LI><a href="#[121]">&gt;&gt;</a>&nbsp;&nbsp;&nbsp;tmr_output_channel_config
<LI><a href="#[100]">&gt;&gt;</a>&nbsp;&nbsp;&nbsp;adc_ordinary_channel_set
<LI><a href="#[120]">&gt;&gt;</a>&nbsp;&nbsp;&nbsp;dma_flexible_config
<LI><a href="#[11f]">&gt;&gt;</a>&nbsp;&nbsp;&nbsp;OUTLINED_FUNCTION_58
<LI><a href="#[11e]">&gt;&gt;</a>&nbsp;&nbsp;&nbsp;OUTLINED_FUNCTION_110
<LI><a href="#[11d]">&gt;&gt;</a>&nbsp;&nbsp;&nbsp;crm_clocks_freq_get
<LI><a href="#[11c]">&gt;&gt;</a>&nbsp;&nbsp;&nbsp;OUTLINED_FUNCTION_122
<LI><a href="#[c8]">&gt;&gt;</a>&nbsp;&nbsp;&nbsp;__aeabi_memclr4
<LI><a href="#[122]">&gt;&gt;</a>&nbsp;&nbsp;&nbsp;__aeabi_memset4
</UL>
<BR>[Address Reference Count : 1]<UL><LI> entry9a.o(.ARM.Collect$$$$0000000B)
</UL>
<P><STRONG><a name="[141]"></a>__scatterload_copy</STRONG> (Thumb, 14 bytes, Stack size unknown bytes, handlers.o(i.__scatterload_copy), UNUSED)

<P><STRONG><a name="[142]"></a>__scatterload_null</STRONG> (Thumb, 2 bytes, Stack size unknown bytes, handlers.o(i.__scatterload_null), UNUSED)

<P><STRONG><a name="[143]"></a>__scatterload_zeroinit</STRONG> (Thumb, 14 bytes, Stack size unknown bytes, handlers.o(i.__scatterload_zeroinit), UNUSED)
<P>
<H3>
Local Symbols
</H3>
<P><STRONG><a name="[11c]"></a>OUTLINED_FUNCTION_122</STRONG> (Thumb, 22 bytes, Stack size 0 bytes, lto-llvm-8de445.o(.text.OUTLINED_FUNCTION_122))
<BR><BR>[Called By]<UL><LI><a href="#[41]">&gt;&gt;</a>&nbsp;&nbsp;&nbsp;main
</UL>

<P><STRONG><a name="[11d]"></a>crm_clocks_freq_get</STRONG> (Thumb, 204 bytes, Stack size 20 bytes, lto-llvm-8de445.o(.text.crm_clocks_freq_get))
<BR><BR>[Stack]<UL><LI>Max Depth = 20<LI>Call Chain = crm_clocks_freq_get
</UL>
<BR>[Called By]<UL><LI><a href="#[41]">&gt;&gt;</a>&nbsp;&nbsp;&nbsp;main
</UL>

<P><STRONG><a name="[11e]"></a>OUTLINED_FUNCTION_110</STRONG> (Thumb, 10 bytes, Stack size 0 bytes, lto-llvm-8de445.o(.text.OUTLINED_FUNCTION_110))
<BR><BR>[Called By]<UL><LI><a href="#[41]">&gt;&gt;</a>&nbsp;&nbsp;&nbsp;main
</UL>

<P><STRONG><a name="[11f]"></a>OUTLINED_FUNCTION_58</STRONG> (Thumb, 10 bytes, Stack size 0 bytes, lto-llvm-8de445.o(.text.OUTLINED_FUNCTION_58))
<BR><BR>[Called By]<UL><LI><a href="#[ef]">&gt;&gt;</a>&nbsp;&nbsp;&nbsp;spiflash_read
<LI><a href="#[41]">&gt;&gt;</a>&nbsp;&nbsp;&nbsp;main
</UL>

<P><STRONG><a name="[120]"></a>dma_flexible_config</STRONG> (Thumb, 48 bytes, Stack size 0 bytes, lto-llvm-8de445.o(.text.dma_flexible_config))
<BR><BR>[Called By]<UL><LI><a href="#[41]">&gt;&gt;</a>&nbsp;&nbsp;&nbsp;main
</UL>

<P><STRONG><a name="[100]"></a>adc_ordinary_channel_set</STRONG> (Thumb, 48 bytes, Stack size 8 bytes, lto-llvm-8de445.o(.text.adc_ordinary_channel_set))
<BR><BR>[Stack]<UL><LI>Max Depth = 8<LI>Call Chain = adc_ordinary_channel_set
</UL>
<BR>[Called By]<UL><LI><a href="#[e6]">&gt;&gt;</a>&nbsp;&nbsp;&nbsp;get_adcval
<LI><a href="#[41]">&gt;&gt;</a>&nbsp;&nbsp;&nbsp;main
</UL>

<P><STRONG><a name="[121]"></a>tmr_output_channel_config</STRONG> (Thumb, 214 bytes, Stack size 16 bytes, lto-llvm-8de445.o(.text.tmr_output_channel_config))
<BR><BR>[Stack]<UL><LI>Max Depth = 16<LI>Call Chain = tmr_output_channel_config
</UL>
<BR>[Calls]<UL><LI><a href="#[133]">&gt;&gt;</a>&nbsp;&nbsp;&nbsp;OUTLINED_FUNCTION_115
</UL>
<BR>[Called By]<UL><LI><a href="#[41]">&gt;&gt;</a>&nbsp;&nbsp;&nbsp;main
</UL>

<P><STRONG><a name="[fa]"></a>flash_sector_erase</STRONG> (Thumb, 40 bytes, Stack size 8 bytes, lto-llvm-8de445.o(.text.flash_sector_erase))
<BR><BR>[Stack]<UL><LI>Max Depth = 24<LI>Call Chain = flash_sector_erase &rArr; flash_operation_wait_for
</UL>
<BR>[Calls]<UL><LI><a href="#[f7]">&gt;&gt;</a>&nbsp;&nbsp;&nbsp;flash_operation_wait_for
</UL>
<BR>[Called By]<UL><LI><a href="#[5a]">&gt;&gt;</a>&nbsp;&nbsp;&nbsp;flash_task
<LI><a href="#[56]">&gt;&gt;</a>&nbsp;&nbsp;&nbsp;iap_task
<LI><a href="#[41]">&gt;&gt;</a>&nbsp;&nbsp;&nbsp;main
</UL>

<P><STRONG><a name="[123]"></a>queue_init</STRONG> (Thumb, 30 bytes, Stack size 0 bytes, lto-llvm-8de445.o(.text.queue_init))
<BR><BR>[Called By]<UL><LI><a href="#[41]">&gt;&gt;</a>&nbsp;&nbsp;&nbsp;main
</UL>

<P><STRONG><a name="[5e]"></a>wk_delay_ms</STRONG> (Thumb, 24 bytes, Stack size 0 bytes, lto-llvm-8de445.o(.text.wk_delay_ms))
<BR><BR>[Called By]<UL><LI><a href="#[5d]">&gt;&gt;</a>&nbsp;&nbsp;&nbsp;pc_task
<LI><a href="#[41]">&gt;&gt;</a>&nbsp;&nbsp;&nbsp;main
</UL>
<BR>[Address Reference Count : 1]<UL><LI> lto-llvm-8de445.o(.text.main)
</UL>
<P><STRONG><a name="[124]"></a>spi_byte_read</STRONG> (Thumb, 6 bytes, Stack size 0 bytes, lto-llvm-8de445.o(.text.spi_byte_read))
<BR><BR>[Calls]<UL><LI><a href="#[61]">&gt;&gt;</a>&nbsp;&nbsp;&nbsp;spi_byte_write
</UL>
<BR>[Called By]<UL><LI><a href="#[127]">&gt;&gt;</a>&nbsp;&nbsp;&nbsp;spiflash_read_ear
<LI><a href="#[126]">&gt;&gt;</a>&nbsp;&nbsp;&nbsp;spiflash_read_sr3
<LI><a href="#[125]">&gt;&gt;</a>&nbsp;&nbsp;&nbsp;spiflash_read_sr1
<LI><a href="#[41]">&gt;&gt;</a>&nbsp;&nbsp;&nbsp;main
</UL>

<P><STRONG><a name="[61]"></a>spi_byte_write</STRONG> (Thumb, 40 bytes, Stack size 0 bytes, lto-llvm-8de445.o(.text.spi_byte_write))
<BR><BR>[Called By]<UL><LI><a href="#[132]">&gt;&gt;</a>&nbsp;&nbsp;&nbsp;spiflash_write_nocheck
<LI><a href="#[5d]">&gt;&gt;</a>&nbsp;&nbsp;&nbsp;pc_task
<LI><a href="#[ef]">&gt;&gt;</a>&nbsp;&nbsp;&nbsp;spiflash_read
<LI><a href="#[124]">&gt;&gt;</a>&nbsp;&nbsp;&nbsp;spi_byte_read
<LI><a href="#[41]">&gt;&gt;</a>&nbsp;&nbsp;&nbsp;main
<LI><a href="#[bb]">&gt;&gt;</a>&nbsp;&nbsp;&nbsp;OUTLINED_FUNCTION_111
</UL>
<BR>[Address Reference Count : 2]<UL><LI> lto-llvm-8de445.o(.text.spiflash_write_ear)
<LI> lto-llvm-8de445.o(.text.spiflash_write_nocheck)
</UL>
<P><STRONG><a name="[125]"></a>spiflash_read_sr1</STRONG> (Thumb, 20 bytes, Stack size 16 bytes, lto-llvm-8de445.o(.text.spiflash_read_sr1))
<BR><BR>[Stack]<UL><LI>Max Depth = 16<LI>Call Chain = spiflash_read_sr1
</UL>
<BR>[Calls]<UL><LI><a href="#[124]">&gt;&gt;</a>&nbsp;&nbsp;&nbsp;spi_byte_read
<LI><a href="#[bb]">&gt;&gt;</a>&nbsp;&nbsp;&nbsp;OUTLINED_FUNCTION_111
</UL>
<BR>[Called By]<UL><LI><a href="#[129]">&gt;&gt;</a>&nbsp;&nbsp;&nbsp;spiflash_wait_busy
<LI><a href="#[41]">&gt;&gt;</a>&nbsp;&nbsp;&nbsp;main
</UL>

<P><STRONG><a name="[126]"></a>spiflash_read_sr3</STRONG> (Thumb, 20 bytes, Stack size 16 bytes, lto-llvm-8de445.o(.text.spiflash_read_sr3))
<BR><BR>[Stack]<UL><LI>Max Depth = 16<LI>Call Chain = spiflash_read_sr3
</UL>
<BR>[Calls]<UL><LI><a href="#[124]">&gt;&gt;</a>&nbsp;&nbsp;&nbsp;spi_byte_read
<LI><a href="#[bb]">&gt;&gt;</a>&nbsp;&nbsp;&nbsp;OUTLINED_FUNCTION_111
</UL>
<BR>[Called By]<UL><LI><a href="#[12b]">&gt;&gt;</a>&nbsp;&nbsp;&nbsp;spiflash_force_4byte_mode
<LI><a href="#[41]">&gt;&gt;</a>&nbsp;&nbsp;&nbsp;main
</UL>

<P><STRONG><a name="[127]"></a>spiflash_read_ear</STRONG> (Thumb, 24 bytes, Stack size 16 bytes, lto-llvm-8de445.o(.text.spiflash_read_ear))
<BR><BR>[Stack]<UL><LI>Max Depth = 16<LI>Call Chain = spiflash_read_ear
</UL>
<BR>[Calls]<UL><LI><a href="#[124]">&gt;&gt;</a>&nbsp;&nbsp;&nbsp;spi_byte_read
<LI><a href="#[bb]">&gt;&gt;</a>&nbsp;&nbsp;&nbsp;OUTLINED_FUNCTION_111
</UL>
<BR>[Called By]<UL><LI><a href="#[ef]">&gt;&gt;</a>&nbsp;&nbsp;&nbsp;spiflash_read
<LI><a href="#[41]">&gt;&gt;</a>&nbsp;&nbsp;&nbsp;main
</UL>

<P><STRONG><a name="[128]"></a>spiflash_write_enable</STRONG> (Thumb, 16 bytes, Stack size 16 bytes, lto-llvm-8de445.o(.text.spiflash_write_enable))
<BR><BR>[Stack]<UL><LI>Max Depth = 16<LI>Call Chain = spiflash_write_enable
</UL>
<BR>[Calls]<UL><LI><a href="#[bb]">&gt;&gt;</a>&nbsp;&nbsp;&nbsp;OUTLINED_FUNCTION_111
</UL>
<BR>[Called By]<UL><LI><a href="#[132]">&gt;&gt;</a>&nbsp;&nbsp;&nbsp;spiflash_write_nocheck
<LI><a href="#[5d]">&gt;&gt;</a>&nbsp;&nbsp;&nbsp;pc_task
<LI><a href="#[12b]">&gt;&gt;</a>&nbsp;&nbsp;&nbsp;spiflash_force_4byte_mode
<LI><a href="#[12a]">&gt;&gt;</a>&nbsp;&nbsp;&nbsp;spiflash_write_ear
<LI><a href="#[41]">&gt;&gt;</a>&nbsp;&nbsp;&nbsp;main
</UL>

<P><STRONG><a name="[129]"></a>spiflash_wait_busy</STRONG> (Thumb, 12 bytes, Stack size 8 bytes, lto-llvm-8de445.o(.text.spiflash_wait_busy))
<BR><BR>[Stack]<UL><LI>Max Depth = 24<LI>Call Chain = spiflash_wait_busy &rArr; spiflash_read_sr1
</UL>
<BR>[Calls]<UL><LI><a href="#[125]">&gt;&gt;</a>&nbsp;&nbsp;&nbsp;spiflash_read_sr1
</UL>
<BR>[Called By]<UL><LI><a href="#[132]">&gt;&gt;</a>&nbsp;&nbsp;&nbsp;spiflash_write_nocheck
<LI><a href="#[5d]">&gt;&gt;</a>&nbsp;&nbsp;&nbsp;pc_task
<LI><a href="#[12b]">&gt;&gt;</a>&nbsp;&nbsp;&nbsp;spiflash_force_4byte_mode
<LI><a href="#[12a]">&gt;&gt;</a>&nbsp;&nbsp;&nbsp;spiflash_write_ear
<LI><a href="#[41]">&gt;&gt;</a>&nbsp;&nbsp;&nbsp;main
</UL>

<P><STRONG><a name="[12a]"></a>spiflash_write_ear</STRONG> (Thumb, 40 bytes, Stack size 16 bytes, lto-llvm-8de445.o(.text.spiflash_write_ear))
<BR><BR>[Stack]<UL><LI>Max Depth = 40<LI>Call Chain = spiflash_write_ear &rArr; spiflash_wait_busy &rArr; spiflash_read_sr1
</UL>
<BR>[Calls]<UL><LI><a href="#[129]">&gt;&gt;</a>&nbsp;&nbsp;&nbsp;spiflash_wait_busy
<LI><a href="#[128]">&gt;&gt;</a>&nbsp;&nbsp;&nbsp;spiflash_write_enable
</UL>
<BR>[Called By]<UL><LI><a href="#[ef]">&gt;&gt;</a>&nbsp;&nbsp;&nbsp;spiflash_read
<LI><a href="#[41]">&gt;&gt;</a>&nbsp;&nbsp;&nbsp;main
</UL>

<P><STRONG><a name="[12b]"></a>spiflash_force_4byte_mode</STRONG> (Thumb, 72 bytes, Stack size 24 bytes, lto-llvm-8de445.o(.text.spiflash_force_4byte_mode))
<BR><BR>[Stack]<UL><LI>Max Depth = 48<LI>Call Chain = spiflash_force_4byte_mode &rArr; spiflash_wait_busy &rArr; spiflash_read_sr1
</UL>
<BR>[Calls]<UL><LI><a href="#[129]">&gt;&gt;</a>&nbsp;&nbsp;&nbsp;spiflash_wait_busy
<LI><a href="#[128]">&gt;&gt;</a>&nbsp;&nbsp;&nbsp;spiflash_write_enable
<LI><a href="#[126]">&gt;&gt;</a>&nbsp;&nbsp;&nbsp;spiflash_read_sr3
</UL>
<BR>[Called By]<UL><LI><a href="#[ef]">&gt;&gt;</a>&nbsp;&nbsp;&nbsp;spiflash_read
<LI><a href="#[41]">&gt;&gt;</a>&nbsp;&nbsp;&nbsp;main
</UL>

<P><STRONG><a name="[ef]"></a>spiflash_read</STRONG> (Thumb, 300 bytes, Stack size 64 bytes, lto-llvm-8de445.o(.text.spiflash_read))
<BR><BR>[Stack]<UL><LI>Max Depth = 112<LI>Call Chain = spiflash_read &rArr; spiflash_force_4byte_mode &rArr; spiflash_wait_busy &rArr; spiflash_read_sr1
</UL>
<BR>[Calls]<UL><LI><a href="#[4f]">&gt;&gt;</a>&nbsp;&nbsp;&nbsp;dma_init
<LI><a href="#[4e]">&gt;&gt;</a>&nbsp;&nbsp;&nbsp;dma_reset
<LI><a href="#[12b]">&gt;&gt;</a>&nbsp;&nbsp;&nbsp;spiflash_force_4byte_mode
<LI><a href="#[12a]">&gt;&gt;</a>&nbsp;&nbsp;&nbsp;spiflash_write_ear
<LI><a href="#[127]">&gt;&gt;</a>&nbsp;&nbsp;&nbsp;spiflash_read_ear
<LI><a href="#[61]">&gt;&gt;</a>&nbsp;&nbsp;&nbsp;spi_byte_write
<LI><a href="#[11f]">&gt;&gt;</a>&nbsp;&nbsp;&nbsp;OUTLINED_FUNCTION_58
</UL>
<BR>[Called By]<UL><LI><a href="#[5d]">&gt;&gt;</a>&nbsp;&nbsp;&nbsp;pc_task
<LI><a href="#[46]">&gt;&gt;</a>&nbsp;&nbsp;&nbsp;TranferPicturetoTFT_LCD
<LI><a href="#[41]">&gt;&gt;</a>&nbsp;&nbsp;&nbsp;main
</UL>

<P><STRONG><a name="[83]"></a>LCD_Clear</STRONG> (Thumb, 92 bytes, Stack size 16 bytes, lto-llvm-8de445.o(.text.LCD_Clear))
<BR><BR>[Stack]<UL><LI>Max Depth = 56<LI>Call Chain = LCD_Clear &rArr; LCD_Address_Set
</UL>
<BR>[Calls]<UL><LI><a href="#[60]">&gt;&gt;</a>&nbsp;&nbsp;&nbsp;LCD_WR_DATA
<LI><a href="#[81]">&gt;&gt;</a>&nbsp;&nbsp;&nbsp;LCD_Address_Set
</UL>
<BR>[Called By]<UL><LI><a href="#[58]">&gt;&gt;</a>&nbsp;&nbsp;&nbsp;lcd_task
<LI><a href="#[41]">&gt;&gt;</a>&nbsp;&nbsp;&nbsp;main
</UL>

<P><STRONG><a name="[48]"></a>LCD_ShowString</STRONG> (Thumb, 52 bytes, Stack size 40 bytes, lto-llvm-8de445.o(.text.LCD_ShowString))
<BR><BR>[Stack]<UL><LI>Max Depth = 144<LI>Call Chain = LCD_ShowString &rArr; LCD_ShowChar &rArr; OUTLINED_FUNCTION_62 &rArr; LCD_Address_Set
</UL>
<BR>[Calls]<UL><LI><a href="#[85]">&gt;&gt;</a>&nbsp;&nbsp;&nbsp;LCD_ShowChar
</UL>
<BR>[Called By]<UL><LI><a href="#[58]">&gt;&gt;</a>&nbsp;&nbsp;&nbsp;lcd_task
<LI><a href="#[41]">&gt;&gt;</a>&nbsp;&nbsp;&nbsp;main
</UL>
<BR>[Address Reference Count : 1]<UL><LI> lto-llvm-8de445.o(.text.LcdProc)
</UL>
<P><STRONG><a name="[46]"></a>TranferPicturetoTFT_LCD</STRONG> (Thumb, 1216 bytes, Stack size 24 bytes, lto-llvm-8de445.o(.text.TranferPicturetoTFT_LCD))
<BR><BR>[Stack]<UL><LI>Max Depth = 136<LI>Call Chain = TranferPicturetoTFT_LCD &rArr; spiflash_read &rArr; spiflash_force_4byte_mode &rArr; spiflash_wait_busy &rArr; spiflash_read_sr1
</UL>
<BR>[Calls]<UL><LI><a href="#[60]">&gt;&gt;</a>&nbsp;&nbsp;&nbsp;LCD_WR_DATA
<LI><a href="#[ef]">&gt;&gt;</a>&nbsp;&nbsp;&nbsp;spiflash_read
<LI><a href="#[86]">&gt;&gt;</a>&nbsp;&nbsp;&nbsp;OUTLINED_FUNCTION_62
</UL>
<BR>[Called By]<UL><LI><a href="#[8a]">&gt;&gt;</a>&nbsp;&nbsp;&nbsp;LcdProc
<LI><a href="#[41]">&gt;&gt;</a>&nbsp;&nbsp;&nbsp;main
<LI><a href="#[b7]">&gt;&gt;</a>&nbsp;&nbsp;&nbsp;OUTLINED_FUNCTION_49
<LI><a href="#[b4]">&gt;&gt;</a>&nbsp;&nbsp;&nbsp;OUTLINED_FUNCTION_0
<LI><a href="#[b3]">&gt;&gt;</a>&nbsp;&nbsp;&nbsp;OUTLINED_FUNCTION_50
<LI><a href="#[7d]">&gt;&gt;</a>&nbsp;&nbsp;&nbsp;DrawProgressBar
<LI><a href="#[9b]">&gt;&gt;</a>&nbsp;&nbsp;&nbsp;OUTLINED_FUNCTION_43
<LI><a href="#[99]">&gt;&gt;</a>&nbsp;&nbsp;&nbsp;OUTLINED_FUNCTION_48
</UL>
<BR>[Address Reference Count : 1]<UL><LI> lto-llvm-8de445.o(.text.LcdProc)
</UL>
<P><STRONG><a name="[4d]"></a>gpio_init</STRONG> (Thumb, 168 bytes, Stack size 20 bytes, lto-llvm-8de445.o(.text.gpio_init))
<BR><BR>[Stack]<UL><LI>Max Depth = 20<LI>Call Chain = gpio_init
</UL>
<BR>[Called By]<UL><LI><a href="#[84]">&gt;&gt;</a>&nbsp;&nbsp;&nbsp;set_mode
</UL>
<BR>[Address Reference Count : 1]<UL><LI> lto-llvm-8de445.o(.text.main)
</UL>
<P><STRONG><a name="[4e]"></a>dma_reset</STRONG> (Thumb, 72 bytes, Stack size 0 bytes, lto-llvm-8de445.o(.text.dma_reset))
<BR><BR>[Called By]<UL><LI><a href="#[132]">&gt;&gt;</a>&nbsp;&nbsp;&nbsp;spiflash_write_nocheck
<LI><a href="#[ef]">&gt;&gt;</a>&nbsp;&nbsp;&nbsp;spiflash_read
</UL>
<BR>[Address Reference Count : 1]<UL><LI> lto-llvm-8de445.o(.text.main)
</UL>
<P><STRONG><a name="[4f]"></a>dma_init</STRONG> (Thumb, 124 bytes, Stack size 0 bytes, lto-llvm-8de445.o(.text.dma_init))
<BR><BR>[Called By]<UL><LI><a href="#[132]">&gt;&gt;</a>&nbsp;&nbsp;&nbsp;spiflash_write_nocheck
<LI><a href="#[ef]">&gt;&gt;</a>&nbsp;&nbsp;&nbsp;spiflash_read
</UL>
<BR>[Address Reference Count : 1]<UL><LI> lto-llvm-8de445.o(.text.main)
</UL>
<P><STRONG><a name="[50]"></a>tmt_run</STRONG> (Thumb, 52 bytes, Stack size 16 bytes, lto-llvm-8de445.o(.text.tmt_run))
<BR><BR>[Stack]<UL><LI>Max Depth = 16<LI>Call Chain = tmt_run
</UL>
<BR>[Address Reference Count : 1]<UL><LI> lto-llvm-8de445.o(.text.main)
</UL>
<P><STRONG><a name="[51]"></a>tmt_run_ctrl</STRONG> (Thumb, 44 bytes, Stack size 8 bytes, lto-llvm-8de445.o(.text.tmt_run_ctrl))
<BR><BR>[Stack]<UL><LI>Max Depth = 8<LI>Call Chain = tmt_run_ctrl
</UL>
<BR>[Address Reference Count : 1]<UL><LI> lto-llvm-8de445.o(.text.main)
</UL>
<P><STRONG><a name="[52]"></a>tmt_time_ctrl</STRONG> (Thumb, 48 bytes, Stack size 8 bytes, lto-llvm-8de445.o(.text.tmt_time_ctrl))
<BR><BR>[Stack]<UL><LI>Max Depth = 8<LI>Call Chain = tmt_time_ctrl
</UL>
<BR>[Address Reference Count : 1]<UL><LI> lto-llvm-8de445.o(.text.main)
</UL>
<P><STRONG><a name="[53]"></a>tmt_delete</STRONG> (Thumb, 88 bytes, Stack size 16 bytes, lto-llvm-8de445.o(.text.tmt_delete))
<BR><BR>[Stack]<UL><LI>Max Depth = 16<LI>Call Chain = tmt_delete
</UL>
<BR>[Address Reference Count : 1]<UL><LI> lto-llvm-8de445.o(.text.main)
</UL>
<P><STRONG><a name="[54]"></a>tmt_create</STRONG> (Thumb, 44 bytes, Stack size 8 bytes, lto-llvm-8de445.o(.text.tmt_create))
<BR><BR>[Stack]<UL><LI>Max Depth = 8<LI>Call Chain = tmt_create
</UL>
<BR>[Address Reference Count : 1]<UL><LI> lto-llvm-8de445.o(.text.main)
</UL>
<P><STRONG><a name="[55]"></a>tmt_update_tick</STRONG> (Thumb, 28 bytes, Stack size 0 bytes, lto-llvm-8de445.o(.text.tmt_update_tick))
<BR>[Address Reference Count : 1]<UL><LI> lto-llvm-8de445.o(.text.main)
</UL>
<P><STRONG><a name="[56]"></a>iap_task</STRONG> (Thumb, 48 bytes, Stack size 8 bytes, lto-llvm-8de445.o(.text.iap_task))
<BR><BR>[Stack]<UL><LI>Max Depth = 32<LI>Call Chain = iap_task &rArr; flash_word_program &rArr; flash_operation_wait_for
</UL>
<BR>[Calls]<UL><LI><a href="#[10e]">&gt;&gt;</a>&nbsp;&nbsp;&nbsp;nvic_system_reset
<LI><a href="#[ff]">&gt;&gt;</a>&nbsp;&nbsp;&nbsp;flash_word_program
<LI><a href="#[fa]">&gt;&gt;</a>&nbsp;&nbsp;&nbsp;flash_sector_erase
</UL>
<BR>[Address Reference Count : 1]<UL><LI> lto-llvm-8de445.o(.text.main)
</UL>
<P><STRONG><a name="[57]"></a>feed_dog_task</STRONG> (Thumb, 28 bytes, Stack size 0 bytes, lto-llvm-8de445.o(.text.feed_dog_task))
<BR>[Address Reference Count : 1]<UL><LI> lto-llvm-8de445.o(.text.main)
</UL>
<P><STRONG><a name="[58]"></a>lcd_task</STRONG> (Thumb, 64 bytes, Stack size 16 bytes, lto-llvm-8de445.o(.text.lcd_task))
<BR><BR>[Stack]<UL><LI>Max Depth = 312<LI>Call Chain = lcd_task &rArr; LcdProc &rArr; DrawProgressBar &rArr; TranferPicturetoTFT_LCD &rArr; spiflash_read &rArr; spiflash_force_4byte_mode &rArr; spiflash_wait_busy &rArr; spiflash_read_sr1
</UL>
<BR>[Calls]<UL><LI><a href="#[8a]">&gt;&gt;</a>&nbsp;&nbsp;&nbsp;LcdProc
<LI><a href="#[48]">&gt;&gt;</a>&nbsp;&nbsp;&nbsp;LCD_ShowString
<LI><a href="#[83]">&gt;&gt;</a>&nbsp;&nbsp;&nbsp;LCD_Clear
</UL>
<BR>[Address Reference Count : 1]<UL><LI> lto-llvm-8de445.o(.text.main)
</UL>
<P><STRONG><a name="[59]"></a>output_task</STRONG> (Thumb, 912 bytes, Stack size 40 bytes, lto-llvm-8de445.o(.text.output_task))
<BR><BR>[Stack]<UL><LI>Max Depth = 128<LI>Call Chain = output_task &rArr; OUTLINED_FUNCTION_102 &rArr; __aeabi_dadd &rArr; _double_epilogue &rArr; _double_round
</UL>
<BR>[Calls]<UL><LI><a href="#[b8]">&gt;&gt;</a>&nbsp;&nbsp;&nbsp;OUTLINED_FUNCTION_102
<LI><a href="#[a8]">&gt;&gt;</a>&nbsp;&nbsp;&nbsp;OUTLINED_FUNCTION_101
<LI><a href="#[ac]">&gt;&gt;</a>&nbsp;&nbsp;&nbsp;OUTLINED_FUNCTION_113
<LI><a href="#[b9]">&gt;&gt;</a>&nbsp;&nbsp;&nbsp;OUTLINED_FUNCTION_103
<LI><a href="#[12e]">&gt;&gt;</a>&nbsp;&nbsp;&nbsp;OUTLINED_FUNCTION_106
<LI><a href="#[12d]">&gt;&gt;</a>&nbsp;&nbsp;&nbsp;OUTLINED_FUNCTION_79
<LI><a href="#[97]">&gt;&gt;</a>&nbsp;&nbsp;&nbsp;OUTLINED_FUNCTION_47
<LI><a href="#[6b]">&gt;&gt;</a>&nbsp;&nbsp;&nbsp;__aeabi_dmul
<LI><a href="#[7c]">&gt;&gt;</a>&nbsp;&nbsp;&nbsp;__aeabi_d2uiz
<LI><a href="#[e7]">&gt;&gt;</a>&nbsp;&nbsp;&nbsp;__aeabi_d2f
<LI><a href="#[a6]">&gt;&gt;</a>&nbsp;&nbsp;&nbsp;__aeabi_f2d
<LI><a href="#[9e]">&gt;&gt;</a>&nbsp;&nbsp;&nbsp;__aeabi_fcmplt
<LI><a href="#[a0]">&gt;&gt;</a>&nbsp;&nbsp;&nbsp;__aeabi_fcmple
<LI><a href="#[9f]">&gt;&gt;</a>&nbsp;&nbsp;&nbsp;__aeabi_fcmpge
<LI><a href="#[a7]">&gt;&gt;</a>&nbsp;&nbsp;&nbsp;__aeabi_fcmpeq
<LI><a href="#[9d]">&gt;&gt;</a>&nbsp;&nbsp;&nbsp;__aeabi_fcmpgt
</UL>
<BR>[Address Reference Count : 1]<UL><LI> lto-llvm-8de445.o(.text.main)
</UL>
<P><STRONG><a name="[5a]"></a>flash_task</STRONG> (Thumb, 1664 bytes, Stack size 32 bytes, lto-llvm-8de445.o(.text.flash_task))
<BR><BR>[Stack]<UL><LI>Max Depth = 60<LI>Call Chain = flash_task &rArr; data_check_len &rArr; flash_wred_halfword
</UL>
<BR>[Calls]<UL><LI><a href="#[fe]">&gt;&gt;</a>&nbsp;&nbsp;&nbsp;OUTLINED_FUNCTION_75
<LI><a href="#[8c]">&gt;&gt;</a>&nbsp;&nbsp;&nbsp;OUTLINED_FUNCTION_45
<LI><a href="#[c9]">&gt;&gt;</a>&nbsp;&nbsp;&nbsp;OUTLINED_FUNCTION_38
<LI><a href="#[fd]">&gt;&gt;</a>&nbsp;&nbsp;&nbsp;get_data_from_b
<LI><a href="#[fc]">&gt;&gt;</a>&nbsp;&nbsp;&nbsp;get_data_from_a
<LI><a href="#[4a]">&gt;&gt;</a>&nbsp;&nbsp;&nbsp;flash_wred_halfword
<LI><a href="#[f2]">&gt;&gt;</a>&nbsp;&nbsp;&nbsp;data_check_len
<LI><a href="#[91]">&gt;&gt;</a>&nbsp;&nbsp;&nbsp;OUTLINED_FUNCTION_51
<LI><a href="#[93]">&gt;&gt;</a>&nbsp;&nbsp;&nbsp;OUTLINED_FUNCTION_46
<LI><a href="#[a9]">&gt;&gt;</a>&nbsp;&nbsp;&nbsp;OUTLINED_FUNCTION_77
<LI><a href="#[fb]">&gt;&gt;</a>&nbsp;&nbsp;&nbsp;OUTLINED_FUNCTION_53
<LI><a href="#[90]">&gt;&gt;</a>&nbsp;&nbsp;&nbsp;OUTLINED_FUNCTION_42
<LI><a href="#[8e]">&gt;&gt;</a>&nbsp;&nbsp;&nbsp;OUTLINED_FUNCTION_41
<LI><a href="#[49]">&gt;&gt;</a>&nbsp;&nbsp;&nbsp;flash_halfword_program
<LI><a href="#[fa]">&gt;&gt;</a>&nbsp;&nbsp;&nbsp;flash_sector_erase
<LI><a href="#[7b]">&gt;&gt;</a>&nbsp;&nbsp;&nbsp;__aeabi_ui2f
<LI><a href="#[96]">&gt;&gt;</a>&nbsp;&nbsp;&nbsp;__aeabi_f2iz
<LI><a href="#[a7]">&gt;&gt;</a>&nbsp;&nbsp;&nbsp;__aeabi_fcmpeq
</UL>
<BR>[Address Reference Count : 1]<UL><LI> lto-llvm-8de445.o(.text.main)
</UL>
<P><STRONG><a name="[5b]"></a>work_task</STRONG> (Thumb, 2 bytes, Stack size 0 bytes, lto-llvm-8de445.o(.text.work_task))
<BR>[Address Reference Count : 1]<UL><LI> lto-llvm-8de445.o(.text.main)
</UL>
<P><STRONG><a name="[5c]"></a>key_task</STRONG> (Thumb, 2984 bytes, Stack size 40 bytes, lto-llvm-8de445.o(.text.key_task))
<BR><BR>[Stack]<UL><LI>Max Depth = 60<LI>Call Chain = key_task &rArr; OUTLINED_FUNCTION_25 &rArr; __aeabi_fadd &rArr; _float_epilogue
</UL>
<BR>[Calls]<UL><LI><a href="#[c6]">&gt;&gt;</a>&nbsp;&nbsp;&nbsp;OUTLINED_FUNCTION_25
<LI><a href="#[cc]">&gt;&gt;</a>&nbsp;&nbsp;&nbsp;OUTLINED_FUNCTION_52
<LI><a href="#[9c]">&gt;&gt;</a>&nbsp;&nbsp;&nbsp;OUTLINED_FUNCTION_39
<LI><a href="#[be]">&gt;&gt;</a>&nbsp;&nbsp;&nbsp;OUTLINED_FUNCTION_117
<LI><a href="#[e5]">&gt;&gt;</a>&nbsp;&nbsp;&nbsp;OUTLINED_FUNCTION_114
<LI><a href="#[11b]">&gt;&gt;</a>&nbsp;&nbsp;&nbsp;OUTLINED_FUNCTION_34
<LI><a href="#[ce]">&gt;&gt;</a>&nbsp;&nbsp;&nbsp;OUTLINED_FUNCTION_66
<LI><a href="#[c2]">&gt;&gt;</a>&nbsp;&nbsp;&nbsp;OUTLINED_FUNCTION_2
<LI><a href="#[11a]">&gt;&gt;</a>&nbsp;&nbsp;&nbsp;OUTLINED_FUNCTION_21
<LI><a href="#[119]">&gt;&gt;</a>&nbsp;&nbsp;&nbsp;OUTLINED_FUNCTION_33
<LI><a href="#[a2]">&gt;&gt;</a>&nbsp;&nbsp;&nbsp;OUTLINED_FUNCTION_56
<LI><a href="#[c1]">&gt;&gt;</a>&nbsp;&nbsp;&nbsp;OUTLINED_FUNCTION_19
<LI><a href="#[c3]">&gt;&gt;</a>&nbsp;&nbsp;&nbsp;OUTLINED_FUNCTION_23
<LI><a href="#[8b]">&gt;&gt;</a>&nbsp;&nbsp;&nbsp;OUTLINED_FUNCTION_76
<LI><a href="#[118]">&gt;&gt;</a>&nbsp;&nbsp;&nbsp;OUTLINED_FUNCTION_1
<LI><a href="#[117]">&gt;&gt;</a>&nbsp;&nbsp;&nbsp;OUTLINED_FUNCTION_9
<LI><a href="#[116]">&gt;&gt;</a>&nbsp;&nbsp;&nbsp;OUTLINED_FUNCTION_16
<LI><a href="#[b5]">&gt;&gt;</a>&nbsp;&nbsp;&nbsp;OUTLINED_FUNCTION_78
<LI><a href="#[e2]">&gt;&gt;</a>&nbsp;&nbsp;&nbsp;OUTLINED_FUNCTION_63
<LI><a href="#[115]">&gt;&gt;</a>&nbsp;&nbsp;&nbsp;OUTLINED_FUNCTION_61
<LI><a href="#[114]">&gt;&gt;</a>&nbsp;&nbsp;&nbsp;OUTLINED_FUNCTION_36
<LI><a href="#[113]">&gt;&gt;</a>&nbsp;&nbsp;&nbsp;OUTLINED_FUNCTION_57
<LI><a href="#[95]">&gt;&gt;</a>&nbsp;&nbsp;&nbsp;OUTLINED_FUNCTION_12
<LI><a href="#[112]">&gt;&gt;</a>&nbsp;&nbsp;&nbsp;OUTLINED_FUNCTION_14
<LI><a href="#[111]">&gt;&gt;</a>&nbsp;&nbsp;&nbsp;OUTLINED_FUNCTION_55
<LI><a href="#[110]">&gt;&gt;</a>&nbsp;&nbsp;&nbsp;OUTLINED_FUNCTION_108
<LI><a href="#[10f]">&gt;&gt;</a>&nbsp;&nbsp;&nbsp;OUTLINED_FUNCTION_54
<LI><a href="#[fe]">&gt;&gt;</a>&nbsp;&nbsp;&nbsp;OUTLINED_FUNCTION_75
<LI><a href="#[c9]">&gt;&gt;</a>&nbsp;&nbsp;&nbsp;OUTLINED_FUNCTION_38
<LI><a href="#[ac]">&gt;&gt;</a>&nbsp;&nbsp;&nbsp;OUTLINED_FUNCTION_113
<LI><a href="#[79]">&gt;&gt;</a>&nbsp;&nbsp;&nbsp;__aeabi_fdiv
<LI><a href="#[94]">&gt;&gt;</a>&nbsp;&nbsp;&nbsp;__aeabi_fmul
<LI><a href="#[74]">&gt;&gt;</a>&nbsp;&nbsp;&nbsp;__aeabi_fadd
</UL>
<BR>[Address Reference Count : 1]<UL><LI> lto-llvm-8de445.o(.text.main)
</UL>
<P><STRONG><a name="[5d]"></a>pc_task</STRONG> (Thumb, 1056 bytes, Stack size 48 bytes, lto-llvm-8de445.o(.text.pc_task))
<BR><BR>[Stack]<UL><LI>Max Depth = 160<LI>Call Chain = pc_task &rArr; spiflash_read &rArr; spiflash_force_4byte_mode &rArr; spiflash_wait_busy &rArr; spiflash_read_sr1
</UL>
<BR>[Calls]<UL><LI><a href="#[f3]">&gt;&gt;</a>&nbsp;&nbsp;&nbsp;flash_ask_error
<LI><a href="#[132]">&gt;&gt;</a>&nbsp;&nbsp;&nbsp;spiflash_write_nocheck
<LI><a href="#[cd]">&gt;&gt;</a>&nbsp;&nbsp;&nbsp;OUTLINED_FUNCTION_64
<LI><a href="#[131]">&gt;&gt;</a>&nbsp;&nbsp;&nbsp;usart_receiveData
<LI><a href="#[f6]">&gt;&gt;</a>&nbsp;&nbsp;&nbsp;flash_ask_ok
<LI><a href="#[f5]">&gt;&gt;</a>&nbsp;&nbsp;&nbsp;usart_sendData
<LI><a href="#[f4]">&gt;&gt;</a>&nbsp;&nbsp;&nbsp;OUTLINED_FUNCTION_5
<LI><a href="#[bc]">&gt;&gt;</a>&nbsp;&nbsp;&nbsp;OUTLINED_FUNCTION_112
<LI><a href="#[130]">&gt;&gt;</a>&nbsp;&nbsp;&nbsp;OUTLINED_FUNCTION_27
<LI><a href="#[bd]">&gt;&gt;</a>&nbsp;&nbsp;&nbsp;crc_block_calculate
<LI><a href="#[c5]">&gt;&gt;</a>&nbsp;&nbsp;&nbsp;convert_data
<LI><a href="#[12f]">&gt;&gt;</a>&nbsp;&nbsp;&nbsp;parse_version_string
<LI><a href="#[10e]">&gt;&gt;</a>&nbsp;&nbsp;&nbsp;nvic_system_reset
<LI><a href="#[ef]">&gt;&gt;</a>&nbsp;&nbsp;&nbsp;spiflash_read
<LI><a href="#[129]">&gt;&gt;</a>&nbsp;&nbsp;&nbsp;spiflash_wait_busy
<LI><a href="#[128]">&gt;&gt;</a>&nbsp;&nbsp;&nbsp;spiflash_write_enable
<LI><a href="#[61]">&gt;&gt;</a>&nbsp;&nbsp;&nbsp;spi_byte_write
<LI><a href="#[5e]">&gt;&gt;</a>&nbsp;&nbsp;&nbsp;wk_delay_ms
[...]
</UL>

<P><STRONG><a name="[104]"></a>OUTLINED_FUNCTION_91</STRONG> (Thumb, 10 bytes, Stack size 0 bytes, lto-llvm-8de445.o(.text.OUTLINED_FUNCTION_91))
<BR><BR>[Called By]<UL><LI><a href="#[fd]">&gt;&gt;</a>&nbsp;&nbsp;&nbsp;get_data_from_b
<LI><a href="#[fc]">&gt;&gt;</a>&nbsp;&nbsp;&nbsp;get_data_from_a
</UL>

<P><STRONG><a name="[105]"></a>OUTLINED_FUNCTION_90</STRONG> (Thumb, 10 bytes, Stack size 0 bytes, lto-llvm-8de445.o(.text.OUTLINED_FUNCTION_90))
<BR><BR>[Called By]<UL><LI><a href="#[fd]">&gt;&gt;</a>&nbsp;&nbsp;&nbsp;get_data_from_b
<LI><a href="#[fc]">&gt;&gt;</a>&nbsp;&nbsp;&nbsp;get_data_from_a
</UL>

<P><STRONG><a name="[106]"></a>OUTLINED_FUNCTION_89</STRONG> (Thumb, 10 bytes, Stack size 0 bytes, lto-llvm-8de445.o(.text.OUTLINED_FUNCTION_89))
<BR><BR>[Called By]<UL><LI><a href="#[fd]">&gt;&gt;</a>&nbsp;&nbsp;&nbsp;get_data_from_b
<LI><a href="#[fc]">&gt;&gt;</a>&nbsp;&nbsp;&nbsp;get_data_from_a
</UL>

<P><STRONG><a name="[107]"></a>OUTLINED_FUNCTION_87</STRONG> (Thumb, 10 bytes, Stack size 0 bytes, lto-llvm-8de445.o(.text.OUTLINED_FUNCTION_87))
<BR><BR>[Called By]<UL><LI><a href="#[fd]">&gt;&gt;</a>&nbsp;&nbsp;&nbsp;get_data_from_b
<LI><a href="#[fc]">&gt;&gt;</a>&nbsp;&nbsp;&nbsp;get_data_from_a
</UL>

<P><STRONG><a name="[108]"></a>OUTLINED_FUNCTION_86</STRONG> (Thumb, 10 bytes, Stack size 0 bytes, lto-llvm-8de445.o(.text.OUTLINED_FUNCTION_86))
<BR><BR>[Called By]<UL><LI><a href="#[fd]">&gt;&gt;</a>&nbsp;&nbsp;&nbsp;get_data_from_b
<LI><a href="#[fc]">&gt;&gt;</a>&nbsp;&nbsp;&nbsp;get_data_from_a
</UL>

<P><STRONG><a name="[109]"></a>OUTLINED_FUNCTION_85</STRONG> (Thumb, 10 bytes, Stack size 0 bytes, lto-llvm-8de445.o(.text.OUTLINED_FUNCTION_85))
<BR><BR>[Called By]<UL><LI><a href="#[fd]">&gt;&gt;</a>&nbsp;&nbsp;&nbsp;get_data_from_b
<LI><a href="#[fc]">&gt;&gt;</a>&nbsp;&nbsp;&nbsp;get_data_from_a
</UL>

<P><STRONG><a name="[10a]"></a>OUTLINED_FUNCTION_84</STRONG> (Thumb, 10 bytes, Stack size 0 bytes, lto-llvm-8de445.o(.text.OUTLINED_FUNCTION_84))
<BR><BR>[Called By]<UL><LI><a href="#[fd]">&gt;&gt;</a>&nbsp;&nbsp;&nbsp;get_data_from_b
<LI><a href="#[fc]">&gt;&gt;</a>&nbsp;&nbsp;&nbsp;get_data_from_a
</UL>

<P><STRONG><a name="[10b]"></a>OUTLINED_FUNCTION_83</STRONG> (Thumb, 10 bytes, Stack size 0 bytes, lto-llvm-8de445.o(.text.OUTLINED_FUNCTION_83))
<BR><BR>[Called By]<UL><LI><a href="#[fd]">&gt;&gt;</a>&nbsp;&nbsp;&nbsp;get_data_from_b
<LI><a href="#[fc]">&gt;&gt;</a>&nbsp;&nbsp;&nbsp;get_data_from_a
</UL>

<P><STRONG><a name="[10c]"></a>OUTLINED_FUNCTION_82</STRONG> (Thumb, 10 bytes, Stack size 0 bytes, lto-llvm-8de445.o(.text.OUTLINED_FUNCTION_82))
<BR><BR>[Called By]<UL><LI><a href="#[fd]">&gt;&gt;</a>&nbsp;&nbsp;&nbsp;get_data_from_b
<LI><a href="#[fc]">&gt;&gt;</a>&nbsp;&nbsp;&nbsp;get_data_from_a
</UL>

<P><STRONG><a name="[10d]"></a>OUTLINED_FUNCTION_81</STRONG> (Thumb, 10 bytes, Stack size 0 bytes, lto-llvm-8de445.o(.text.OUTLINED_FUNCTION_81))
<BR><BR>[Called By]<UL><LI><a href="#[fd]">&gt;&gt;</a>&nbsp;&nbsp;&nbsp;get_data_from_b
<LI><a href="#[fc]">&gt;&gt;</a>&nbsp;&nbsp;&nbsp;get_data_from_a
</UL>

<P><STRONG><a name="[c7]"></a>OUTLINED_FUNCTION_31</STRONG> (Thumb, 20 bytes, Stack size 0 bytes, lto-llvm-8de445.o(.text.OUTLINED_FUNCTION_31))
<BR><BR>[Calls]<UL><LI><a href="#[c8]">&gt;&gt;</a>&nbsp;&nbsp;&nbsp;__aeabi_memclr4
</UL>
<BR>[Called By]<UL><LI><a href="#[f3]">&gt;&gt;</a>&nbsp;&nbsp;&nbsp;flash_ask_error
<LI><a href="#[f6]">&gt;&gt;</a>&nbsp;&nbsp;&nbsp;flash_ask_ok
</UL>

<P><STRONG><a name="[c4]"></a>OUTLINED_FUNCTION_24</STRONG> (Thumb, 26 bytes, Stack size 0 bytes, lto-llvm-8de445.o(.text.OUTLINED_FUNCTION_24))
<BR><BR>[Stack]<UL><LI>Max Depth = 20<LI>Call Chain = OUTLINED_FUNCTION_24 &rArr; convert_data
</UL>
<BR>[Calls]<UL><LI><a href="#[c5]">&gt;&gt;</a>&nbsp;&nbsp;&nbsp;convert_data
</UL>
<BR>[Called By]<UL><LI><a href="#[f3]">&gt;&gt;</a>&nbsp;&nbsp;&nbsp;flash_ask_error
<LI><a href="#[f6]">&gt;&gt;</a>&nbsp;&nbsp;&nbsp;flash_ask_ok
</UL>

<P><STRONG><a name="[89]"></a>LCD_VISION</STRONG> (Thumb, 68 bytes, Stack size 48 bytes, lto-llvm-8de445.o(.text.LCD_VISION))
<BR><BR>[Stack]<UL><LI>Max Depth = 152<LI>Call Chain = LCD_VISION &rArr; OUTLINED_FUNCTION_109 &rArr; LCD_ShowChar &rArr; OUTLINED_FUNCTION_62 &rArr; LCD_Address_Set
</UL>
<BR>[Calls]<UL><LI><a href="#[88]">&gt;&gt;</a>&nbsp;&nbsp;&nbsp;OUTLINED_FUNCTION_109
</UL>
<BR>[Called By]<UL><LI><a href="#[8a]">&gt;&gt;</a>&nbsp;&nbsp;&nbsp;LcdProc
</UL>

<P><STRONG><a name="[8d]"></a>OUTLINED_FUNCTION_119</STRONG> (Thumb, 14 bytes, Stack size 0 bytes, lto-llvm-8de445.o(.text.OUTLINED_FUNCTION_119))
<BR><BR>[Called By]<UL><LI><a href="#[8a]">&gt;&gt;</a>&nbsp;&nbsp;&nbsp;LcdProc
</UL>

<P><STRONG><a name="[87]"></a>LCD_ShowIntNum</STRONG> (Thumb, 146 bytes, Stack size 48 bytes, lto-llvm-8de445.o(.text.LCD_ShowIntNum))
<BR><BR>[Stack]<UL><LI>Max Depth = 152<LI>Call Chain = LCD_ShowIntNum &rArr; OUTLINED_FUNCTION_109 &rArr; LCD_ShowChar &rArr; OUTLINED_FUNCTION_62 &rArr; LCD_Address_Set
</UL>
<BR>[Calls]<UL><LI><a href="#[88]">&gt;&gt;</a>&nbsp;&nbsp;&nbsp;OUTLINED_FUNCTION_109
</UL>
<BR>[Called By]<UL><LI><a href="#[8a]">&gt;&gt;</a>&nbsp;&nbsp;&nbsp;LcdProc
<LI><a href="#[ab]">&gt;&gt;</a>&nbsp;&nbsp;&nbsp;OUTLINED_FUNCTION_26
</UL>

<P><STRONG><a name="[8f]"></a>OUTLINED_FUNCTION_65</STRONG> (Thumb, 8 bytes, Stack size 0 bytes, lto-llvm-8de445.o(.text.OUTLINED_FUNCTION_65))
<BR><BR>[Called By]<UL><LI><a href="#[8a]">&gt;&gt;</a>&nbsp;&nbsp;&nbsp;LcdProc
</UL>

<P><STRONG><a name="[92]"></a>OUTLINED_FUNCTION_105</STRONG> (Thumb, 14 bytes, Stack size 0 bytes, lto-llvm-8de445.o(.text.OUTLINED_FUNCTION_105))
<BR><BR>[Called By]<UL><LI><a href="#[8a]">&gt;&gt;</a>&nbsp;&nbsp;&nbsp;LcdProc
</UL>

<P><STRONG><a name="[98]"></a>OUTLINED_FUNCTION_104</STRONG> (Thumb, 6 bytes, Stack size 0 bytes, lto-llvm-8de445.o(.text.OUTLINED_FUNCTION_104))
<BR><BR>[Stack]<UL><LI>Max Depth = 4<LI>Call Chain = OUTLINED_FUNCTION_104 &rArr; __aeabi_i2f &rArr; _float_epilogue
</UL>
<BR>[Calls]<UL><LI><a href="#[7a]">&gt;&gt;</a>&nbsp;&nbsp;&nbsp;__aeabi_i2f
</UL>
<BR>[Called By]<UL><LI><a href="#[8a]">&gt;&gt;</a>&nbsp;&nbsp;&nbsp;LcdProc
</UL>

<P><STRONG><a name="[99]"></a>OUTLINED_FUNCTION_48</STRONG> (Thumb, 14 bytes, Stack size 0 bytes, lto-llvm-8de445.o(.text.OUTLINED_FUNCTION_48))
<BR><BR>[Stack]<UL><LI>Max Depth = 136<LI>Call Chain = OUTLINED_FUNCTION_48 &rArr; TranferPicturetoTFT_LCD &rArr; spiflash_read &rArr; spiflash_force_4byte_mode &rArr; spiflash_wait_busy &rArr; spiflash_read_sr1
</UL>
<BR>[Calls]<UL><LI><a href="#[46]">&gt;&gt;</a>&nbsp;&nbsp;&nbsp;TranferPicturetoTFT_LCD
</UL>
<BR>[Called By]<UL><LI><a href="#[8a]">&gt;&gt;</a>&nbsp;&nbsp;&nbsp;LcdProc
</UL>

<P><STRONG><a name="[9a]"></a>OUTLINED_FUNCTION_120</STRONG> (Thumb, 14 bytes, Stack size 0 bytes, lto-llvm-8de445.o(.text.OUTLINED_FUNCTION_120))
<BR><BR>[Called By]<UL><LI><a href="#[8a]">&gt;&gt;</a>&nbsp;&nbsp;&nbsp;LcdProc
</UL>

<P><STRONG><a name="[9b]"></a>OUTLINED_FUNCTION_43</STRONG> (Thumb, 16 bytes, Stack size 0 bytes, lto-llvm-8de445.o(.text.OUTLINED_FUNCTION_43))
<BR><BR>[Stack]<UL><LI>Max Depth = 136<LI>Call Chain = OUTLINED_FUNCTION_43 &rArr; TranferPicturetoTFT_LCD &rArr; spiflash_read &rArr; spiflash_force_4byte_mode &rArr; spiflash_wait_busy &rArr; spiflash_read_sr1
</UL>
<BR>[Calls]<UL><LI><a href="#[46]">&gt;&gt;</a>&nbsp;&nbsp;&nbsp;TranferPicturetoTFT_LCD
</UL>
<BR>[Called By]<UL><LI><a href="#[8a]">&gt;&gt;</a>&nbsp;&nbsp;&nbsp;LcdProc
</UL>

<P><STRONG><a name="[44]"></a>LCD_Fill</STRONG> (Thumb, 60 bytes, Stack size 32 bytes, lto-llvm-8de445.o(.text.LCD_Fill))
<BR><BR>[Stack]<UL><LI>Max Depth = 72<LI>Call Chain = LCD_Fill &rArr; LCD_Address_Set
</UL>
<BR>[Calls]<UL><LI><a href="#[60]">&gt;&gt;</a>&nbsp;&nbsp;&nbsp;LCD_WR_DATA
<LI><a href="#[81]">&gt;&gt;</a>&nbsp;&nbsp;&nbsp;LCD_Address_Set
</UL>
<BR>[Called By]<UL><LI><a href="#[8a]">&gt;&gt;</a>&nbsp;&nbsp;&nbsp;LcdProc
</UL>
<BR>[Address Reference Count : 1]<UL><LI> lto-llvm-8de445.o(.text.DrawProgressBar)
</UL>
<P><STRONG><a name="[a1]"></a>voltage_to_y</STRONG> (Thumb, 92 bytes, Stack size 16 bytes, lto-llvm-8de445.o(.text.voltage_to_y))
<BR><BR>[Stack]<UL><LI>Max Depth = 104<LI>Call Chain = voltage_to_y &rArr; OUTLINED_FUNCTION_102 &rArr; __aeabi_dadd &rArr; _double_epilogue &rArr; _double_round
</UL>
<BR>[Calls]<UL><LI><a href="#[b8]">&gt;&gt;</a>&nbsp;&nbsp;&nbsp;OUTLINED_FUNCTION_102
<LI><a href="#[70]">&gt;&gt;</a>&nbsp;&nbsp;&nbsp;__aeabi_d2iz
<LI><a href="#[77]">&gt;&gt;</a>&nbsp;&nbsp;&nbsp;__aeabi_fsub
<LI><a href="#[79]">&gt;&gt;</a>&nbsp;&nbsp;&nbsp;__aeabi_fdiv
<LI><a href="#[94]">&gt;&gt;</a>&nbsp;&nbsp;&nbsp;__aeabi_fmul
<LI><a href="#[74]">&gt;&gt;</a>&nbsp;&nbsp;&nbsp;__aeabi_fadd
<LI><a href="#[a6]">&gt;&gt;</a>&nbsp;&nbsp;&nbsp;__aeabi_f2d
<LI><a href="#[9e]">&gt;&gt;</a>&nbsp;&nbsp;&nbsp;__aeabi_fcmplt
<LI><a href="#[9d]">&gt;&gt;</a>&nbsp;&nbsp;&nbsp;__aeabi_fcmpgt
</UL>
<BR>[Called By]<UL><LI><a href="#[8a]">&gt;&gt;</a>&nbsp;&nbsp;&nbsp;LcdProc
</UL>

<P><STRONG><a name="[47]"></a>LCD_DrawLine</STRONG> (Thumb, 166 bytes, Stack size 48 bytes, lto-llvm-8de445.o(.text.LCD_DrawLine))
<BR><BR>[Stack]<UL><LI>Max Depth = 88<LI>Call Chain = LCD_DrawLine &rArr; LCD_Address_Set
</UL>
<BR>[Calls]<UL><LI><a href="#[60]">&gt;&gt;</a>&nbsp;&nbsp;&nbsp;LCD_WR_DATA
<LI><a href="#[81]">&gt;&gt;</a>&nbsp;&nbsp;&nbsp;LCD_Address_Set
</UL>
<BR>[Called By]<UL><LI><a href="#[8a]">&gt;&gt;</a>&nbsp;&nbsp;&nbsp;LcdProc
</UL>
<BR>[Address Reference Count : 1]<UL><LI> lto-llvm-8de445.o(.text.LcdProc)
</UL>
<P><STRONG><a name="[a3]"></a>OUTLINED_FUNCTION_80</STRONG> (Thumb, 10 bytes, Stack size 0 bytes, lto-llvm-8de445.o(.text.OUTLINED_FUNCTION_80))
<BR><BR>[Called By]<UL><LI><a href="#[8a]">&gt;&gt;</a>&nbsp;&nbsp;&nbsp;LcdProc
</UL>

<P><STRONG><a name="[a4]"></a>OUTLINED_FUNCTION_35</STRONG> (Thumb, 8 bytes, Stack size 0 bytes, lto-llvm-8de445.o(.text.OUTLINED_FUNCTION_35))
<BR><BR>[Called By]<UL><LI><a href="#[8a]">&gt;&gt;</a>&nbsp;&nbsp;&nbsp;LcdProc
</UL>

<P><STRONG><a name="[a5]"></a>OUTLINED_FUNCTION_32</STRONG> (Thumb, 8 bytes, Stack size 0 bytes, lto-llvm-8de445.o(.text.OUTLINED_FUNCTION_32))
<BR><BR>[Called By]<UL><LI><a href="#[8a]">&gt;&gt;</a>&nbsp;&nbsp;&nbsp;LcdProc
</UL>

<P><STRONG><a name="[7d]"></a>DrawProgressBar</STRONG> (Thumb, 160 bytes, Stack size 40 bytes, lto-llvm-8de445.o(.text.DrawProgressBar))
<BR><BR>[Stack]<UL><LI>Max Depth = 176<LI>Call Chain = DrawProgressBar &rArr; TranferPicturetoTFT_LCD &rArr; spiflash_read &rArr; spiflash_force_4byte_mode &rArr; spiflash_wait_busy &rArr; spiflash_read_sr1
</UL>
<BR>[Calls]<UL><LI><a href="#[46]">&gt;&gt;</a>&nbsp;&nbsp;&nbsp;TranferPicturetoTFT_LCD
<LI><a href="#[7e]">&gt;&gt;</a>&nbsp;&nbsp;&nbsp;OUTLINED_FUNCTION_96
</UL>
<BR>[Called By]<UL><LI><a href="#[8a]">&gt;&gt;</a>&nbsp;&nbsp;&nbsp;LcdProc
</UL>

<P><STRONG><a name="[aa]"></a>OUTLINED_FUNCTION_3</STRONG> (Thumb, 18 bytes, Stack size 0 bytes, lto-llvm-8de445.o(.text.OUTLINED_FUNCTION_3))
<BR><BR>[Called By]<UL><LI><a href="#[8a]">&gt;&gt;</a>&nbsp;&nbsp;&nbsp;LcdProc
</UL>

<P><STRONG><a name="[ab]"></a>OUTLINED_FUNCTION_26</STRONG> (Thumb, 8 bytes, Stack size 0 bytes, lto-llvm-8de445.o(.text.OUTLINED_FUNCTION_26))
<BR><BR>[Stack]<UL><LI>Max Depth = 152<LI>Call Chain = OUTLINED_FUNCTION_26 &rArr; LCD_ShowIntNum &rArr; OUTLINED_FUNCTION_109 &rArr; LCD_ShowChar &rArr; OUTLINED_FUNCTION_62 &rArr; LCD_Address_Set
</UL>
<BR>[Calls]<UL><LI><a href="#[87]">&gt;&gt;</a>&nbsp;&nbsp;&nbsp;LCD_ShowIntNum
</UL>
<BR>[Called By]<UL><LI><a href="#[8a]">&gt;&gt;</a>&nbsp;&nbsp;&nbsp;LcdProc
</UL>

<P><STRONG><a name="[ae]"></a>OUTLINED_FUNCTION_7</STRONG> (Thumb, 16 bytes, Stack size 0 bytes, lto-llvm-8de445.o(.text.OUTLINED_FUNCTION_7))
<BR><BR>[Stack]<UL><LI>Max Depth = 4<LI>Call Chain = OUTLINED_FUNCTION_7 &rArr; __aeabi_ui2f &rArr; _float_epilogue
</UL>
<BR>[Calls]<UL><LI><a href="#[7b]">&gt;&gt;</a>&nbsp;&nbsp;&nbsp;__aeabi_ui2f
</UL>
<BR>[Called By]<UL><LI><a href="#[8a]">&gt;&gt;</a>&nbsp;&nbsp;&nbsp;LcdProc
</UL>

<P><STRONG><a name="[af]"></a>OUTLINED_FUNCTION_67</STRONG> (Thumb, 12 bytes, Stack size 0 bytes, lto-llvm-8de445.o(.text.OUTLINED_FUNCTION_67))
<BR><BR>[Calls]<UL><LI><a href="#[96]">&gt;&gt;</a>&nbsp;&nbsp;&nbsp;__aeabi_f2iz
</UL>
<BR>[Called By]<UL><LI><a href="#[8a]">&gt;&gt;</a>&nbsp;&nbsp;&nbsp;LcdProc
</UL>

<P><STRONG><a name="[b0]"></a>OUTLINED_FUNCTION_8</STRONG> (Thumb, 16 bytes, Stack size 0 bytes, lto-llvm-8de445.o(.text.OUTLINED_FUNCTION_8))
<BR><BR>[Stack]<UL><LI>Max Depth = 4<LI>Call Chain = OUTLINED_FUNCTION_8 &rArr; __aeabi_ui2f &rArr; _float_epilogue
</UL>
<BR>[Calls]<UL><LI><a href="#[7b]">&gt;&gt;</a>&nbsp;&nbsp;&nbsp;__aeabi_ui2f
</UL>
<BR>[Called By]<UL><LI><a href="#[8a]">&gt;&gt;</a>&nbsp;&nbsp;&nbsp;LcdProc
</UL>

<P><STRONG><a name="[b1]"></a>OUTLINED_FUNCTION_6</STRONG> (Thumb, 12 bytes, Stack size 0 bytes, lto-llvm-8de445.o(.text.OUTLINED_FUNCTION_6))
<BR><BR>[Called By]<UL><LI><a href="#[8a]">&gt;&gt;</a>&nbsp;&nbsp;&nbsp;LcdProc
</UL>

<P><STRONG><a name="[b2]"></a>OUTLINED_FUNCTION_118</STRONG> (Thumb, 14 bytes, Stack size 0 bytes, lto-llvm-8de445.o(.text.OUTLINED_FUNCTION_118))
<BR><BR>[Called By]<UL><LI><a href="#[8a]">&gt;&gt;</a>&nbsp;&nbsp;&nbsp;LcdProc
</UL>

<P><STRONG><a name="[b3]"></a>OUTLINED_FUNCTION_50</STRONG> (Thumb, 14 bytes, Stack size 0 bytes, lto-llvm-8de445.o(.text.OUTLINED_FUNCTION_50))
<BR><BR>[Stack]<UL><LI>Max Depth = 136<LI>Call Chain = OUTLINED_FUNCTION_50 &rArr; TranferPicturetoTFT_LCD &rArr; spiflash_read &rArr; spiflash_force_4byte_mode &rArr; spiflash_wait_busy &rArr; spiflash_read_sr1
</UL>
<BR>[Calls]<UL><LI><a href="#[46]">&gt;&gt;</a>&nbsp;&nbsp;&nbsp;TranferPicturetoTFT_LCD
</UL>
<BR>[Called By]<UL><LI><a href="#[8a]">&gt;&gt;</a>&nbsp;&nbsp;&nbsp;LcdProc
</UL>

<P><STRONG><a name="[88]"></a>OUTLINED_FUNCTION_109</STRONG> (Thumb, 6 bytes, Stack size 0 bytes, lto-llvm-8de445.o(.text.OUTLINED_FUNCTION_109))
<BR><BR>[Stack]<UL><LI>Max Depth = 104<LI>Call Chain = OUTLINED_FUNCTION_109 &rArr; LCD_ShowChar &rArr; OUTLINED_FUNCTION_62 &rArr; LCD_Address_Set
</UL>
<BR>[Calls]<UL><LI><a href="#[85]">&gt;&gt;</a>&nbsp;&nbsp;&nbsp;LCD_ShowChar
</UL>
<BR>[Called By]<UL><LI><a href="#[8a]">&gt;&gt;</a>&nbsp;&nbsp;&nbsp;LcdProc
<LI><a href="#[87]">&gt;&gt;</a>&nbsp;&nbsp;&nbsp;LCD_ShowIntNum
<LI><a href="#[89]">&gt;&gt;</a>&nbsp;&nbsp;&nbsp;LCD_VISION
</UL>

<P><STRONG><a name="[b4]"></a>OUTLINED_FUNCTION_0</STRONG> (Thumb, 14 bytes, Stack size 0 bytes, lto-llvm-8de445.o(.text.OUTLINED_FUNCTION_0))
<BR><BR>[Stack]<UL><LI>Max Depth = 136<LI>Call Chain = OUTLINED_FUNCTION_0 &rArr; TranferPicturetoTFT_LCD &rArr; spiflash_read &rArr; spiflash_force_4byte_mode &rArr; spiflash_wait_busy &rArr; spiflash_read_sr1
</UL>
<BR>[Calls]<UL><LI><a href="#[46]">&gt;&gt;</a>&nbsp;&nbsp;&nbsp;TranferPicturetoTFT_LCD
</UL>
<BR>[Called By]<UL><LI><a href="#[8a]">&gt;&gt;</a>&nbsp;&nbsp;&nbsp;LcdProc
</UL>

<P><STRONG><a name="[b6]"></a>OUTLINED_FUNCTION_10</STRONG> (Thumb, 10 bytes, Stack size 0 bytes, lto-llvm-8de445.o(.text.OUTLINED_FUNCTION_10))
<BR><BR>[Called By]<UL><LI><a href="#[8a]">&gt;&gt;</a>&nbsp;&nbsp;&nbsp;LcdProc
</UL>

<P><STRONG><a name="[b7]"></a>OUTLINED_FUNCTION_49</STRONG> (Thumb, 14 bytes, Stack size 0 bytes, lto-llvm-8de445.o(.text.OUTLINED_FUNCTION_49))
<BR><BR>[Stack]<UL><LI>Max Depth = 136<LI>Call Chain = OUTLINED_FUNCTION_49 &rArr; TranferPicturetoTFT_LCD &rArr; spiflash_read &rArr; spiflash_force_4byte_mode &rArr; spiflash_wait_busy &rArr; spiflash_read_sr1
</UL>
<BR>[Calls]<UL><LI><a href="#[46]">&gt;&gt;</a>&nbsp;&nbsp;&nbsp;TranferPicturetoTFT_LCD
</UL>
<BR>[Called By]<UL><LI><a href="#[8a]">&gt;&gt;</a>&nbsp;&nbsp;&nbsp;LcdProc
</UL>

<P><STRONG><a name="[bb]"></a>OUTLINED_FUNCTION_111</STRONG> (Thumb, 6 bytes, Stack size 0 bytes, lto-llvm-8de445.o(.text.OUTLINED_FUNCTION_111))
<BR><BR>[Calls]<UL><LI><a href="#[61]">&gt;&gt;</a>&nbsp;&nbsp;&nbsp;spi_byte_write
</UL>
<BR>[Called By]<UL><LI><a href="#[128]">&gt;&gt;</a>&nbsp;&nbsp;&nbsp;spiflash_write_enable
<LI><a href="#[127]">&gt;&gt;</a>&nbsp;&nbsp;&nbsp;spiflash_read_ear
<LI><a href="#[126]">&gt;&gt;</a>&nbsp;&nbsp;&nbsp;spiflash_read_sr3
<LI><a href="#[125]">&gt;&gt;</a>&nbsp;&nbsp;&nbsp;spiflash_read_sr1
</UL>

<P><STRONG><a name="[f0]"></a>queue_write</STRONG> (Thumb, 50 bytes, Stack size 16 bytes, lto-llvm-8de445.o(.text.queue_write))
<BR><BR>[Stack]<UL><LI>Max Depth = 16<LI>Call Chain = queue_write
</UL>
<BR>[Called By]<UL><LI><a href="#[f5]">&gt;&gt;</a>&nbsp;&nbsp;&nbsp;usart_sendData
<LI><a href="#[2f]">&gt;&gt;</a>&nbsp;&nbsp;&nbsp;USART1_IRQHandler
</UL>

<P><STRONG><a name="[f1]"></a>queue_read</STRONG> (Thumb, 38 bytes, Stack size 0 bytes, lto-llvm-8de445.o(.text.queue_read))
<BR><BR>[Called By]<UL><LI><a href="#[131]">&gt;&gt;</a>&nbsp;&nbsp;&nbsp;usart_receiveData
<LI><a href="#[f5]">&gt;&gt;</a>&nbsp;&nbsp;&nbsp;usart_sendData
<LI><a href="#[2f]">&gt;&gt;</a>&nbsp;&nbsp;&nbsp;USART1_IRQHandler
</UL>

<P><STRONG><a name="[4b]"></a>ms_to_scan_count</STRONG> (Thumb, 32 bytes, Stack size 0 bytes, lto-llvm-8de445.o(.text.ms_to_scan_count))
<BR>[Address Reference Count : 1]<UL><LI> lto-llvm-8de445.o(.text.key_set_timing_simple)
</UL>
<P><STRONG><a name="[84]"></a>set_mode</STRONG> (Thumb, 64 bytes, Stack size 16 bytes, lto-llvm-8de445.o(.text.set_mode))
<BR><BR>[Stack]<UL><LI>Max Depth = 36<LI>Call Chain = set_mode &rArr; gpio_init
</UL>
<BR>[Calls]<UL><LI><a href="#[4d]">&gt;&gt;</a>&nbsp;&nbsp;&nbsp;gpio_init
</UL>
<BR>[Called By]<UL><LI><a href="#[5f]">&gt;&gt;</a>&nbsp;&nbsp;&nbsp;LCD_RD_DATA
</UL>

<P><STRONG><a name="[81]"></a>LCD_Address_Set</STRONG> (Thumb, 148 bytes, Stack size 40 bytes, lto-llvm-8de445.o(.text.LCD_Address_Set))
<BR><BR>[Stack]<UL><LI>Max Depth = 40<LI>Call Chain = LCD_Address_Set
</UL>
<BR>[Calls]<UL><LI><a href="#[82]">&gt;&gt;</a>&nbsp;&nbsp;&nbsp;OUTLINED_FUNCTION_15
</UL>
<BR>[Called By]<UL><LI><a href="#[83]">&gt;&gt;</a>&nbsp;&nbsp;&nbsp;LCD_Clear
<LI><a href="#[86]">&gt;&gt;</a>&nbsp;&nbsp;&nbsp;OUTLINED_FUNCTION_62
<LI><a href="#[47]">&gt;&gt;</a>&nbsp;&nbsp;&nbsp;LCD_DrawLine
<LI><a href="#[44]">&gt;&gt;</a>&nbsp;&nbsp;&nbsp;LCD_Fill
</UL>

<P><STRONG><a name="[82]"></a>OUTLINED_FUNCTION_15</STRONG> (Thumb, 14 bytes, Stack size 0 bytes, lto-llvm-8de445.o(.text.OUTLINED_FUNCTION_15))
<BR><BR>[Called By]<UL><LI><a href="#[81]">&gt;&gt;</a>&nbsp;&nbsp;&nbsp;LCD_Address_Set
</UL>

<P><STRONG><a name="[85]"></a>LCD_ShowChar</STRONG> (Thumb, 248 bytes, Stack size 64 bytes, lto-llvm-8de445.o(.text.LCD_ShowChar))
<BR><BR>[Stack]<UL><LI>Max Depth = 104<LI>Call Chain = LCD_ShowChar &rArr; OUTLINED_FUNCTION_62 &rArr; LCD_Address_Set
</UL>
<BR>[Calls]<UL><LI><a href="#[60]">&gt;&gt;</a>&nbsp;&nbsp;&nbsp;LCD_WR_DATA
<LI><a href="#[86]">&gt;&gt;</a>&nbsp;&nbsp;&nbsp;OUTLINED_FUNCTION_62
</UL>
<BR>[Called By]<UL><LI><a href="#[48]">&gt;&gt;</a>&nbsp;&nbsp;&nbsp;LCD_ShowString
<LI><a href="#[88]">&gt;&gt;</a>&nbsp;&nbsp;&nbsp;OUTLINED_FUNCTION_109
</UL>

<P><STRONG><a name="[86]"></a>OUTLINED_FUNCTION_62</STRONG> (Thumb, 12 bytes, Stack size 0 bytes, lto-llvm-8de445.o(.text.OUTLINED_FUNCTION_62))
<BR><BR>[Stack]<UL><LI>Max Depth = 40<LI>Call Chain = OUTLINED_FUNCTION_62 &rArr; LCD_Address_Set
</UL>
<BR>[Calls]<UL><LI><a href="#[81]">&gt;&gt;</a>&nbsp;&nbsp;&nbsp;LCD_Address_Set
</UL>
<BR>[Called By]<UL><LI><a href="#[46]">&gt;&gt;</a>&nbsp;&nbsp;&nbsp;TranferPicturetoTFT_LCD
<LI><a href="#[85]">&gt;&gt;</a>&nbsp;&nbsp;&nbsp;LCD_ShowChar
</UL>

<P><STRONG><a name="[7e]"></a>OUTLINED_FUNCTION_96</STRONG> (Thumb, 10 bytes, Stack size 0 bytes, lto-llvm-8de445.o(.text.OUTLINED_FUNCTION_96))
<BR><BR>[Called By]<UL><LI><a href="#[7d]">&gt;&gt;</a>&nbsp;&nbsp;&nbsp;DrawProgressBar
</UL>

<P><STRONG><a name="[80]"></a>OUTLINED_FUNCTION_37</STRONG> (Thumb, 14 bytes, Stack size 0 bytes, lto-llvm-8de445.o(.text.OUTLINED_FUNCTION_37))
<BR><BR>[Called By]<UL><LI><a href="#[7f]">&gt;&gt;</a>&nbsp;&nbsp;&nbsp;EC11_Analyze
</UL>
<P>
<H3>
Undefined Global Symbols
</H3><HR></body></html>
