<html>
<body>
<pre>
<h1>µVision Build Log</h1>
<h2>Tool Versions:</h2>
IDE-Version: ¦ÌVision V5.42.0.0
Copyright (C) 2025 ARM Ltd and ARM Germany GmbH. All rights reserved.
License Information: 1 Administrator, 11, LIC=IK1BF-6KR8B-2ZTW4-FMYEQ-TB5KW-HTE2F
 
Tool Versions:
Toolchain:       MDK-ARM Plus  Version: 5.42.0.0
Toolchain Path:  D:\keil5.42\ARM\ARMCLANG\Bin
C Compiler:      ArmClang.exe V6.23
Assembler:       Armasm.exe V6.23
Linker/Locator:  ArmLink.exe V6.23
Library Manager: ArmAr.exe V6.23
Hex Converter:   FromElf.exe V6.23
CPU DLL:         SARMCM3.DLL V5.42.0.0
Dialog DLL:      DCM.DLL V1.17.5.0
Target DLL:      CMSIS_AGDI.dll V1.33.22.0
Dialog DLL:      TCM.DLL V1.56.6.0
 
<h2>Project:</h2>
D:\AT32_project\HA05\AT32F415RBT7\app\project\MDK_V5\AT32F415RBT7_WorkBench.uvprojx
Project File Date:  06/06/2026

<h2>Output:</h2>
*** Using Compiler 'V6.23', folder: 'D:\keil5.42\ARM\ARMCLANG\Bin'
Build target 'AT32F415RBT7_WorkBench'
compiling HA01_handle.c...
compiling at32f415_int.c...
compiling flash_handle.c...
compiling PC_comm_handle.c...
compiling main.c...
compiling key_handle.c...
compiling output_handle.c...
../app/ec11_handle.c(1010): warning: 4 enumeration values not handled in switch: 'SET_LONGKEY_MODE', 'SET_SHORTKEY_MODE', 'SET_KEY_TYPE_MODE'... [-Wswitch]
 1010 |     switch (ec11_handle_event)
      |             ^~~~~~~~~~~~~~~~~
1 warning generated.
compiling ec11_handle.c...
compiling lcd_handle.c...
compiling lcd.c...
linking...
Program Size: Code=34388 RO-data=76152 RW-data=264 ZI-data=11960  
FromELF: creating hex file...
After Build - User command #1: fromelf.exe --bin --output .\Listings\AT32F415RBT7_WorkBench.bin .\objects\AT32F415RBT7_WorkBench.axf
After Build - User command #2: D:\AT32_project\FWS2ProMax_TFT2.8-master\app\project\MDK_V5\keil5_disp_size_bar.exe
ram:
  RW_IRAM1 :0x20000000
   32.00 KB :|¡ö¡ö¡ö¡ö¡ö¡ö¡ö_____________|   37.30 % (   11.94 KB /    32.00 KB) [20544 B]
flash:
  ER_IROM1 :0x8002000
  128.00 KB :|¡ö¡ö¡ö¡ö¡ö¡ö¡ö¡ö¡ö¡ö¡ö¡ö¡ö¡ö¡ö¡ö____|   84.34 % (  107.95 KB /   128.00 KB) [20532 B]
".\objects\AT32F415RBT7_WorkBench.axf" - 0 Error(s), 1 Warning(s).

<h2>Software Packages used:</h2>

Package Vendor: ArteryTek
                
                ArteryTek::AT32F415_DFP@2.1.6
                ArteryTek AT32F415 Series Device Support,Drivers

<h2>Collection of Component include folders:</h2>
  D:/keil5.42/ArteryTek/AT32F415_DFP/2.1.6/Device/Include

<h2>Collection of Component Files used:</h2>
Build Time Elapsed:  00:00:01
</pre>
</body>
</html>
